(TaskRunner pid=3881298) step:1 - traj/steps_mean:np.float64(2.0) - traj/steps_min:np.int64(2) - traj/steps_max:np.int64(2) - traj/env_time_mean:np.float64(0.2642672061920166) - traj/env_time_min:np.float64(0.23337721824645996) - traj/env_time_max:np.float64(0.29332423210144043) - traj/llm_time_mean:np.float64(56.89663916826248) - traj/llm_time_min:np.float64(15.212377548217773) - traj/llm_time_max:np.float64(102.09298706054688) - traj/total_time_mean:np.float64(57.1609063744545) - traj/total_time_min:np.float64(15.480294227600098) - traj/total_time_max:np.float64(102.32636427879333) - traj/token_mismatch_mean:np.float64(0.5) - traj/token_mismatch_min:np.float64(0.0) - traj/token_mismatch_max:np.float64(1.0) - batch/solve_none:0 - batch/solve_all:1 - batch/solve_partial:1 - actor/entropy:0.12974350154399872 - global_seqlen/min:39700 - global_seqlen/max:39700 - global_seqlen/minmax_diff:0 - global_seqlen/balanced_min:39700 - global_seqlen/balanced_max:39700 - global_seqlen/mean:39700.0 - perf/mfu/actor:np.float64(77501.92478404059) - perf/max_memory_allocated_gb:np.float64(29.220693111419678) - perf/max_memory_reserved_gb:np.float64(31.865234375) - perf/cpu_memory_used_gb:np.float64(860.3995704650879) - actor/lr:np.float64(1e-06) - critic/score/mean:0.75 - critic/score/max:1.0 - critic/score/min:0.0 - critic/rewards/mean:0.75 - critic/rewards/max:1.0 - critic/rewards/min:0.0 - critic/advantages/mean:-0.6104922890663147 - critic/advantages/max:0.0 - critic/advantages/min:-0.7071057558059692 - critic/returns/mean:-0.6104922890663147 - critic/returns/max:0.0 - critic/returns/min:-0.7071057558059692 - response_length/mean:2170.75 - response_length/max:3886.0 - response_length/min:590.0 - response_length/clip_ratio:0.0 - response_length_non_aborted/mean:2170.75 - response_length_non_aborted/max:3886.0 - response_length_non_aborted/min:590.0 - response_length_non_aborted/clip_ratio:0.0 - response/aborted_ratio:0.0 - prompt_length/mean:310.5 - prompt_length/max:339.0 - prompt_length/min:282.0 - prompt_length/clip_ratio:0.0 - timing_s/collect_trajectory:102.35518709092867 - timing_s/transform_trajectory:0.08783110999502242 - timing_s/old_log_prob:11.587408826104365 - timing_s/adv:11.591611270909198 - timing_s/update_actor:8.876384321018122 - timing_s/update_weights:22.436315012048 - timing_s/step:149.5351336169988 - timing_per_token_ms/update_actor:0.22358650682665296 - timing_per_token_ms/adv:0.29198013276849366
(TaskRunner pid=3881298) Trajectory 2 completed due to: ENV_DONE. Reward is 1.0. 
(TaskRunner pid=3881298) 
(TaskRunner pid=3881298) Number of Trajectories 1/4 completed
(vLLMHttpServer pid=3935113) (Worker_TP0 pid=3936100) >>>> vllm-ascend NPUWorker [WAKEUP]!  [repeated 8x across cluster]
(vLLMHttpServer pid=3935113) (Worker_TP0 pid=3936100) >>>> [1776045557.722] pid=3936100 rank=0 vllm-ascend NPUWorker [WAKEUP tags=['kv_cache']] ENTER [repeated 8x across cluster]
(vLLMHttpServer pid=3935113) (Worker_TP0 pid=3936100) >>>> [1776045557.722] pid=3936100 rank=0 vllm-ascend NPUWorker [WAKEUP] EXIT [repeated 8x across cluster]
(TaskRunner pid=3881298) Trajectory 3 completed due to: ENV_DONE. Reward is 0.0. 
(TaskRunner pid=3881298) 
(TaskRunner pid=3881298) Number of Trajectories 2/4 completed
(TaskRunner pid=3881298) Trajectory 1 completed due to: ENV_DONE. Reward is 1.0. 
(TaskRunner pid=3881298) 
(TaskRunner pid=3881298) Number of Trajectories 3/4 completed
(TaskRunner pid=3881298) Trajectory 0 completed due to: ENV_DONE. Reward is 1.0. 
(TaskRunner pid=3881298) 
(TaskRunner pid=3881298) Number of Trajectories 4/4 completed
(TaskRunner pid=3881298) 
(TaskRunner pid=3881298) ============================================================
(TaskRunner pid=3881298) Sample 0
(TaskRunner pid=3881298) [masked unmasked reward > 0 reward <= 0]
(TaskRunner pid=3881298) <|im_start|>system\nYou are a math assistant that can write python to solve math problems.\n\n# Tools\n\nYou may call one or more functions to assist with the user query.\n\nYou are provided with function signatures within <tools></tools> XML tags:\n<tools>\n[\n  {\n    "type": "function",\n    "function": {\n      "name": "python",\n      "description": "Execute Python code in a sandboxed environment. Returns results and standard output/error.",\n      "parameters": {\n        "type": "object",\n        "properties": {\n          "code": {\n            "type": "string",\n            "description": "Execute Python code in a sandboxed environment. Returns results and standard output/error."\n          },\n          "timeout": {\n            "type": "integer",\n            "description": "Maximum execution time in seconds before timing out",\n            "default": 12\n          }\n        },\n        "required": [\n          "code"\n        ]\n      }\n    }\n  }\n]\n</tools>\n\nFor each function call, return a json object with function name and arguments within <tool_call></tool_call> XML tags:\n<tool_call>\n{"name": <function-name>, "arguments": <args-json-object>}\n</tool_call><|im_end|>\n<|im_start|>user\nIn the rectangular coordinate system $(xOy)$, point $P(1, 2)$ is on a line $l$ with a slant angle of $\alpha$. Establish a polar coordinate system with the coordinate origin $O$ as the pole and the positive semi-axis of the $x$-axis as the polar axis. The equation of curve $C$ is $\rho = 6 \sin \theta$.\n\n(1) Write the parametric equation of $l$ and the rectangular coordinate equation of $C$;\n\n(2) Suppose $l$ intersects $C$ at points $A$ and $B$. Find the minimum value of $\frac{1}{|PA|} + \frac{1}{|PB|}$.<|im_end|>\n<|im_start|>assistant\n
(TaskRunner pid=3881298) ----------------
(TaskRunner pid=3881298) I'll solve this step-by-step.\n\nFirst, let me understand what we're given:\n- Point P(1, 2) is on line l with slant angle α\n- Curve C has polar equation �� = 6sin ��\n- We need to find parametric equation of line l and rectangular equation of C\n- Then find the minimum value of 1/|PA| + 1/|PB| where A and B are intersection points\n\nLet me start with part (1).\n\n## Part (1): Finding parametric equation of l and rectangular equation of C\n\n### Finding rectangular equation of C:\nGiven: �� = 6sin ��\n\nUsing the relationships:\n- x = �� cos ��\n- y = �� sin ��\n- ��² = x² + y²\n\nFrom �� = 6sin ��, we get ��² = 6ρ sin ��\nSubstituting: x² + y² = 6y\nRearranging: x² + y² - 6y = 0\n\nCompleting the square: x² + (y² - 6y) = 0\nx² + (y² - 6y + 9 - 9) = 0\nx² + (y - 3)² - 9 = 0\nx² + (y - 3)² = 9\n\nSo the rectangular equation of C is: x² + (y - 3)² = 9 (circle with center (0, 3) and radius 3)\n\n### Finding parametric equation of l:\nLine l passes through P(1, 2) with slant angle α.\nThe parametric equation of a line through point (x₀, y₀) with direction angle α is:\nx = x₀ + t cos α\ny = y₀ + t sin α\n\nSince P(1, 2), the parametric equations are:\nx = 1 + t cos α\ny = 2 + t sin α\n\n## Part (2): Finding minimum value of 1/|PA| + 1/|PB|\n\nLet's find the intersection points of line l and curve C.\n\nSubstitute the parametric equations into the rectangular equation of C:\n(1 + t cos α)² + (2 + t sin α - 3)² = 9\n(1 + t cos α)² + (t sin α - 1)² = 9\n\nExpanding:\n1 + 2t cos α + t² cos² α + t² sin² α - 2t sin α + 1 = 9\n1 + 2t cos α + t²(cos² α + sin² α) - 2t sin α + 1 = 9\n1 + 2t cos α + t² - 2t sin α + 1 = 9\nt² + 2t(cos α - sin α) + 2 = 9\nt² + 2t(cos α - sin α) - 7 = 0\n\nThis is a quadratic equation in t. Let t₁ and t₂ be the roots.\n\nBy Vieta's formulas:\n- t₁ + t₂ = -2(cos α - sin α) = 2(sin α - cos α)\n- t₁t₂ = -7\n\nSince A and B correspond to parameters t₁ and t₂, we have:\n|PA| = |t₁| and |PB| = |t₂|\n\nSince t₁t₂ = -7 < 0, one root is positive and one is negative.\nWithout loss of generality, assume t₁ > 0 and t₂ < 0.\nTherefore: |PA| = t₁ and |PB| = -t₂\n\nWe want to minimize: 1/|PA| + 1/|PB| = 1/t₁ + 1/(-t₂) = 1/t₁ - 1/t₂ = (t₂ - t₁)/(t₁t₂)\n\nSince t₁t₂ = -7:\n1/|PA| + 1/|PB| = (t₂ - t₁)/(-7) = (t₁ - t₂)/7\n\nWe also know that t₁ + t₂ = 2(sin α - cos α) and t₁t₂ = -7.\n\nFrom the quadratic formula:\nt₁ - t₂ = ��[(t₁ + t₂)² - 4t₁t₂] = ��[4(sin α - cos α)² + 28] = 2√[(sin α - cos α)² + 7]\n\nTherefore:\n1/|PA| + 1/|PB| = (t₁ - t₂)/7 = 2√[(sin α - cos α)² + 7]/7\n\nTo minimize this expression, we need to minimize (sin α - cos α)².\n\nSince (sin α - cos α)² = sin² α - 2sin α cos α + cos² α = 1 - sin(2α)\n\nThe minimum value of (sin α - cos α)² occurs when sin(2α) = 1, which gives us (sin α - cos α)² = 0.\n\nBut we need to check if this case is valid.\n\nIf sin(2α) = 1, then 2α = π/2, so α = π/4.\nWhen α = π/4: sin α = cos α = ��2/2, so sin α - cos α = 0.\n\nIn this case, the line is y - 2 = tan(π/4)(x - 1) = x - 1, so y = x + 1.\n\nLet's verify this intersection is valid by checking if the line intersects the circle.\n\nSubstituting y = x + 1 into x² + (y - 3)² = 9:\nx² + (x + 1 - 3)² = 9\nx² + (x - 2)² = 9\nx² + x² - 4x + 4 = 9\n2x² - 4x - 5 = 0\n\nThe discriminant is 16 + 40 = 56 > 0, so intersection points exist.\n\nAt minimum: (sin α - cos α)² = 0\n\nSo minimum value is: 2√[0 + 7]/7 = 2√7/7\n\nLet me double-check this with Python calculation:\n\n<tool_call>\n{"name": "python", "arguments": {"code": "import math\n\n# Calculate the minimum value\nmin_value = 2 * math.sqrt(7) / 7\nprint(f'Minimum value: {min_value:.6f}')\nprint(f'Minimum value in simplified form: 2√7/7')"}}\n</tool_call><|im_end|>\n<|im_start|>user\n<tool_response>\nMinimum value: 0.755929\nMinimum value in simplified form: 2√7/7\n\n</tool_response><|im_end|>\n<|im_start|>assistant\nLet me double-check my reasoning by verifying the minimum calculation.\n\nI found that:\n1/|PA| + 1/|PB| = (t₁ - t₂)/7 = 2√[(sin α - cos α)² + 7]/7\n\nTo minimize this, I need to minimize (sin α - cos α)².\n\nSince (sin α - cos α)² = sin²α - 2sin α cos α + cos²α = 1 - sin(2α)\n\nThe minimum value of 1 - sin(2α) occurs when sin(2α) = 1, giving us 1 - 1 = 0.\n\nThis happens when 2α = π/2, so α = π/4.\n\nAt α = π/4:\n- sin α = cos α = ��2/2\n- sin α - cos α = 0\n\nTherefore the minimum value is:\n2√[0 + 7]/7 = 2√7/7\n\nLet me verify this makes sense with a different approach.\n\nThe expression 1/|PA| + 1/|PB| can also be written as:\n(1/|PA| + 1/|PB|) = (|PB| + |PA|)/(|PA||PB|)\n\nActually, let me reconsider the problem setup more carefully.\n\nSince t₁ > 0 and t₂ < 0:\n|PA| = |t₁| = t₁\n|PB| = |t₂| = -t₂\n\nSo:\n1/|PA| + 1/|PB| = 1/t₁ + 1/(-t₂) = 1/t₁ - 1/t₂ = (t₂ - t₁)/(t₁t₂)\n\nSince t₁t₂ = -7:\n1/|PA| + 1/|PB| = (t₂ - t₁)/(-7) = (t₁ - t₂)/7\n\nSince t₁ - t₂ = ��[(t₁ + t₂)² - 4t₁t₂] = ��[4(sin α - cos α)² + 28] = 2√[(sin α - cos α)² + 7]\n\nThe minimum value occurs when (sin α - cos α)² = 0, which gives:\nMinimum value = 2√7/7\n\nTherefore, the minimum value of 1/|PA| + 1/|PB| is $\boxed{\frac{2\sqrt{7}}{7}}$.\n\n## Final Answer\n\n(1) \n- Parametric equation of line l: $\begin{cases} x = 1 + t\cos\alpha \\ y = 2 + t\sin\alpha \end{cases}$\n- Rectangular equation of curve C: $x^2 + (y-3)^2 = 9$\n\n(2) The minimum value of $\frac{1}{|PA|} + \frac{1}{|PB|}$ is $\boxed{\frac{2\sqrt{7}}{7}}$<|im_end|>
(vLLMHttpServer pid=3935112) (Worker_TP3 pid=3936058) >>>> vllm-ascend NPUWorker [SLEEP]! 
(vLLMHttpServer pid=3935112) (Worker_TP3 pid=3936058) >>>> [1776045599.576] pid=3936058 rank=3 vllm-ascend NPUWorker [SLEEP level=2] ENTER
(vLLMHttpServer pid=3935112) (Worker_TP1 pid=3936056) >>>> vllm-ascend NPUWorker [SLEEP]! 
(vLLMHttpServer pid=3935112) (Worker_TP1 pid=3936056) >>>> [1776045599.576] pid=3936056 rank=1 vllm-ascend NPUWorker [SLEEP level=2] ENTER
(vLLMHttpServer pid=3935112) (Worker_TP7 pid=3936062) >>>> vllm-ascend NPUWorker [SLEEP]! 
(vLLMHttpServer pid=3935112) (Worker_TP7 pid=3936062) >>>> [1776045599.577] pid=3936062 rank=7 vllm-ascend NPUWorker [SLEEP level=2] ENTER
(vLLMHttpServer pid=3935112) (Worker_TP2 pid=3936057) >>>> vllm-ascend NPUWorker [SLEEP]! 
(vLLMHttpServer pid=3935112) (Worker_TP2 pid=3936057) >>>> [1776045599.579] pid=3936057 rank=2 vllm-ascend NPUWorker [SLEEP level=2] ENTER
(vLLMHttpServer pid=3935112) (Worker_TP4 pid=3936059) >>>> vllm-ascend NPUWorker [SLEEP]! 
(vLLMHttpServer pid=3935112) (Worker_TP4 pid=3936059) >>>> [1776045599.579] pid=3936059 rank=4 vllm-ascend NPUWorker [SLEEP level=2] ENTER
(vLLMHttpServer pid=3935112) (Worker_TP6 pid=3936061) >>>> vllm-ascend NPUWorker [SLEEP]! 
(vLLMHttpServer pid=3935112) (Worker_TP6 pid=3936061) >>>> [1776045599.580] pid=3936061 rank=6 vllm-ascend NPUWorker [SLEEP level=2] ENTER
(vLLMHttpServer pid=3935112) (Worker_TP5 pid=3936060) >>>> vllm-ascend NPUWorker [SLEEP]! 
(vLLMHttpServer pid=3935112) (Worker_TP5 pid=3936060) >>>> [1776045599.580] pid=3936060 rank=5 vllm-ascend NPUWorker [SLEEP level=2] ENTER
(vLLMHttpServer pid=3935112) (Worker_TP4 pid=3936059) Sleep mode freed %.2f GiB memory, %.2f GiB memory is still in use. 39.762577056884766 4.468559265136719
(vLLMHttpServer pid=3935112) (Worker_TP4 pid=3936059) >>>> [1776045599.579] pid=3936059 rank=4 vllm-ascend NPUWorker [SLEEP] EXIT, freed=39.76GiB
(vLLMHttpServer pid=3935112) (Worker_TP3 pid=3936058) Sleep mode freed %.2f GiB memory, %.2f GiB memory is still in use. 39.762020111083984 4.4734344482421875
(vLLMHttpServer pid=3935112) (Worker_TP3 pid=3936058) >>>> [1776045599.576] pid=3936058 rank=3 vllm-ascend NPUWorker [SLEEP] EXIT, freed=39.76GiB
(WorkerDict pid=3882660) [DEBUG MEM] actor-A0 enter | gstep=2 rollout=0 rank=5 dev_used=12.04GB dev_free=53.41GB | proc_alloc=0.05GB proc_reserved=7.34GB
(vLLMHttpServer pid=3935113) (Worker_TP6 pid=3936110) >>>> vllm-ascend NPUWorker [SLEEP]!  [repeated 9x across cluster]
(vLLMHttpServer pid=3935113) (Worker_TP6 pid=3936110) >>>> [1776045599.581] pid=3936110 rank=6 vllm-ascend NPUWorker [SLEEP level=2] ENTER [repeated 9x across cluster]
(vLLMHttpServer pid=3935113) (Worker_TP0 pid=3936100) Sleep mode freed %.2f GiB memory, %.2f GiB memory is still in use. 39.9493522644043 4.9633941650390625 [repeated 14x across cluster]
(vLLMHttpServer pid=3935113) (Worker_TP0 pid=3936100) >>>> [1776045599.577] pid=3936100 rank=0 vllm-ascend NPUWorker [SLEEP] EXIT, freed=39.95GiB [repeated 14x across cluster]
(WorkerDict pid=3882669) [DEBUG MEM] actor-A0 enter | gstep=2 rollout=0 rank=14 dev_used=12.09GB dev_free=53.35GB | proc_alloc=0.05GB proc_reserved=7.34GB
(WorkerDict pid=3882664) [DEBUG MEM] actor-A0 enter | gstep=2 rollout=0 rank=8 dev_used=12.58GB dev_free=52.86GB | proc_alloc=0.05GB proc_reserved=7.34GB
(WorkerDict pid=3882666) [DEBUG MEM] actor-A0 enter | gstep=2 rollout=0 rank=10 dev_used=12.11GB dev_free=53.33GB | proc_alloc=0.05GB proc_reserved=7.34GB
(WorkerDict pid=3882662) [DEBUG MEM] actor-A0 enter | gstep=2 rollout=0 rank=7 dev_used=12.04GB dev_free=53.41GB | proc_alloc=0.05GB proc_reserved=7.34GB
(WorkerDict pid=3882668) [DEBUG MEM] actor-A0 enter | gstep=2 rollout=0 rank=12 dev_used=12.09GB dev_free=53.36GB | proc_alloc=0.05GB proc_reserved=7.34GB
(WorkerDict pid=3882659) [DEBUG MEM] actor-A0 enter | gstep=2 rollout=0 rank=4 dev_used=12.04GB dev_free=53.40GB | proc_alloc=0.05GB proc_reserved=7.34GB
(WorkerDict pid=3882658) [DEBUG MEM] actor-A0 enter | gstep=2 rollout=0 rank=3 dev_used=12.09GB dev_free=53.36GB | proc_alloc=0.05GB proc_reserved=7.34GB
(WorkerDict pid=3882663) [DEBUG MEM] actor-A0 enter | gstep=2 rollout=0 rank=11 dev_used=12.09GB dev_free=53.35GB | proc_alloc=0.05GB proc_reserved=7.34GB
(WorkerDict pid=3882665) [DEBUG MEM] actor-A0 enter | gstep=2 rollout=0 rank=9 dev_used=12.13GB dev_free=53.32GB | proc_alloc=0.05GB proc_reserved=7.34GB
(WorkerDict pid=3882656) [DEBUG MEM] actor-A0 enter | gstep=2 rollout=0 rank=1 dev_used=12.12GB dev_free=53.32GB | proc_alloc=0.05GB proc_reserved=7.34GB
(WorkerDict pid=3882661) [DEBUG MEM] actor-A0 enter | gstep=2 rollout=0 rank=6 dev_used=12.08GB dev_free=53.37GB | proc_alloc=0.05GB proc_reserved=7.34GB
(WorkerDict pid=3882655) [DEBUG MEM] actor-A0 enter | gstep=2 rollout=0 rank=0 dev_used=5.33GB dev_free=60.11GB | proc_alloc=0.05GB proc_reserved=0.09GB
(WorkerDict pid=3882670) [DEBUG MEM] actor-A0 enter | gstep=2 rollout=0 rank=15 dev_used=12.15GB dev_free=53.30GB | proc_alloc=0.05GB proc_reserved=7.34GB
(WorkerDict pid=3882657) [DEBUG MEM] actor-A0 enter | gstep=2 rollout=0 rank=2 dev_used=12.09GB dev_free=53.35GB | proc_alloc=0.05GB proc_reserved=7.34GB
(WorkerDict pid=3882667) [DEBUG MEM] actor-A0 enter | gstep=2 rollout=0 rank=13 dev_used=12.09GB dev_free=53.35GB | proc_alloc=0.05GB proc_reserved=7.34GB
(WorkerDict pid=3882660) [DEBUG MEM] actor-A  after_load_param(+grad) | gstep=2 rollout=0 rank=5 dev_used=33.79GB dev_free=31.66GB | proc_alloc=24.16GB proc_reserved=29.09GB
(WorkerDict pid=3882660) [DEBUG MEM] actor-B2 after_update_policy | gstep=2 rollout=0 rank=5 dev_used=33.79GB dev_free=31.66GB | proc_alloc=24.16GB proc_reserved=29.09GB
(WorkerDict pid=3882669) [DEBUG MEM] actor-A  after_load_param(+grad) | gstep=2 rollout=0 rank=14 dev_used=33.84GB dev_free=31.61GB | proc_alloc=24.16GB proc_reserved=29.09GB
(WorkerDict pid=3882669) [DEBUG MEM] actor-B2 after_update_policy | gstep=2 rollout=0 rank=14 dev_used=33.84GB dev_free=31.61GB | proc_alloc=24.16GB proc_reserved=29.09GB
(WorkerDict pid=3882664) [DEBUG MEM] actor-A  after_load_param(+grad) | gstep=2 rollout=0 rank=8 dev_used=34.33GB dev_free=31.11GB | proc_alloc=24.16GB proc_reserved=29.09GB
(WorkerDict pid=3882664) [DEBUG MEM] actor-B2 after_update_policy | gstep=2 rollout=0 rank=8 dev_used=34.33GB dev_free=31.11GB | proc_alloc=24.16GB proc_reserved=29.09GB
(WorkerDict pid=3882666) [DEBUG MEM] actor-A  after_load_param(+grad) | gstep=2 rollout=0 rank=10 dev_used=33.86GB dev_free=31.58GB | proc_alloc=24.16GB proc_reserved=29.09GB
(WorkerDict pid=3882666) [DEBUG MEM] actor-B2 after_update_policy | gstep=2 rollout=0 rank=10 dev_used=33.86GB dev_free=31.58GB | proc_alloc=24.16GB proc_reserved=29.09GB
(WorkerDict pid=3882668) [DEBUG MEM] actor-A  after_load_param(+grad) | gstep=2 rollout=0 rank=12 dev_used=33.84GB dev_free=31.61GB | proc_alloc=24.16GB proc_reserved=29.09GB
(WorkerDict pid=3882668) [DEBUG MEM] actor-B2 after_update_policy | gstep=2 rollout=0 rank=12 dev_used=33.84GB dev_free=31.61GB | proc_alloc=24.16GB proc_reserved=29.09GB
(WorkerDict pid=3882659) [DEBUG MEM] actor-A  after_load_param(+grad) | gstep=2 rollout=0 rank=4 dev_used=33.79GB dev_free=31.66GB | proc_alloc=24.16GB proc_reserved=29.09GB
(WorkerDict pid=3882659) [DEBUG MEM] actor-B2 after_update_policy | gstep=2 rollout=0 rank=4 dev_used=33.79GB dev_free=31.66GB | proc_alloc=24.16GB proc_reserved=29.09GB
(WorkerDict pid=3882662) [DEBUG MEM] actor-A  after_load_param(+grad) | gstep=2 rollout=0 rank=7 dev_used=33.78GB dev_free=31.66GB | proc_alloc=24.16GB proc_reserved=29.09GB
(WorkerDict pid=3882662) [DEBUG MEM] actor-B2 after_update_policy | gstep=2 rollout=0 rank=7 dev_used=33.78GB dev_free=31.66GB | proc_alloc=24.16GB proc_reserved=29.09GB
(WorkerDict pid=3882658) [DEBUG MEM] actor-A  after_load_param(+grad) | gstep=2 rollout=0 rank=3 dev_used=33.83GB dev_free=31.61GB | proc_alloc=24.16GB proc_reserved=29.09GB
(WorkerDict pid=3882658) [DEBUG MEM] actor-B2 after_update_policy | gstep=2 rollout=0 rank=3 dev_used=33.83GB dev_free=31.61GB | proc_alloc=24.16GB proc_reserved=29.09GB
(WorkerDict pid=3882663) [DEBUG MEM] actor-A  after_load_param(+grad) | gstep=2 rollout=0 rank=11 dev_used=33.84GB dev_free=31.61GB | proc_alloc=24.16GB proc_reserved=29.09GB
(WorkerDict pid=3882663) [DEBUG MEM] actor-B2 after_update_policy | gstep=2 rollout=0 rank=11 dev_used=33.84GB dev_free=31.61GB | proc_alloc=24.16GB proc_reserved=29.09GB
(WorkerDict pid=3882656) [DEBUG MEM] actor-A  after_load_param(+grad) | gstep=2 rollout=0 rank=1 dev_used=33.87GB dev_free=31.57GB | proc_alloc=24.16GB proc_reserved=29.09GB
(WorkerDict pid=3882656) [DEBUG MEM] actor-B2 after_update_policy | gstep=2 rollout=0 rank=1 dev_used=33.87GB dev_free=31.57GB | proc_alloc=24.16GB proc_reserved=29.09GB
(WorkerDict pid=3882661) [DEBUG MEM] actor-A  after_load_param(+grad) | gstep=2 rollout=0 rank=6 dev_used=33.82GB dev_free=31.62GB | proc_alloc=24.16GB proc_reserved=29.09GB
(WorkerDict pid=3882661) [DEBUG MEM] actor-B2 after_update_policy | gstep=2 rollout=0 rank=6 dev_used=33.82GB dev_free=31.62GB | proc_alloc=24.16GB proc_reserved=29.09GB
(WorkerDict pid=3882670) [DEBUG MEM] actor-A  after_load_param(+grad) | gstep=2 rollout=0 rank=15 dev_used=33.89GB dev_free=31.55GB | proc_alloc=24.16GB proc_reserved=29.09GB
(WorkerDict pid=3882670) [DEBUG MEM] actor-B2 after_update_policy | gstep=2 rollout=0 rank=15 dev_used=33.89GB dev_free=31.55GB | proc_alloc=24.16GB proc_reserved=29.09GB
(WorkerDict pid=3882657) [DEBUG MEM] actor-A  after_load_param(+grad) | gstep=2 rollout=0 rank=2 dev_used=33.84GB dev_free=31.60GB | proc_alloc=24.16GB proc_reserved=29.09GB
(WorkerDict pid=3882657) [DEBUG MEM] actor-B2 after_update_policy | gstep=2 rollout=0 rank=2 dev_used=33.84GB dev_free=31.60GB | proc_alloc=24.16GB proc_reserved=29.09GB
(WorkerDict pid=3882667) [DEBUG MEM] actor-A  after_load_param(+grad) | gstep=2 rollout=0 rank=13 dev_used=33.84GB dev_free=31.60GB | proc_alloc=24.16GB proc_reserved=29.09GB
(WorkerDict pid=3882667) [DEBUG MEM] actor-B2 after_update_policy | gstep=2 rollout=0 rank=13 dev_used=33.84GB dev_free=31.60GB | proc_alloc=24.16GB proc_reserved=29.09GB
(WorkerDict pid=3882665) [DEBUG MEM] actor-A  after_load_param(+grad) | gstep=2 rollout=0 rank=9 dev_used=33.87GB dev_free=31.57GB | proc_alloc=24.16GB proc_reserved=29.09GB
(WorkerDict pid=3882665) [DEBUG MEM] actor-B2 after_update_policy | gstep=2 rollout=0 rank=9 dev_used=33.87GB dev_free=31.57GB | proc_alloc=24.16GB proc_reserved=29.09GB
(WorkerDict pid=3882655) [DEBUG MEM] actor-A  after_load_param(+grad) | gstep=2 rollout=0 rank=0 dev_used=29.45GB dev_free=35.99GB | proc_alloc=24.16GB proc_reserved=24.21GB
(WorkerDict pid=3882655) [DEBUG MEM] actor-B2 after_update_policy | gstep=2 rollout=0 rank=0 dev_used=29.45GB dev_free=35.99GB | proc_alloc=24.16GB proc_reserved=24.21GB
(WorkerDict pid=3882668) [DEBUG MEM] actor-C  after_offload_param | gstep=2 rollout=0 rank=12 dev_used=12.09GB dev_free=53.36GB | proc_alloc=0.05GB proc_reserved=7.34GB
(WorkerDict pid=3882660) [DEBUG MEM] actor-C  after_offload_param | gstep=2 rollout=0 rank=5 dev_used=12.04GB dev_free=53.40GB | proc_alloc=0.05GB proc_reserved=7.34GB
(WorkerDict pid=3882669) [DEBUG MEM] actor-C  after_offload_param | gstep=2 rollout=0 rank=14 dev_used=12.09GB dev_free=53.35GB | proc_alloc=0.05GB proc_reserved=7.34GB
(WorkerDict pid=3882666) [DEBUG MEM] actor-C  after_offload_param | gstep=2 rollout=0 rank=10 dev_used=12.11GB dev_free=53.33GB | proc_alloc=0.05GB proc_reserved=7.34GB
(WorkerDict pid=3882664) [DEBUG MEM] actor-C  after_offload_param | gstep=2 rollout=0 rank=8 dev_used=12.58GB dev_free=52.86GB | proc_alloc=0.05GB proc_reserved=7.34GB
(WorkerDict pid=3882659) [DEBUG MEM] actor-C  after_offload_param | gstep=2 rollout=0 rank=4 dev_used=12.04GB dev_free=53.40GB | proc_alloc=0.05GB proc_reserved=7.34GB
(WorkerDict pid=3882661) [DEBUG MEM] actor-C  after_offload_param | gstep=2 rollout=0 rank=6 dev_used=12.08GB dev_free=53.37GB | proc_alloc=0.05GB proc_reserved=7.34GB
(WorkerDict pid=3882668) [DEBUG MEM] actor-E  after_empty_cache | gstep=2 rollout=0 rank=12 dev_used=12.09GB dev_free=53.36GB | proc_alloc=0.05GB proc_reserved=7.34GB
(WorkerDict pid=3882669) [DEBUG MEM] actor-E  after_empty_cache | gstep=2 rollout=0 rank=14 dev_used=12.09GB dev_free=53.35GB | proc_alloc=0.05GB proc_reserved=7.34GB
(WorkerDict pid=3882666) [DEBUG MEM] actor-E  after_empty_cache | gstep=2 rollout=0 rank=10 dev_used=12.11GB dev_free=53.33GB | proc_alloc=0.05GB proc_reserved=7.34GB
(WorkerDict pid=3882658) [DEBUG MEM] actor-C  after_offload_param | gstep=2 rollout=0 rank=3 dev_used=12.09GB dev_free=53.36GB | proc_alloc=0.05GB proc_reserved=7.34GB
(WorkerDict pid=3882663) [DEBUG MEM] actor-C  after_offload_param | gstep=2 rollout=0 rank=11 dev_used=12.09GB dev_free=53.36GB | proc_alloc=0.05GB proc_reserved=7.34GB
(WorkerDict pid=3882657) [DEBUG MEM] actor-C  after_offload_param | gstep=2 rollout=0 rank=2 dev_used=12.09GB dev_free=53.35GB | proc_alloc=0.05GB proc_reserved=7.34GB
(WorkerDict pid=3882667) [DEBUG MEM] actor-C  after_offload_param | gstep=2 rollout=0 rank=13 dev_used=12.09GB dev_free=53.35GB | proc_alloc=0.05GB proc_reserved=7.34GB
(WorkerDict pid=3882660) [DEBUG MEM] actor-E  after_empty_cache | gstep=2 rollout=0 rank=5 dev_used=12.04GB dev_free=53.41GB | proc_alloc=0.05GB proc_reserved=7.34GB
(WorkerDict pid=3882664) [DEBUG MEM] actor-E  after_empty_cache | gstep=2 rollout=0 rank=8 dev_used=12.58GB dev_free=52.86GB | proc_alloc=0.05GB proc_reserved=7.34GB
(WorkerDict pid=3882662) [DEBUG MEM] actor-C  after_offload_param | gstep=2 rollout=0 rank=7 dev_used=12.04GB dev_free=53.41GB | proc_alloc=0.05GB proc_reserved=7.34GB
(WorkerDict pid=3882656) [DEBUG MEM] actor-C  after_offload_param | gstep=2 rollout=0 rank=1 dev_used=12.12GB dev_free=53.32GB | proc_alloc=0.05GB proc_reserved=7.34GB
(WorkerDict pid=3882670) [DEBUG MEM] actor-C  after_offload_param | gstep=2 rollout=0 rank=15 dev_used=12.15GB dev_free=53.30GB | proc_alloc=0.05GB proc_reserved=7.34GB
(WorkerDict pid=3882659) [DEBUG MEM] actor-E  after_empty_cache | gstep=2 rollout=0 rank=4 dev_used=12.04GB dev_free=53.40GB | proc_alloc=0.05GB proc_reserved=7.34GB
(WorkerDict pid=3882661) [DEBUG MEM] actor-E  after_empty_cache | gstep=2 rollout=0 rank=6 dev_used=12.08GB dev_free=53.37GB | proc_alloc=0.05GB proc_reserved=7.34GB
(WorkerDict pid=3882658) [DEBUG MEM] actor-E  after_empty_cache | gstep=2 rollout=0 rank=3 dev_used=12.09GB dev_free=53.36GB | proc_alloc=0.05GB proc_reserved=7.34GB
(WorkerDict pid=3882665) [DEBUG MEM] actor-C  after_offload_param | gstep=2 rollout=0 rank=9 dev_used=12.13GB dev_free=53.32GB | proc_alloc=0.05GB proc_reserved=7.34GB
(WorkerDict pid=3882663) [DEBUG MEM] actor-E  after_empty_cache | gstep=2 rollout=0 rank=11 dev_used=12.09GB dev_free=53.36GB | proc_alloc=0.05GB proc_reserved=7.34GB
(WorkerDict pid=3882656) [DEBUG MEM] actor-E  after_empty_cache | gstep=2 rollout=0 rank=1 dev_used=12.12GB dev_free=53.32GB | proc_alloc=0.05GB proc_reserved=7.34GB
(WorkerDict pid=3882655) [DEBUG MEM] actor-C  after_offload_param | gstep=2 rollout=0 rank=0 dev_used=5.33GB dev_free=60.11GB | proc_alloc=0.05GB proc_reserved=0.09GB
(WorkerDict pid=3882670) [DEBUG MEM] actor-E  after_empty_cache | gstep=2 rollout=0 rank=15 dev_used=12.15GB dev_free=53.30GB | proc_alloc=0.05GB proc_reserved=7.34GB
(WorkerDict pid=3882657) [DEBUG MEM] actor-E  after_empty_cache | gstep=2 rollout=0 rank=2 dev_used=12.09GB dev_free=53.35GB | proc_alloc=0.05GB proc_reserved=7.34GB
(WorkerDict pid=3882667) [DEBUG MEM] actor-E  after_empty_cache | gstep=2 rollout=0 rank=13 dev_used=12.09GB dev_free=53.35GB | proc_alloc=0.05GB proc_reserved=7.34GB
(WorkerDict pid=3882662) [DEBUG MEM] actor-E  after_empty_cache | gstep=2 rollout=0 rank=7 dev_used=12.04GB dev_free=53.41GB | proc_alloc=0.05GB proc_reserved=7.34GB
(WorkerDict pid=3882665) [DEBUG MEM] actor-E  after_empty_cache | gstep=2 rollout=0 rank=9 dev_used=12.13GB dev_free=53.32GB | proc_alloc=0.05GB proc_reserved=7.34GB
(WorkerDict pid=3882655) [LEAK SCAN] found 102 NPU tensors > 0.1MB after offload:
(WorkerDict pid=3882655)   [LEAK?] shape=torch.Size([5128192]) dtype=torch.bfloat16 size=10.3MB
(WorkerDict pid=3882655)   [LEAK?] shape=torch.Size([2048, 2048]) dtype=torch.bool size=4.2MB
(WorkerDict pid=3882655)   [LEAK?] shape=torch.Size([4256, 128]) dtype=torch.float32 size=2.2MB
(WorkerDict pid=3882655)   [LEAK?] shape=torch.Size([4256, 1, 1, 128]) dtype=torch.float32 size=2.2MB
(WorkerDict pid=3882655)   [LEAK?] shape=torch.Size([2592, 128]) dtype=torch.float32 size=1.3MB
(WorkerDict pid=3882655)   [LEAK?] shape=torch.Size([2592, 1, 1, 128]) dtype=torch.float32 size=1.3MB
(WorkerDict pid=3882655)   [LEAK?] shape=torch.Size([3424]) dtype=torch.int64 size=0.4MB
(WorkerDict pid=3882655)   [LEAK?] shape=torch.Size([3424]) dtype=torch.int64 size=0.4MB
(WorkerDict pid=3882655)   [LEAK?] shape=torch.Size([3424]) dtype=torch.int64 size=0.4MB
(WorkerDict pid=3882655)   [LEAK?] shape=torch.Size([3424]) dtype=torch.int64 size=0.4MB
(WorkerDict pid=3882655)   [LEAK?] shape=torch.Size([3424]) dtype=torch.int64 size=0.4MB
(WorkerDict pid=3882655)   [LEAK?] shape=torch.Size([3424]) dtype=torch.int64 size=0.4MB
(WorkerDict pid=3882655)   [LEAK?] shape=torch.Size([3424]) dtype=torch.int64 size=0.4MB
(WorkerDict pid=3882655)   [LEAK?] shape=torch.Size([3424]) dtype=torch.int64 size=0.4MB
(WorkerDict pid=3882655)   [LEAK?] shape=torch.Size([3424]) dtype=torch.int64 size=0.4MB
(WorkerDict pid=3882655)   [LEAK?] shape=torch.Size([3424]) dtype=torch.int64 size=0.4MB
(WorkerDict pid=3882655)   [LEAK?] shape=torch.Size([3424]) dtype=torch.int64 size=0.4MB
(WorkerDict pid=3882655)   [LEAK?] shape=torch.Size([3424]) dtype=torch.int64 size=0.4MB
(WorkerDict pid=3882655)   [LEAK?] shape=torch.Size([3424]) dtype=torch.int64 size=0.4MB
(WorkerDict pid=3882655)   [LEAK?] shape=torch.Size([3424]) dtype=torch.int64 size=0.4MB
(WorkerDict pid=3882655)   [LEAK?] shape=torch.Size([3424]) dtype=torch.int64 size=0.4MB
(WorkerDict pid=3882655)   [LEAK?] shape=torch.Size([3424]) dtype=torch.int64 size=0.4MB
(WorkerDict pid=3882655)   [LEAK?] shape=torch.Size([3424]) dtype=torch.int64 size=0.4MB
(WorkerDict pid=3882655)   [LEAK?] shape=torch.Size([3424]) dtype=torch.int64 size=0.4MB
(WorkerDict pid=3882655)   [LEAK?] shape=torch.Size([3424]) dtype=torch.int64 size=0.4MB
(WorkerDict pid=3882655)   [LEAK?] shape=torch.Size([3424]) dtype=torch.int64 size=0.4MB
(WorkerDict pid=3882655)   [LEAK?] shape=torch.Size([3424]) dtype=torch.int64 size=0.4MB
(WorkerDict pid=3882655)   [LEAK?] shape=torch.Size([3424]) dtype=torch.int64 size=0.4MB
(WorkerDict pid=3882655)   [LEAK?] shape=torch.Size([3424]) dtype=torch.int64 size=0.4MB
(WorkerDict pid=3882655)   [LEAK?] shape=torch.Size([3424]) dtype=torch.int64 size=0.4MB
(WorkerDict pid=3882660) [DEBUG MEM] rollout-A  enter | gstep=2 rollout=1 rank=5 dev_used=12.04GB dev_free=53.41GB | proc_alloc=0.05GB proc_reserved=7.34GB
(WorkerDict pid=3882669) [DEBUG MEM] rollout-A  enter | gstep=2 rollout=1 rank=14 dev_used=12.09GB dev_free=53.35GB | proc_alloc=0.05GB proc_reserved=7.34GB
(WorkerDict pid=3882664) [DEBUG MEM] rollout-A  enter | gstep=2 rollout=1 rank=8 dev_used=12.58GB dev_free=52.86GB | proc_alloc=0.05GB proc_reserved=7.34GB
(WorkerDict pid=3882666) [DEBUG MEM] rollout-A  enter | gstep=2 rollout=1 rank=10 dev_used=12.11GB dev_free=53.33GB | proc_alloc=0.05GB proc_reserved=7.34GB
(WorkerDict pid=3882662) [DEBUG MEM] rollout-A  enter | gstep=2 rollout=1 rank=7 dev_used=12.04GB dev_free=53.41GB | proc_alloc=0.05GB proc_reserved=7.34GB
(WorkerDict pid=3882668) [DEBUG MEM] rollout-A  enter | gstep=2 rollout=1 rank=12 dev_used=12.09GB dev_free=53.36GB | proc_alloc=0.05GB proc_reserved=7.34GB
(WorkerDict pid=3882659) [DEBUG MEM] rollout-A  enter | gstep=2 rollout=1 rank=4 dev_used=12.04GB dev_free=53.40GB | proc_alloc=0.05GB proc_reserved=7.34GB
(WorkerDict pid=3882658) [DEBUG MEM] rollout-A  enter | gstep=2 rollout=1 rank=3 dev_used=12.09GB dev_free=53.36GB | proc_alloc=0.05GB proc_reserved=7.34GB
(WorkerDict pid=3882663) [DEBUG MEM] rollout-A  enter | gstep=2 rollout=1 rank=11 dev_used=12.09GB dev_free=53.35GB | proc_alloc=0.05GB proc_reserved=7.34GB
(WorkerDict pid=3882665) [DEBUG MEM] rollout-A  enter | gstep=2 rollout=1 rank=9 dev_used=12.13GB dev_free=53.32GB | proc_alloc=0.05GB proc_reserved=7.34GB
(WorkerDict pid=3882656) [DEBUG MEM] rollout-A  enter | gstep=2 rollout=1 rank=1 dev_used=12.12GB dev_free=53.32GB | proc_alloc=0.05GB proc_reserved=7.34GB
(WorkerDict pid=3882661) [DEBUG MEM] rollout-A  enter | gstep=2 rollout=1 rank=6 dev_used=12.08GB dev_free=53.37GB | proc_alloc=0.05GB proc_reserved=7.34GB
(WorkerDict pid=3882655) [DEBUG MEM] actor-E  after_empty_cache | gstep=2 rollout=0 rank=0 dev_used=5.33GB dev_free=60.11GB | proc_alloc=0.05GB proc_reserved=0.09GB
(WorkerDict pid=3882655) [DEBUG MEM] rollout-A  enter | gstep=2 rollout=1 rank=0 dev_used=5.33GB dev_free=60.11GB | proc_alloc=0.05GB proc_reserved=0.09GB
(WorkerDict pid=3882670) [DEBUG MEM] rollout-A  enter | gstep=2 rollout=1 rank=15 dev_used=12.15GB dev_free=53.30GB | proc_alloc=0.05GB proc_reserved=7.34GB
(WorkerDict pid=3882657) [DEBUG MEM] rollout-A  enter | gstep=2 rollout=1 rank=2 dev_used=12.09GB dev_free=53.35GB | proc_alloc=0.05GB proc_reserved=7.34GB
(WorkerDict pid=3882667) [DEBUG MEM] rollout-A  enter | gstep=2 rollout=1 rank=13 dev_used=12.09GB dev_free=53.35GB | proc_alloc=0.05GB proc_reserved=7.34GB
(WorkerDict pid=3882660) [DEBUG MEM] rollout-B  after_empty_cache | gstep=2 rollout=1 rank=5 dev_used=12.04GB dev_free=53.41GB | proc_alloc=0.05GB proc_reserved=7.34GB
(WorkerDict pid=3882669) [DEBUG MEM] rollout-B  after_empty_cache | gstep=2 rollout=1 rank=14 dev_used=12.09GB dev_free=53.35GB | proc_alloc=0.05GB proc_reserved=7.34GB
(WorkerDict pid=3882659) [DEBUG MEM] rollout-B  after_empty_cache | gstep=2 rollout=1 rank=4 dev_used=12.04GB dev_free=53.40GB | proc_alloc=0.05GB proc_reserved=7.34GB
(WorkerDict pid=3882656) [DEBUG MEM] rollout-B  after_empty_cache | gstep=2 rollout=1 rank=1 dev_used=12.12GB dev_free=53.32GB | proc_alloc=0.05GB proc_reserved=7.34GB
(WorkerDict pid=3882670) [DEBUG MEM] rollout-B  after_empty_cache | gstep=2 rollout=1 rank=15 dev_used=12.15GB dev_free=53.30GB | proc_alloc=0.05GB proc_reserved=7.34GB
(WorkerDict pid=3882658) [DEBUG MEM] rollout-B  after_empty_cache | gstep=2 rollout=1 rank=3 dev_used=12.09GB dev_free=53.36GB | proc_alloc=0.05GB proc_reserved=7.34GB
(WorkerDict pid=3882668) [DEBUG MEM] rollout-B  after_empty_cache | gstep=2 rollout=1 rank=12 dev_used=12.09GB dev_free=53.36GB | proc_alloc=0.05GB proc_reserved=7.34GB
(WorkerDict pid=3882665) [DEBUG MEM] rollout-B  after_empty_cache | gstep=2 rollout=1 rank=9 dev_used=12.13GB dev_free=53.32GB | proc_alloc=0.05GB proc_reserved=7.34GB
(WorkerDict pid=3882667) [DEBUG MEM] rollout-B  after_empty_cache | gstep=2 rollout=1 rank=13 dev_used=12.09GB dev_free=53.35GB | proc_alloc=0.05GB proc_reserved=7.34GB
(WorkerDict pid=3882664) [DEBUG MEM] rollout-B  after_empty_cache | gstep=2 rollout=1 rank=8 dev_used=12.58GB dev_free=52.86GB | proc_alloc=0.05GB proc_reserved=7.34GB
(WorkerDict pid=3882666) [DEBUG MEM] rollout-B  after_empty_cache | gstep=2 rollout=1 rank=10 dev_used=12.11GB dev_free=53.33GB | proc_alloc=0.05GB proc_reserved=7.34GB
(WorkerDict pid=3882662) [DEBUG MEM] rollout-B  after_empty_cache | gstep=2 rollout=1 rank=7 dev_used=12.04GB dev_free=53.41GB | proc_alloc=0.05GB proc_reserved=7.34GB
(WorkerDict pid=3882663) [DEBUG MEM] rollout-B  after_empty_cache | gstep=2 rollout=1 rank=11 dev_used=12.09GB dev_free=53.35GB | proc_alloc=0.05GB proc_reserved=7.34GB
(WorkerDict pid=3882661) [DEBUG MEM] rollout-B  after_empty_cache | gstep=2 rollout=1 rank=6 dev_used=12.08GB dev_free=53.37GB | proc_alloc=0.05GB proc_reserved=7.34GB
(WorkerDict pid=3882655) [DEBUG MEM] rollout-B  after_empty_cache | gstep=2 rollout=1 rank=0 dev_used=5.33GB dev_free=60.11GB | proc_alloc=0.05GB proc_reserved=0.09GB
(WorkerDict pid=3882657) [DEBUG MEM] rollout-B  after_empty_cache | gstep=2 rollout=1 rank=2 dev_used=12.09GB dev_free=53.35GB | proc_alloc=0.05GB proc_reserved=7.34GB
(WorkerDict pid=3882660) [DEBUG MEM] rollout-C  after_load_param(no_grad) | gstep=2 rollout=1 rank=5 dev_used=19.29GB dev_free=46.16GB | proc_alloc=8.09GB proc_reserved=14.59GB
(WorkerDict pid=3882660) [DEBUG MEM] rollout-D  after_resume(weights) | gstep=2 rollout=1 rank=5 dev_used=19.29GB dev_free=46.16GB | proc_alloc=8.09GB proc_reserved=14.59GB
(WorkerDict pid=3882669) [DEBUG MEM] rollout-C  after_load_param(no_grad) | gstep=2 rollout=1 rank=14 dev_used=19.34GB dev_free=46.10GB | proc_alloc=8.09GB proc_reserved=14.59GB
(WorkerDict pid=3882669) [DEBUG MEM] rollout-D  after_resume(weights) | gstep=2 rollout=1 rank=14 dev_used=19.34GB dev_free=46.10GB | proc_alloc=8.09GB proc_reserved=14.59GB
(WorkerDict pid=3882666) [DEBUG MEM] rollout-C  after_load_param(no_grad) | gstep=2 rollout=1 rank=10 dev_used=19.36GB dev_free=46.08GB | proc_alloc=8.09GB proc_reserved=14.59GB
(WorkerDict pid=3882666) [DEBUG MEM] rollout-D  after_resume(weights) | gstep=2 rollout=1 rank=10 dev_used=19.36GB dev_free=46.08GB | proc_alloc=8.09GB proc_reserved=14.59GB
(WorkerDict pid=3882668) [DEBUG MEM] rollout-C  after_load_param(no_grad) | gstep=2 rollout=1 rank=12 dev_used=19.34GB dev_free=46.11GB | proc_alloc=8.09GB proc_reserved=14.59GB
(WorkerDict pid=3882668) [DEBUG MEM] rollout-D  after_resume(weights) | gstep=2 rollout=1 rank=12 dev_used=19.34GB dev_free=46.11GB | proc_alloc=8.09GB proc_reserved=14.59GB
(WorkerDict pid=3882659) [DEBUG MEM] rollout-C  after_load_param(no_grad) | gstep=2 rollout=1 rank=4 dev_used=19.29GB dev_free=46.15GB | proc_alloc=8.09GB proc_reserved=14.59GB
(WorkerDict pid=3882659) [DEBUG MEM] rollout-D  after_resume(weights) | gstep=2 rollout=1 rank=4 dev_used=19.29GB dev_free=46.15GB | proc_alloc=8.09GB proc_reserved=14.59GB
(WorkerDict pid=3882658) [DEBUG MEM] rollout-C  after_load_param(no_grad) | gstep=2 rollout=1 rank=3 dev_used=19.34GB dev_free=46.11GB | proc_alloc=8.09GB proc_reserved=14.59GB
(WorkerDict pid=3882658) [DEBUG MEM] rollout-D  after_resume(weights) | gstep=2 rollout=1 rank=3 dev_used=19.34GB dev_free=46.11GB | proc_alloc=8.09GB proc_reserved=14.59GB
(WorkerDict pid=3882665) [DEBUG MEM] rollout-C  after_load_param(no_grad) | gstep=2 rollout=1 rank=9 dev_used=19.38GB dev_free=46.07GB | proc_alloc=8.09GB proc_reserved=14.59GB
(WorkerDict pid=3882665) [DEBUG MEM] rollout-D  after_resume(weights) | gstep=2 rollout=1 rank=9 dev_used=19.38GB dev_free=46.07GB | proc_alloc=8.09GB proc_reserved=14.59GB
(WorkerDict pid=3882656) [DEBUG MEM] rollout-C  after_load_param(no_grad) | gstep=2 rollout=1 rank=1 dev_used=19.37GB dev_free=46.07GB | proc_alloc=8.09GB proc_reserved=14.59GB
(WorkerDict pid=3882656) [DEBUG MEM] rollout-D  after_resume(weights) | gstep=2 rollout=1 rank=1 dev_used=19.37GB dev_free=46.07GB | proc_alloc=8.09GB proc_reserved=14.59GB
(WorkerDict pid=3882661) [DEBUG MEM] rollout-C  after_load_param(no_grad) | gstep=2 rollout=1 rank=6 dev_used=19.33GB dev_free=46.12GB | proc_alloc=8.09GB proc_reserved=14.59GB
(WorkerDict pid=3882661) [DEBUG MEM] rollout-D  after_resume(weights) | gstep=2 rollout=1 rank=6 dev_used=19.33GB dev_free=46.12GB | proc_alloc=8.09GB proc_reserved=14.59GB
(WorkerDict pid=3882670) [DEBUG MEM] rollout-C  after_load_param(no_grad) | gstep=2 rollout=1 rank=15 dev_used=19.40GB dev_free=46.05GB | proc_alloc=8.09GB proc_reserved=14.59GB
(WorkerDict pid=3882670) [DEBUG MEM] rollout-D  after_resume(weights) | gstep=2 rollout=1 rank=15 dev_used=19.40GB dev_free=46.05GB | proc_alloc=8.09GB proc_reserved=14.59GB
(WorkerDict pid=3882664) [DEBUG MEM] rollout-C  after_load_param(no_grad) | gstep=2 rollout=1 rank=8 dev_used=19.83GB dev_free=45.61GB | proc_alloc=8.09GB proc_reserved=14.59GB
(WorkerDict pid=3882662) [DEBUG MEM] rollout-C  after_load_param(no_grad) | gstep=2 rollout=1 rank=7 dev_used=19.29GB dev_free=46.16GB | proc_alloc=8.09GB proc_reserved=14.59GB
(WorkerDict pid=3882662) [DEBUG MEM] rollout-D  after_resume(weights) | gstep=2 rollout=1 rank=7 dev_used=19.29GB dev_free=46.16GB | proc_alloc=8.09GB proc_reserved=14.59GB
(WorkerDict pid=3882663) [DEBUG MEM] rollout-C  after_load_param(no_grad) | gstep=2 rollout=1 rank=11 dev_used=19.34GB dev_free=46.11GB | proc_alloc=8.09GB proc_reserved=14.59GB
(WorkerDict pid=3882663) [DEBUG MEM] rollout-D  after_resume(weights) | gstep=2 rollout=1 rank=11 dev_used=19.34GB dev_free=46.11GB | proc_alloc=8.09GB proc_reserved=14.59GB
(WorkerDict pid=3882655) [DEBUG MEM] rollout-C  after_load_param(no_grad) | gstep=2 rollout=1 rank=0 dev_used=13.37GB dev_free=52.07GB | proc_alloc=8.09GB proc_reserved=8.13GB
(WorkerDict pid=3882657) [DEBUG MEM] rollout-C  after_load_param(no_grad) | gstep=2 rollout=1 rank=2 dev_used=19.34GB dev_free=46.10GB | proc_alloc=8.09GB proc_reserved=14.59GB
(WorkerDict pid=3882657) [DEBUG MEM] rollout-D  after_resume(weights) | gstep=2 rollout=1 rank=2 dev_used=19.34GB dev_free=46.10GB | proc_alloc=8.09GB proc_reserved=14.59GB
(WorkerDict pid=3882667) [DEBUG MEM] rollout-C  after_load_param(no_grad) | gstep=2 rollout=1 rank=13 dev_used=20.30GB dev_free=45.14GB | proc_alloc=8.09GB proc_reserved=14.59GB
(WorkerDict pid=3882667) [DEBUG MEM] rollout-D  after_resume(weights) | gstep=2 rollout=1 rank=13 dev_used=20.51GB dev_free=44.93GB | proc_alloc=8.09GB proc_reserved=14.59GB
(vLLMHttpServer pid=3935112) (Worker_TP4 pid=3936059) >>>> vllm-ascend NPUWorker [WAKEUP]! 
(vLLMHttpServer pid=3935112) (Worker_TP4 pid=3936059) >>>> [1776045621.551] pid=3936059 rank=4 vllm-ascend NPUWorker [WAKEUP tags=['weights']] ENTER
(vLLMHttpServer pid=3935112) (Worker_TP0 pid=3936055) >>>> vllm-ascend NPUWorker [WAKEUP]! 
(vLLMHttpServer pid=3935112) (Worker_TP0 pid=3936055) >>>> [1776045621.551] pid=3936055 rank=0 vllm-ascend NPUWorker [WAKEUP tags=['weights']] ENTER
(vLLMHttpServer pid=3935112) (Worker_TP2 pid=3936057) >>>> vllm-ascend NPUWorker [WAKEUP]! 
(vLLMHttpServer pid=3935112) (Worker_TP2 pid=3936057) >>>> [1776045621.551] pid=3936057 rank=2 vllm-ascend NPUWorker [WAKEUP tags=['weights']] ENTER
(vLLMHttpServer pid=3935112) (Worker_TP6 pid=3936061) >>>> vllm-ascend NPUWorker [WAKEUP]! 
(vLLMHttpServer pid=3935112) (Worker_TP6 pid=3936061) >>>> [1776045621.551] pid=3936061 rank=6 vllm-ascend NPUWorker [WAKEUP tags=['weights']] ENTER
(vLLMHttpServer pid=3935112) (Worker_TP5 pid=3936060) >>>> vllm-ascend NPUWorker [WAKEUP]! 
(vLLMHttpServer pid=3935112) (Worker_TP5 pid=3936060) >>>> [1776045621.551] pid=3936060 rank=5 vllm-ascend NPUWorker [WAKEUP tags=['weights']] ENTER
(vLLMHttpServer pid=3935112) (Worker_TP3 pid=3936058) >>>> vllm-ascend NPUWorker [WAKEUP]! 
(vLLMHttpServer pid=3935112) (Worker_TP3 pid=3936058) >>>> [1776045621.551] pid=3936058 rank=3 vllm-ascend NPUWorker [WAKEUP tags=['weights']] ENTER
(vLLMHttpServer pid=3935112) (Worker_TP7 pid=3936062) >>>> vllm-ascend NPUWorker [WAKEUP]! 
(vLLMHttpServer pid=3935112) (Worker_TP7 pid=3936062) >>>> [1776045621.551] pid=3936062 rank=7 vllm-ascend NPUWorker [WAKEUP tags=['weights']] ENTER
(vLLMHttpServer pid=3935112) (Worker_TP1 pid=3936056) >>>> vllm-ascend NPUWorker [WAKEUP]! 
(vLLMHttpServer pid=3935112) (Worker_TP1 pid=3936056) >>>> [1776045621.551] pid=3936056 rank=1 vllm-ascend NPUWorker [WAKEUP tags=['weights']] ENTER
(WorkerDict pid=3882664) [DEBUG MEM] rollout-D  after_resume(weights) | gstep=2 rollout=1 rank=8 dev_used=28.10GB dev_free=37.34GB | proc_alloc=8.09GB proc_reserved=14.59GB
(vLLMHttpServer pid=3935112) (Worker_TP2 pid=3936057) >>>> [1776045621.551] pid=3936057 rank=2 vllm-ascend NPUWorker [WAKEUP] EXIT
(vLLMHttpServer pid=3935112) (Worker_TP6 pid=3936061) >>>> [1776045621.551] pid=3936061 rank=6 vllm-ascend NPUWorker [WAKEUP] EXIT
(vLLMHttpServer pid=3935112) (Worker_TP0 pid=3936055) >>>> [1776045621.551] pid=3936055 rank=0 vllm-ascend NPUWorker [WAKEUP] EXIT
(vLLMHttpServer pid=3935112) (Worker_TP1 pid=3936056) >>>> [1776045621.551] pid=3936056 rank=1 vllm-ascend NPUWorker [WAKEUP] EXIT
(vLLMHttpServer pid=3935112) (Worker_TP3 pid=3936058) >>>> [1776045621.551] pid=3936058 rank=3 vllm-ascend NPUWorker [WAKEUP] EXIT
(vLLMHttpServer pid=3935112) (Worker_TP5 pid=3936060) >>>> [1776045621.551] pid=3936060 rank=5 vllm-ascend NPUWorker [WAKEUP] EXIT
(vLLMHttpServer pid=3935112) (Worker_TP4 pid=3936059) >>>> [1776045621.551] pid=3936059 rank=4 vllm-ascend NPUWorker [WAKEUP] EXIT
(vLLMHttpServer pid=3935112) (Worker_TP7 pid=3936062) >>>> [1776045621.551] pid=3936062 rank=7 vllm-ascend NPUWorker [WAKEUP] EXIT
(WorkerDict pid=3882655) [DEBUG MEM] rollout-D  after_resume(weights) | gstep=2 rollout=1 rank=0 dev_used=21.64GB dev_free=43.80GB | proc_alloc=8.09GB proc_reserved=8.13GB
(WorkerDict pid=3882665) [DEBUG MEM] rollout-E0 after_update_weights | gstep=2 rollout=1 rank=9 dev_used=31.85GB dev_free=33.59GB | proc_alloc=8.09GB proc_reserved=14.59GB
(vLLMHttpServer pid=3935113) (Worker_TP4 pid=3936108) >>>> vllm-ascend NPUWorker [WAKEUP]!  [repeated 8x across cluster]
(vLLMHttpServer pid=3935113) (Worker_TP4 pid=3936108) >>>> [1776045621.596] pid=3936108 rank=4 vllm-ascend NPUWorker [WAKEUP tags=['weights']] ENTER [repeated 8x across cluster]
(vLLMHttpServer pid=3935113) (Worker_TP0 pid=3936100) >>>> [1776045621.596] pid=3936100 rank=0 vllm-ascend NPUWorker [WAKEUP] EXIT [repeated 8x across cluster]
(WorkerDict pid=3882660) [DEBUG MEM] rollout-E0 after_update_weights | gstep=2 rollout=1 rank=5 dev_used=31.76GB dev_free=33.68GB | proc_alloc=8.09GB proc_reserved=14.59GB
(WorkerDict pid=3882666) [DEBUG MEM] rollout-E0 after_update_weights | gstep=2 rollout=1 rank=10 dev_used=31.84GB dev_free=33.61GB | proc_alloc=8.09GB proc_reserved=14.59GB
(WorkerDict pid=3882668) [DEBUG MEM] rollout-E0 after_update_weights | gstep=2 rollout=1 rank=12 dev_used=31.81GB dev_free=33.63GB | proc_alloc=8.09GB proc_reserved=14.59GB
(WorkerDict pid=3882663) [DEBUG MEM] rollout-E0 after_update_weights | gstep=2 rollout=1 rank=11 dev_used=31.81GB dev_free=33.63GB | proc_alloc=8.09GB proc_reserved=14.59GB
(WorkerDict pid=3882661) [DEBUG MEM] rollout-E0 after_update_weights | gstep=2 rollout=1 rank=6 dev_used=31.80GB dev_free=33.64GB | proc_alloc=8.09GB proc_reserved=14.59GB
(WorkerDict pid=3882667) [DEBUG MEM] rollout-E0 after_update_weights | gstep=2 rollout=1 rank=13 dev_used=31.82GB dev_free=33.63GB | proc_alloc=8.09GB proc_reserved=14.59GB
(WorkerDict pid=3882669) [DEBUG MEM] rollout-E0 after_update_weights | gstep=2 rollout=1 rank=14 dev_used=31.81GB dev_free=33.63GB | proc_alloc=8.09GB proc_reserved=14.59GB
(WorkerDict pid=3882662) [DEBUG MEM] rollout-E0 after_update_weights | gstep=2 rollout=1 rank=7 dev_used=31.76GB dev_free=33.68GB | proc_alloc=8.09GB proc_reserved=14.59GB
(WorkerDict pid=3882658) [DEBUG MEM] rollout-E0 after_update_weights | gstep=2 rollout=1 rank=3 dev_used=31.81GB dev_free=33.63GB | proc_alloc=8.09GB proc_reserved=14.59GB
(WorkerDict pid=3882656) [DEBUG MEM] rollout-E0 after_update_weights | gstep=2 rollout=1 rank=1 dev_used=31.85GB dev_free=33.60GB | proc_alloc=8.09GB proc_reserved=14.59GB
(WorkerDict pid=3882670) [DEBUG MEM] rollout-E0 after_update_weights | gstep=2 rollout=1 rank=15 dev_used=31.87GB dev_free=33.57GB | proc_alloc=8.09GB proc_reserved=14.59GB
(WorkerDict pid=3882659) [DEBUG MEM] rollout-E0 after_update_weights | gstep=2 rollout=1 rank=4 dev_used=31.76GB dev_free=33.68GB | proc_alloc=8.09GB proc_reserved=14.59GB
(WorkerDict pid=3882657) [DEBUG MEM] rollout-E0 after_update_weights | gstep=2 rollout=1 rank=2 dev_used=31.82GB dev_free=33.63GB | proc_alloc=8.09GB proc_reserved=14.59GB
(WorkerDict pid=3882664) [DEBUG MEM] rollout-E0 after_update_weights | gstep=2 rollout=1 rank=8 dev_used=28.00GB dev_free=37.44GB | proc_alloc=8.09GB proc_reserved=14.59GB
(WorkerDict pid=3882655) [DEBUG MEM] rollout-E0 after_update_weights | gstep=2 rollout=1 rank=0 dev_used=22.17GB dev_free=43.28GB | proc_alloc=8.09GB proc_reserved=8.75GB
(WorkerDict pid=3882666) [DEBUG MEM] rollout-E  after_offload_param | gstep=2 rollout=1 rank=10 dev_used=20.29GB dev_free=45.16GB | proc_alloc=0.05GB proc_reserved=7.34GB
(WorkerDict pid=3882663) [DEBUG MEM] rollout-E  after_offload_param | gstep=2 rollout=1 rank=11 dev_used=20.26GB dev_free=45.18GB | proc_alloc=0.05GB proc_reserved=7.34GB
(WorkerDict pid=3882660) [DEBUG MEM] rollout-E  after_offload_param | gstep=2 rollout=1 rank=5 dev_used=20.21GB dev_free=45.23GB | proc_alloc=0.05GB proc_reserved=7.34GB
(WorkerDict pid=3882661) [DEBUG MEM] rollout-E  after_offload_param | gstep=2 rollout=1 rank=6 dev_used=20.25GB dev_free=45.20GB | proc_alloc=0.05GB proc_reserved=7.34GB
(WorkerDict pid=3882659) [DEBUG MEM] rollout-E  after_offload_param | gstep=2 rollout=1 rank=4 dev_used=20.21GB dev_free=45.23GB | proc_alloc=0.05GB proc_reserved=7.34GB
(WorkerDict pid=3882669) [DEBUG MEM] rollout-E  after_offload_param | gstep=2 rollout=1 rank=14 dev_used=20.26GB dev_free=45.18GB | proc_alloc=0.05GB proc_reserved=7.34GB
(WorkerDict pid=3882666) [DEBUG MEM] rollout-F  after_empty_cache2 | gstep=2 rollout=1 rank=10 dev_used=20.29GB dev_free=45.16GB | proc_alloc=0.05GB proc_reserved=7.34GB
(WorkerDict pid=3882666) [DEBUG MEM] rollout-G  after_resume(kv_cache) | gstep=2 rollout=1 rank=10 dev_used=20.29GB dev_free=45.16GB | proc_alloc=0.05GB proc_reserved=7.34GB
(WorkerDict pid=3882668) [DEBUG MEM] rollout-E  after_offload_param | gstep=2 rollout=1 rank=12 dev_used=20.26GB dev_free=45.18GB | proc_alloc=0.05GB proc_reserved=7.34GB
(WorkerDict pid=3882667) [DEBUG MEM] rollout-E  after_offload_param | gstep=2 rollout=1 rank=13 dev_used=20.26GB dev_free=45.18GB | proc_alloc=0.05GB proc_reserved=7.34GB
(WorkerDict pid=3882663) [DEBUG MEM] rollout-F  after_empty_cache2 | gstep=2 rollout=1 rank=11 dev_used=20.26GB dev_free=45.18GB | proc_alloc=0.05GB proc_reserved=7.34GB
(WorkerDict pid=3882663) [DEBUG MEM] rollout-G  after_resume(kv_cache) | gstep=2 rollout=1 rank=11 dev_used=20.26GB dev_free=45.18GB | proc_alloc=0.05GB proc_reserved=7.34GB
(WorkerDict pid=3882665) [DEBUG MEM] rollout-E  after_offload_param | gstep=2 rollout=1 rank=9 dev_used=20.30GB dev_free=45.15GB | proc_alloc=0.05GB proc_reserved=7.34GB
(WorkerDict pid=3882661) [DEBUG MEM] rollout-F  after_empty_cache2 | gstep=2 rollout=1 rank=6 dev_used=20.25GB dev_free=45.20GB | proc_alloc=0.05GB proc_reserved=7.34GB
(WorkerDict pid=3882661) [DEBUG MEM] rollout-G  after_resume(kv_cache) | gstep=2 rollout=1 rank=6 dev_used=20.25GB dev_free=45.20GB | proc_alloc=0.05GB proc_reserved=7.34GB
(WorkerDict pid=3882660) [DEBUG MEM] rollout-F  after_empty_cache2 | gstep=2 rollout=1 rank=5 dev_used=20.21GB dev_free=45.23GB | proc_alloc=0.05GB proc_reserved=7.34GB
(WorkerDict pid=3882670) [DEBUG MEM] rollout-E  after_offload_param | gstep=2 rollout=1 rank=15 dev_used=20.32GB dev_free=45.12GB | proc_alloc=0.05GB proc_reserved=7.34GB
