(WorkerDict pid=3882661) [DEBUG MEM] rollout-C  after_load_param(no_grad) | gstep=4 rollout=1 rank=6 dev_used=19.33GB dev_free=46.12GB | proc_alloc=8.09GB proc_reserved=14.59GB
(WorkerDict pid=3882661) [DEBUG MEM] rollout-D  after_resume(weights) | gstep=4 rollout=1 rank=6 dev_used=19.33GB dev_free=46.12GB | proc_alloc=8.09GB proc_reserved=14.59GB
(WorkerDict pid=3882657) [DEBUG MEM] rollout-C  after_load_param(no_grad) | gstep=4 rollout=1 rank=2 dev_used=19.35GB dev_free=46.10GB | proc_alloc=8.09GB proc_reserved=14.60GB
(WorkerDict pid=3882657) [DEBUG MEM] rollout-D  after_resume(weights) | gstep=4 rollout=1 rank=2 dev_used=19.35GB dev_free=46.10GB | proc_alloc=8.09GB proc_reserved=14.60GB
(WorkerDict pid=3882667) [DEBUG MEM] rollout-C  after_load_param(no_grad) | gstep=4 rollout=1 rank=13 dev_used=21.34GB dev_free=44.10GB | proc_alloc=8.09GB proc_reserved=14.59GB
(vLLMHttpServer pid=3935112) (Worker_TP1 pid=3936056) >>>> vllm-ascend NPUWorker [WAKEUP]! 
(vLLMHttpServer pid=3935112) (Worker_TP1 pid=3936056) >>>> [1776045858.955] pid=3936056 rank=1 vllm-ascend NPUWorker [WAKEUP tags=['weights']] ENTER
(vLLMHttpServer pid=3935112) (Worker_TP0 pid=3936055) >>>> vllm-ascend NPUWorker [WAKEUP]! 
(vLLMHttpServer pid=3935112) (Worker_TP0 pid=3936055) >>>> [1776045858.955] pid=3936055 rank=0 vllm-ascend NPUWorker [WAKEUP tags=['weights']] ENTER
(vLLMHttpServer pid=3935112) (Worker_TP2 pid=3936057) >>>> vllm-ascend NPUWorker [WAKEUP]! 
(vLLMHttpServer pid=3935112) (Worker_TP2 pid=3936057) >>>> [1776045858.955] pid=3936057 rank=2 vllm-ascend NPUWorker [WAKEUP tags=['weights']] ENTER
(vLLMHttpServer pid=3935112) (Worker_TP3 pid=3936058) >>>> vllm-ascend NPUWorker [WAKEUP]! 
(vLLMHttpServer pid=3935112) (Worker_TP3 pid=3936058) >>>> [1776045858.955] pid=3936058 rank=3 vllm-ascend NPUWorker [WAKEUP tags=['weights']] ENTER
(vLLMHttpServer pid=3935112) (Worker_TP4 pid=3936059) >>>> vllm-ascend NPUWorker [WAKEUP]! 
(vLLMHttpServer pid=3935112) (Worker_TP4 pid=3936059) >>>> [1776045858.955] pid=3936059 rank=4 vllm-ascend NPUWorker [WAKEUP tags=['weights']] ENTER
(vLLMHttpServer pid=3935112) (Worker_TP6 pid=3936061) >>>> vllm-ascend NPUWorker [WAKEUP]! 
(vLLMHttpServer pid=3935112) (Worker_TP6 pid=3936061) >>>> [1776045858.955] pid=3936061 rank=6 vllm-ascend NPUWorker [WAKEUP tags=['weights']] ENTER
(vLLMHttpServer pid=3935112) (Worker_TP7 pid=3936062) >>>> vllm-ascend NPUWorker [WAKEUP]! 
(vLLMHttpServer pid=3935112) (Worker_TP7 pid=3936062) >>>> [1776045858.955] pid=3936062 rank=7 vllm-ascend NPUWorker [WAKEUP tags=['weights']] ENTER
(vLLMHttpServer pid=3935112) (Worker_TP5 pid=3936060) >>>> vllm-ascend NPUWorker [WAKEUP]! 
(vLLMHttpServer pid=3935112) (Worker_TP5 pid=3936060) >>>> [1776045858.955] pid=3936060 rank=5 vllm-ascend NPUWorker [WAKEUP tags=['weights']] ENTER
(WorkerDict pid=3882665) [DEBUG MEM] rollout-C  after_load_param(no_grad) | gstep=4 rollout=1 rank=9 dev_used=21.38GB dev_free=44.07GB | proc_alloc=8.09GB proc_reserved=14.59GB
(WorkerDict pid=3882665) [DEBUG MEM] rollout-D  after_resume(weights) | gstep=4 rollout=1 rank=9 dev_used=21.59GB dev_free=43.86GB | proc_alloc=8.09GB proc_reserved=14.59GB
(WorkerDict pid=3882670) [DEBUG MEM] rollout-C  after_load_param(no_grad) | gstep=4 rollout=1 rank=15 dev_used=21.40GB dev_free=44.04GB | proc_alloc=8.09GB proc_reserved=14.59GB
(WorkerDict pid=3882670) [DEBUG MEM] rollout-D  after_resume(weights) | gstep=4 rollout=1 rank=15 dev_used=21.71GB dev_free=43.73GB | proc_alloc=8.09GB proc_reserved=14.59GB
(WorkerDict pid=3882667) [DEBUG MEM] rollout-D  after_resume(weights) | gstep=4 rollout=1 rank=13 dev_used=21.65GB dev_free=43.79GB | proc_alloc=8.09GB proc_reserved=14.59GB
(WorkerDict pid=3882662) [DEBUG MEM] rollout-C  after_load_param(no_grad) | gstep=4 rollout=1 rank=7 dev_used=19.29GB dev_free=46.15GB | proc_alloc=8.09GB proc_reserved=14.59GB
(WorkerDict pid=3882662) [DEBUG MEM] rollout-D  after_resume(weights) | gstep=4 rollout=1 rank=7 dev_used=19.29GB dev_free=46.15GB | proc_alloc=8.09GB proc_reserved=14.59GB
(WorkerDict pid=3882658) [DEBUG MEM] rollout-C  after_load_param(no_grad) | gstep=4 rollout=1 rank=3 dev_used=19.34GB dev_free=46.10GB | proc_alloc=8.09GB proc_reserved=14.60GB
(WorkerDict pid=3882658) [DEBUG MEM] rollout-D  after_resume(weights) | gstep=4 rollout=1 rank=3 dev_used=19.34GB dev_free=46.10GB | proc_alloc=8.09GB proc_reserved=14.60GB
(vLLMHttpServer pid=3935112) (Worker_TP5 pid=3936060) >>>> [1776045858.955] pid=3936060 rank=5 vllm-ascend NPUWorker [WAKEUP] EXIT
(vLLMHttpServer pid=3935112) (Worker_TP4 pid=3936059) >>>> [1776045858.955] pid=3936059 rank=4 vllm-ascend NPUWorker [WAKEUP] EXIT
(vLLMHttpServer pid=3935112) (Worker_TP6 pid=3936061) >>>> [1776045858.955] pid=3936061 rank=6 vllm-ascend NPUWorker [WAKEUP] EXIT
(vLLMHttpServer pid=3935112) (Worker_TP7 pid=3936062) >>>> [1776045858.955] pid=3936062 rank=7 vllm-ascend NPUWorker [WAKEUP] EXIT
(vLLMHttpServer pid=3935112) (Worker_TP2 pid=3936057) >>>> [1776045858.955] pid=3936057 rank=2 vllm-ascend NPUWorker [WAKEUP] EXIT
(vLLMHttpServer pid=3935112) (Worker_TP0 pid=3936055) >>>> [1776045858.955] pid=3936055 rank=0 vllm-ascend NPUWorker [WAKEUP] EXIT
(vLLMHttpServer pid=3935112) (Worker_TP1 pid=3936056) >>>> [1776045858.955] pid=3936056 rank=1 vllm-ascend NPUWorker [WAKEUP] EXIT
(WorkerDict pid=3882664) [DEBUG MEM] rollout-D  after_resume(weights) | gstep=4 rollout=1 rank=8 dev_used=28.11GB dev_free=37.33GB | proc_alloc=8.09GB proc_reserved=14.59GB
(WorkerDict pid=3882655) [DEBUG MEM] rollout-C  after_load_param(no_grad) | gstep=4 rollout=1 rank=0 dev_used=13.45GB dev_free=52.00GB | proc_alloc=8.09GB proc_reserved=8.16GB
(vLLMHttpServer pid=3935112) (Worker_TP3 pid=3936058) >>>> [1776045858.955] pid=3936058 rank=3 vllm-ascend NPUWorker [WAKEUP] EXIT
(WorkerDict pid=3882655) [DEBUG MEM] rollout-D  after_resume(weights) | gstep=4 rollout=1 rank=0 dev_used=21.71GB dev_free=43.73GB | proc_alloc=8.09GB proc_reserved=8.16GB
(WorkerDict pid=3882669) [DEBUG MEM] rollout-E0 after_update_weights | gstep=4 rollout=1 rank=14 dev_used=31.83GB dev_free=33.62GB | proc_alloc=8.09GB proc_reserved=14.59GB
(vLLMHttpServer pid=3935113) (Worker_TP5 pid=3936109) >>>> vllm-ascend NPUWorker [WAKEUP]!  [repeated 8x across cluster]
(vLLMHttpServer pid=3935113) (Worker_TP5 pid=3936109) >>>> [1776045859.213] pid=3936109 rank=5 vllm-ascend NPUWorker [WAKEUP tags=['weights']] ENTER [repeated 8x across cluster]
(vLLMHttpServer pid=3935113) (Worker_TP0 pid=3936100) >>>> [1776045859.213] pid=3936100 rank=0 vllm-ascend NPUWorker [WAKEUP] EXIT [repeated 8x across cluster]
(WorkerDict pid=3882666) [DEBUG MEM] rollout-E0 after_update_weights | gstep=4 rollout=1 rank=10 dev_used=31.85GB dev_free=33.59GB | proc_alloc=8.09GB proc_reserved=14.60GB
(WorkerDict pid=3882665) [DEBUG MEM] rollout-E0 after_update_weights | gstep=4 rollout=1 rank=9 dev_used=31.86GB dev_free=33.58GB | proc_alloc=8.09GB proc_reserved=14.59GB
(WorkerDict pid=3882670) [DEBUG MEM] rollout-E0 after_update_weights | gstep=4 rollout=1 rank=15 dev_used=31.88GB dev_free=33.56GB | proc_alloc=8.09GB proc_reserved=14.59GB
(WorkerDict pid=3882667) [DEBUG MEM] rollout-E0 after_update_weights | gstep=4 rollout=1 rank=13 dev_used=31.83GB dev_free=33.62GB | proc_alloc=8.09GB proc_reserved=14.59GB
(WorkerDict pid=3882668) [DEBUG MEM] rollout-E0 after_update_weights | gstep=4 rollout=1 rank=12 dev_used=31.83GB dev_free=33.62GB | proc_alloc=8.09GB proc_reserved=14.59GB
(WorkerDict pid=3882663) [DEBUG MEM] rollout-E0 after_update_weights | gstep=4 rollout=1 rank=11 dev_used=31.83GB dev_free=33.62GB | proc_alloc=8.09GB proc_reserved=14.59GB
(WorkerDict pid=3882660) [DEBUG MEM] rollout-E0 after_update_weights | gstep=4 rollout=1 rank=5 dev_used=31.77GB dev_free=33.68GB | proc_alloc=8.09GB proc_reserved=14.59GB
(WorkerDict pid=3882662) [DEBUG MEM] rollout-E0 after_update_weights | gstep=4 rollout=1 rank=7 dev_used=31.77GB dev_free=33.68GB | proc_alloc=8.09GB proc_reserved=14.59GB
(WorkerDict pid=3882659) [DEBUG MEM] rollout-E0 after_update_weights | gstep=4 rollout=1 rank=4 dev_used=31.77GB dev_free=33.67GB | proc_alloc=8.09GB proc_reserved=14.59GB
(WorkerDict pid=3882656) [DEBUG MEM] rollout-E0 after_update_weights | gstep=4 rollout=1 rank=1 dev_used=31.85GB dev_free=33.59GB | proc_alloc=8.09GB proc_reserved=14.60GB
(WorkerDict pid=3882664) [DEBUG MEM] rollout-E0 after_update_weights | gstep=4 rollout=1 rank=8 dev_used=28.02GB dev_free=37.43GB | proc_alloc=8.09GB proc_reserved=14.59GB
(WorkerDict pid=3882658) [DEBUG MEM] rollout-E0 after_update_weights | gstep=4 rollout=1 rank=3 dev_used=31.81GB dev_free=33.63GB | proc_alloc=8.09GB proc_reserved=14.60GB
(WorkerDict pid=3882661) [DEBUG MEM] rollout-E0 after_update_weights | gstep=4 rollout=1 rank=6 dev_used=31.80GB dev_free=33.64GB | proc_alloc=8.09GB proc_reserved=14.59GB
(WorkerDict pid=3882657) [DEBUG MEM] rollout-E0 after_update_weights | gstep=4 rollout=1 rank=2 dev_used=31.82GB dev_free=33.62GB | proc_alloc=8.09GB proc_reserved=14.60GB
(WorkerDict pid=3882655) [DEBUG MEM] rollout-E0 after_update_weights | gstep=4 rollout=1 rank=0 dev_used=22.24GB dev_free=43.20GB | proc_alloc=8.09GB proc_reserved=8.78GB
(WorkerDict pid=3882669) [DEBUG MEM] rollout-E  after_offload_param | gstep=4 rollout=1 rank=14 dev_used=27.52GB dev_free=37.92GB | proc_alloc=0.06GB proc_reserved=14.59GB
(WorkerDict pid=3882666) [DEBUG MEM] rollout-E  after_offload_param | gstep=4 rollout=1 rank=10 dev_used=27.55GB dev_free=37.90GB | proc_alloc=0.06GB proc_reserved=14.60GB
(WorkerDict pid=3882665) [DEBUG MEM] rollout-E  after_offload_param | gstep=4 rollout=1 rank=9 dev_used=27.56GB dev_free=37.88GB | proc_alloc=0.06GB proc_reserved=14.59GB
(WorkerDict pid=3882670) [DEBUG MEM] rollout-E  after_offload_param | gstep=4 rollout=1 rank=15 dev_used=27.58GB dev_free=37.86GB | proc_alloc=0.06GB proc_reserved=14.59GB
(WorkerDict pid=3882663) [DEBUG MEM] rollout-E  after_offload_param | gstep=4 rollout=1 rank=11 dev_used=27.52GB dev_free=37.92GB | proc_alloc=0.06GB proc_reserved=14.59GB
(WorkerDict pid=3882669) [DEBUG MEM] rollout-F  after_empty_cache2 | gstep=4 rollout=1 rank=14 dev_used=27.52GB dev_free=37.92GB | proc_alloc=0.06GB proc_reserved=14.59GB
(WorkerDict pid=3882669) [DEBUG MEM] rollout-G  after_resume(kv_cache) | gstep=4 rollout=1 rank=14 dev_used=27.52GB dev_free=37.92GB | proc_alloc=0.06GB proc_reserved=14.59GB
(WorkerDict pid=3882668) [DEBUG MEM] rollout-E  after_offload_param | gstep=4 rollout=1 rank=12 dev_used=27.53GB dev_free=37.92GB | proc_alloc=0.06GB proc_reserved=14.59GB
(WorkerDict pid=3882667) [DEBUG MEM] rollout-E  after_offload_param | gstep=4 rollout=1 rank=13 dev_used=27.52GB dev_free=37.92GB | proc_alloc=0.06GB proc_reserved=14.59GB
(WorkerDict pid=3882666) [DEBUG MEM] rollout-F  after_empty_cache2 | gstep=4 rollout=1 rank=10 dev_used=27.55GB dev_free=37.90GB | proc_alloc=0.06GB proc_reserved=14.60GB
(WorkerDict pid=3882666) [DEBUG MEM] rollout-G  after_resume(kv_cache) | gstep=4 rollout=1 rank=10 dev_used=27.55GB dev_free=37.90GB | proc_alloc=0.06GB proc_reserved=14.60GB
(WorkerDict pid=3882665) [DEBUG MEM] rollout-F  after_empty_cache2 | gstep=4 rollout=1 rank=9 dev_used=27.56GB dev_free=37.88GB | proc_alloc=0.06GB proc_reserved=14.59GB
(WorkerDict pid=3882665) [DEBUG MEM] rollout-G  after_resume(kv_cache) | gstep=4 rollout=1 rank=9 dev_used=27.56GB dev_free=37.88GB | proc_alloc=0.06GB proc_reserved=14.59GB
(WorkerDict pid=3882670) [DEBUG MEM] rollout-F  after_empty_cache2 | gstep=4 rollout=1 rank=15 dev_used=27.58GB dev_free=37.86GB | proc_alloc=0.06GB proc_reserved=14.59GB
(WorkerDict pid=3882670) [DEBUG MEM] rollout-G  after_resume(kv_cache) | gstep=4 rollout=1 rank=15 dev_used=27.58GB dev_free=37.86GB | proc_alloc=0.06GB proc_reserved=14.59GB
(WorkerDict pid=3882663) [DEBUG MEM] rollout-F  after_empty_cache2 | gstep=4 rollout=1 rank=11 dev_used=27.52GB dev_free=37.92GB | proc_alloc=0.06GB proc_reserved=14.59GB
(WorkerDict pid=3882663) [DEBUG MEM] rollout-G  after_resume(kv_cache) | gstep=4 rollout=1 rank=11 dev_used=27.52GB dev_free=37.92GB | proc_alloc=0.06GB proc_reserved=14.59GB
(WorkerDict pid=3882660) [DEBUG MEM] rollout-E  after_offload_param | gstep=4 rollout=1 rank=5 dev_used=27.46GB dev_free=37.98GB | proc_alloc=0.06GB proc_reserved=14.59GB
(WorkerDict pid=3882664) [DEBUG MEM] rollout-E  after_offload_param | gstep=4 rollout=1 rank=8 dev_used=28.02GB dev_free=37.43GB | proc_alloc=0.06GB proc_reserved=14.59GB
(WorkerDict pid=3882668) [DEBUG MEM] rollout-F  after_empty_cache2 | gstep=4 rollout=1 rank=12 dev_used=27.53GB dev_free=37.92GB | proc_alloc=0.06GB proc_reserved=14.59GB
(WorkerDict pid=3882668) [DEBUG MEM] rollout-G  after_resume(kv_cache) | gstep=4 rollout=1 rank=12 dev_used=27.53GB dev_free=37.92GB | proc_alloc=0.06GB proc_reserved=14.59GB
(WorkerDict pid=3882667) [DEBUG MEM] rollout-F  after_empty_cache2 | gstep=4 rollout=1 rank=13 dev_used=27.52GB dev_free=37.92GB | proc_alloc=0.06GB proc_reserved=14.59GB
(WorkerDict pid=3882667) [DEBUG MEM] rollout-G  after_resume(kv_cache) | gstep=4 rollout=1 rank=13 dev_used=27.52GB dev_free=37.92GB | proc_alloc=0.06GB proc_reserved=14.59GB
(WorkerDict pid=3882662) [DEBUG MEM] rollout-E  after_offload_param | gstep=4 rollout=1 rank=7 dev_used=27.46GB dev_free=37.98GB | proc_alloc=0.06GB proc_reserved=14.59GB
(WorkerDict pid=3882659) [DEBUG MEM] rollout-E  after_offload_param | gstep=4 rollout=1 rank=4 dev_used=27.47GB dev_free=37.98GB | proc_alloc=0.06GB proc_reserved=14.59GB
(WorkerDict pid=3882656) [DEBUG MEM] rollout-E  after_offload_param | gstep=4 rollout=1 rank=1 dev_used=27.55GB dev_free=37.90GB | proc_alloc=0.06GB proc_reserved=14.60GB
(WorkerDict pid=3882661) [DEBUG MEM] rollout-E  after_offload_param | gstep=4 rollout=1 rank=6 dev_used=27.50GB dev_free=37.94GB | proc_alloc=0.06GB proc_reserved=14.59GB
(WorkerDict pid=3882660) [DEBUG MEM] rollout-F  after_empty_cache2 | gstep=4 rollout=1 rank=5 dev_used=27.46GB dev_free=37.98GB | proc_alloc=0.06GB proc_reserved=14.59GB
(WorkerDict pid=3882660) [DEBUG MEM] rollout-G  after_resume(kv_cache) | gstep=4 rollout=1 rank=5 dev_used=27.46GB dev_free=37.98GB | proc_alloc=0.06GB proc_reserved=14.59GB
(WorkerDict pid=3882664) [DEBUG MEM] rollout-F  after_empty_cache2 | gstep=4 rollout=1 rank=8 dev_used=28.02GB dev_free=37.43GB | proc_alloc=0.06GB proc_reserved=14.59GB
(WorkerDict pid=3882658) [DEBUG MEM] rollout-E  after_offload_param | gstep=4 rollout=1 rank=3 dev_used=27.51GB dev_free=37.93GB | proc_alloc=0.06GB proc_reserved=14.60GB
(vLLMHttpServer pid=3935112) (Worker_TP1 pid=3936056) >>>> vllm-ascend NPUWorker [WAKEUP]! 
(vLLMHttpServer pid=3935112) (Worker_TP1 pid=3936056) >>>> [1776045878.057] pid=3936056 rank=1 vllm-ascend NPUWorker [WAKEUP tags=['kv_cache']] ENTER
(vLLMHttpServer pid=3935112) (Worker_TP4 pid=3936059) >>>> vllm-ascend NPUWorker [WAKEUP]! 
(vLLMHttpServer pid=3935112) (Worker_TP4 pid=3936059) >>>> [1776045878.057] pid=3936059 rank=4 vllm-ascend NPUWorker [WAKEUP tags=['kv_cache']] ENTER
(vLLMHttpServer pid=3935112) (Worker_TP5 pid=3936060) >>>> vllm-ascend NPUWorker [WAKEUP]! 
(vLLMHttpServer pid=3935112) (Worker_TP5 pid=3936060) >>>> [1776045878.057] pid=3936060 rank=5 vllm-ascend NPUWorker [WAKEUP tags=['kv_cache']] ENTER
(vLLMHttpServer pid=3935112) (Worker_TP7 pid=3936062) >>>> vllm-ascend NPUWorker [WAKEUP]! 
(vLLMHttpServer pid=3935112) (Worker_TP7 pid=3936062) >>>> [1776045878.057] pid=3936062 rank=7 vllm-ascend NPUWorker [WAKEUP tags=['kv_cache']] ENTER
(vLLMHttpServer pid=3935112) (Worker_TP3 pid=3936058) >>>> vllm-ascend NPUWorker [WAKEUP]! 
(vLLMHttpServer pid=3935112) (Worker_TP3 pid=3936058) >>>> [1776045878.058] pid=3936058 rank=3 vllm-ascend NPUWorker [WAKEUP tags=['kv_cache']] ENTER
(vLLMHttpServer pid=3935112) (Worker_TP2 pid=3936057) >>>> vllm-ascend NPUWorker [WAKEUP]! 
(vLLMHttpServer pid=3935112) (Worker_TP2 pid=3936057) >>>> [1776045878.058] pid=3936057 rank=2 vllm-ascend NPUWorker [WAKEUP tags=['kv_cache']] ENTER
(vLLMHttpServer pid=3935112) (Worker_TP0 pid=3936055) >>>> vllm-ascend NPUWorker [WAKEUP]! 
(vLLMHttpServer pid=3935112) (Worker_TP0 pid=3936055) >>>> [1776045878.058] pid=3936055 rank=0 vllm-ascend NPUWorker [WAKEUP tags=['kv_cache']] ENTER
(vLLMHttpServer pid=3935112) (Worker_TP6 pid=3936061) >>>> vllm-ascend NPUWorker [WAKEUP]! 
(vLLMHttpServer pid=3935112) (Worker_TP6 pid=3936061) >>>> [1776045878.058] pid=3936061 rank=6 vllm-ascend NPUWorker [WAKEUP tags=['kv_cache']] ENTER
(WorkerDict pid=3882662) [DEBUG MEM] rollout-F  after_empty_cache2 | gstep=4 rollout=1 rank=7 dev_used=27.46GB dev_free=37.98GB | proc_alloc=0.06GB proc_reserved=14.59GB
(WorkerDict pid=3882662) [DEBUG MEM] rollout-G  after_resume(kv_cache) | gstep=4 rollout=1 rank=7 dev_used=27.46GB dev_free=37.98GB | proc_alloc=0.06GB proc_reserved=14.59GB
(WorkerDict pid=3882657) [DEBUG MEM] rollout-E  after_offload_param | gstep=4 rollout=1 rank=2 dev_used=27.52GB dev_free=37.93GB | proc_alloc=0.06GB proc_reserved=14.60GB
(WorkerDict pid=3882656) [DEBUG MEM] rollout-F  after_empty_cache2 | gstep=4 rollout=1 rank=1 dev_used=27.55GB dev_free=37.90GB | proc_alloc=0.06GB proc_reserved=14.60GB
(WorkerDict pid=3882656) [DEBUG MEM] rollout-G  after_resume(kv_cache) | gstep=4 rollout=1 rank=1 dev_used=27.55GB dev_free=37.90GB | proc_alloc=0.06GB proc_reserved=14.60GB
(WorkerDict pid=3882661) [DEBUG MEM] rollout-F  after_empty_cache2 | gstep=4 rollout=1 rank=6 dev_used=27.50GB dev_free=37.94GB | proc_alloc=0.06GB proc_reserved=14.59GB
(WorkerDict pid=3882661) [DEBUG MEM] rollout-G  after_resume(kv_cache) | gstep=4 rollout=1 rank=6 dev_used=27.50GB dev_free=37.94GB | proc_alloc=0.06GB proc_reserved=14.59GB
(WorkerDict pid=3882659) [DEBUG MEM] rollout-F  after_empty_cache2 | gstep=4 rollout=1 rank=4 dev_used=27.47GB dev_free=37.98GB | proc_alloc=0.06GB proc_reserved=14.59GB
(WorkerDict pid=3882659) [DEBUG MEM] rollout-G  after_resume(kv_cache) | gstep=4 rollout=1 rank=4 dev_used=27.47GB dev_free=37.98GB | proc_alloc=0.06GB proc_reserved=14.59GB
(WorkerDict pid=3882658) [DEBUG MEM] rollout-F  after_empty_cache2 | gstep=4 rollout=1 rank=3 dev_used=27.51GB dev_free=37.93GB | proc_alloc=0.06GB proc_reserved=14.60GB
(WorkerDict pid=3882658) [DEBUG MEM] rollout-G  after_resume(kv_cache) | gstep=4 rollout=1 rank=3 dev_used=27.51GB dev_free=37.93GB | proc_alloc=0.06GB proc_reserved=14.60GB
(WorkerDict pid=3882657) [DEBUG MEM] rollout-F  after_empty_cache2 | gstep=4 rollout=1 rank=2 dev_used=27.52GB dev_free=37.93GB | proc_alloc=0.06GB proc_reserved=14.60GB
(WorkerDict pid=3882657) [DEBUG MEM] rollout-G  after_resume(kv_cache) | gstep=4 rollout=1 rank=2 dev_used=27.52GB dev_free=37.93GB | proc_alloc=0.06GB proc_reserved=14.60GB
(vLLMHttpServer pid=3935112) (Worker_TP0 pid=3936055) >>>> [1776045878.058] pid=3936055 rank=0 vllm-ascend NPUWorker [WAKEUP] EXIT
(vLLMHttpServer pid=3935112) (Worker_TP4 pid=3936059) >>>> [1776045878.057] pid=3936059 rank=4 vllm-ascend NPUWorker [WAKEUP] EXIT
(vLLMHttpServer pid=3935112) (Worker_TP6 pid=3936061) >>>> [1776045878.058] pid=3936061 rank=6 vllm-ascend NPUWorker [WAKEUP] EXIT
(vLLMHttpServer pid=3935112) (Worker_TP5 pid=3936060) >>>> [1776045878.057] pid=3936060 rank=5 vllm-ascend NPUWorker [WAKEUP] EXIT
(vLLMHttpServer pid=3935112) (Worker_TP1 pid=3936056) >>>> [1776045878.057] pid=3936056 rank=1 vllm-ascend NPUWorker [WAKEUP] EXIT
(vLLMHttpServer pid=3935112) (Worker_TP3 pid=3936058) >>>> [1776045878.058] pid=3936058 rank=3 vllm-ascend NPUWorker [WAKEUP] EXIT
(vLLMHttpServer pid=3935112) (Worker_TP7 pid=3936062) >>>> [1776045878.057] pid=3936062 rank=7 vllm-ascend NPUWorker [WAKEUP] EXIT
(WorkerDict pid=3882664) [DEBUG MEM] rollout-G  after_resume(kv_cache) | gstep=4 rollout=1 rank=8 dev_used=62.45GB dev_free=2.99GB | proc_alloc=0.06GB proc_reserved=14.59GB
(WorkerDict pid=3882655) [DEBUG MEM] rollout-E  after_offload_param | gstep=4 rollout=1 rank=0 dev_used=13.58GB dev_free=51.86GB | proc_alloc=0.05GB proc_reserved=0.12GB
(vLLMHttpServer pid=3935112) (Worker_TP2 pid=3936057) >>>> [1776045878.058] pid=3936057 rank=2 vllm-ascend NPUWorker [WAKEUP] EXIT
(WorkerDict pid=3882655) [DEBUG MEM] rollout-F  after_empty_cache2 | gstep=4 rollout=1 rank=0 dev_used=13.58GB dev_free=51.86GB | proc_alloc=0.05GB proc_reserved=0.12GB
(TaskRunner pid=3881298) step:4 - traj/steps_mean:np.float64(1.75) - traj/steps_min:np.int64(1) - traj/steps_max:np.int64(2) - traj/env_time_mean:np.float64(0.2255198359489441) - traj/env_time_min:np.float64(0.00025343894958496094) - traj/env_time_max:np.float64(0.334636926651001) - traj/llm_time_mean:np.float64(28.20144361257553) - traj/llm_time_min:np.float64(20.000032663345337) - traj/llm_time_max:np.float64(43.286486864089966) - traj/total_time_mean:np.float64(28.426963448524475) - traj/total_time_min:np.float64(20.000286102294922) - traj/total_time_max:np.float64(43.55597472190857) - traj/token_mismatch_mean:np.float64(0.0) - traj/token_mismatch_min:np.float64(0.0) - traj/token_mismatch_max:np.float64(0.0) - batch/solve_none:1 - batch/solve_all:0 - batch/solve_partial:1 - actor/entropy:0.13300535082817078 - global_seqlen/min:25216 - global_seqlen/max:25216 - global_seqlen/minmax_diff:0 - global_seqlen/balanced_min:25216 - global_seqlen/balanced_max:25216 - global_seqlen/mean:25216.0 - perf/mfu/actor:np.float64(4971.651432355205) - perf/max_memory_allocated_gb:np.float64(29.220693111419678) - perf/max_memory_reserved_gb:np.float64(31.865234375) - perf/cpu_memory_used_gb:np.float64(873.5158081054688) - actor/lr:np.float64(1e-06) - critic/score/mean:0.25 - critic/score/max:1.0 - critic/score/min:0.0 - critic/rewards/mean:0.25 - critic/rewards/max:1.0 - critic/rewards/min:0.0 - critic/advantages/mean:0.01097081508487463 - critic/advantages/max:0.7071057558059692 - critic/advantages/min:-0.7071057558059692 - critic/returns/mean:0.01097081508487463 - critic/returns/max:0.7071057558059692 - critic/returns/min:-0.7071057558059692 - response_length/mean:1238.5 - response_length/max:2167.0 - response_length/min:745.0 - response_length/clip_ratio:0.0 - response_length_non_aborted/mean:1238.5 - response_length_non_aborted/max:2167.0 - response_length_non_aborted/min:745.0 - response_length_non_aborted/clip_ratio:0.0 - response/aborted_ratio:0.0 - prompt_length/mean:337.5 - prompt_length/max:344.0 - prompt_length/min:331.0 - prompt_length/clip_ratio:0.0 - timing_s/collect_trajectory:43.56908299692441 - timing_s/transform_trajectory:0.06723039399366826 - timing_s/old_log_prob:7.864350448013283 - timing_s/adv:7.866230173967779 - timing_s/update_actor:8.428007717011496 - timing_s/update_weights:22.40218445798382 - timing_s/step:86.25076810398605 - timing_per_token_ms/update_actor:0.33423253953884424 - timing_per_token_ms/adv:0.31195392504631103
(WorkerDict pid=3882655) [DEBUG MEM] rollout-G  after_resume(kv_cache) | gstep=4 rollout=1 rank=0 dev_used=48.21GB dev_free=17.24GB | proc_alloc=0.05GB proc_reserved=0.12GB
(TaskRunner pid=3881298) Trajectory 3 completed due to: ENV_DONE. Reward is 0.0. 
(TaskRunner pid=3881298) 
(TaskRunner pid=3881298) Number of Trajectories 1/4 completed
(vLLMHttpServer pid=3935113) (Worker_TP5 pid=3936109) >>>> vllm-ascend NPUWorker [WAKEUP]!  [repeated 8x across cluster]
(vLLMHttpServer pid=3935113) (Worker_TP5 pid=3936109) >>>> [1776045879.412] pid=3936109 rank=5 vllm-ascend NPUWorker [WAKEUP tags=['kv_cache']] ENTER [repeated 8x across cluster]
(vLLMHttpServer pid=3935113) (Worker_TP2 pid=3936105) >>>> [1776045879.412] pid=3936105 rank=2 vllm-ascend NPUWorker [WAKEUP] EXIT [repeated 8x across cluster]
(TaskRunner pid=3881298) Trajectory 2 completed due to: ENV_DONE. Reward is 0.0. 
(TaskRunner pid=3881298) 
(TaskRunner pid=3881298) Number of Trajectories 2/4 completed
(TaskRunner pid=3881298) Trajectory 0 completed due to: ENV_DONE. Reward is 1.0. 
(TaskRunner pid=3881298) 
(TaskRunner pid=3881298) Number of Trajectories 3/4 completed
(TaskRunner pid=3881298) Trajectory 1 completed due to: ENV_DONE. Reward is 1.0. 
(TaskRunner pid=3881298) 
(TaskRunner pid=3881298) Number of Trajectories 4/4 completed
(TaskRunner pid=3881298) 
(TaskRunner pid=3881298) ============================================================
(TaskRunner pid=3881298) Sample 0
(TaskRunner pid=3881298) [masked unmasked reward > 0 reward <= 0]
(TaskRunner pid=3881298) <|im_start|>system\nYou are a math assistant that can write python to solve math problems.\n\n# Tools\n\nYou may call one or more functions to assist with the user query.\n\nYou are provided with function signatures within <tools></tools> XML tags:\n<tools>\n[\n  {\n    "type": "function",\n    "function": {\n      "name": "python",\n      "description": "Execute Python code in a sandboxed environment. Returns results and standard output/error.",\n      "parameters": {\n        "type": "object",\n        "properties": {\n          "code": {\n            "type": "string",\n            "description": "Execute Python code in a sandboxed environment. Returns results and standard output/error."\n          },\n          "timeout": {\n            "type": "integer",\n            "description": "Maximum execution time in seconds before timing out",\n            "default": 12\n          }\n        },\n        "required": [\n          "code"\n        ]\n      }\n    }\n  }\n]\n</tools>\n\nFor each function call, return a json object with function name and arguments within <tool_call></tool_call> XML tags:\n<tool_call>\n{"name": <function-name>, "arguments": <args-json-object>}\n</tool_call><|im_end|>\n<|im_start|>user\nLet $S$ be the set of nonzero real numbers.  Let $f : S \to \mathbb{R}$ be a function such that\n\n(i) $f(1) = 1,$\n(ii) $f \left( \frac{1}{x + y} \right) = f \left( \frac{1}{x} \right) + f \left( \frac{1}{y} \right)$ for all $x,$ $y \in S$ such that $x + y \in S,$ and\n(iii) $(x + y) f(x + y) = xyf(x)f(y)$ for all $x,$ $y \in S$ such that $x + y \in S.$\n\nFind the number of possible functions $f(x).$<|im_end|>\n<|im_start|>assistant\n
(TaskRunner pid=3881298) ----------------
(TaskRunner pid=3881298) I need to find all possible functions f: S → ℝ satisfying the given conditions, where S is the set of nonzero real numbers.\n\nLet me denote the three conditions as:\n- (i) f(1) = 1\n- (ii) f(1/(x+y)) = f(1/x) + f(1/y) for all x,y ∈ S with x+y ∈ S\n- (iii) (x+y)f(x+y) = xyf(x)f(y) for all x,y ∈ S with x+y ∈ S\n\nLet me start by exploring what these conditions tell us about the function.\n\nFirst, let me use condition (ii) with specific values.\n\nSetting x = y = 1 in condition (ii):\nf(1/(1+1)) = f(1/1) + f(1/1)\nf(1/2) = f(1) + f(1) = 1 + 1 = 2\n\nSo f(1/2) = 2.\n\nNow let me try condition (iii) with x = y = 1:\n(1+1)f(1+1) = 1·1·f(1)·f(1)\n2f(2) = f(1)² = 1² = 1\nTherefore: f(2) = 1/2\n\nLet me check this with condition (ii) using x = 1, y = 1:\nf(1/(1+1)) = f(1/1) + f(1/1)\nf(1/2) = f(1) + f(1) = 2\n\nThis is consistent with what I found.\n\nNow let me use condition (iii) with x = 1, y = 2:\n(1+2)f(1+2) = 1·2·f(1)·f(2)\n3f(3) = 2·1·(1/2) = 1\nTherefore: f(3) = 1/3\n\nLet me verify with condition (ii) using x = 1, y = 2:\nf(1/(1+2)) = f(1/1) + f(1/2)\nf(1/3) = f(1) + f(1/2) = 1 + 2 = 3\n\nSo f(1/3) = 3.\n\nI notice a pattern emerging: f(1/n) = n and f(n) = 1/n for positive integers n.\n\nLet me conjecture that f(x) = 1/x for all x ∈ S.\n\nLet me check if this function satisfies all conditions:\n\nCondition (i): f(1) = 1/1 = 1 ✓\n\nCondition (ii): f(1/(x+y)) = 1/(1/(x+y)) = x+y\nf(1/x) + f(1/y) = 1/(1/x) + 1/(1/y) = x + y ✓\n\nCondition (iii): (x+y)f(x+y) = (x+y)·1/(x+y) = 1\nxyf(x)f(y) = xy·1/x·1/y = xy/(xy) = 1 ✓\n\nSo f(x) = 1/x works.\n\nNow I need to check if there could be other solutions.\n\nLet me see if I can derive the general form. \n\nFrom condition (iii), if I set y = 1:\n(x+1)f(x+1) = x·1·f(x)·f(1) = x·f(x)·1 = xf(x)\n\nSo: f(x+1) = xf(x)/(x+1)\n\nThis is a functional equation. Let's see if it leads to f(x) = 1/x.\n\nIf f(x) = 1/x, then:\n- f(x+1) = 1/(x+1)  \n- xf(x)/(x+1) = x·(1/x)/(x+1) = 1/(x+1)\n\nThis matches, confirming our candidate function.\n\nLet me try to prove uniqueness more rigorously.\n\nLet me explore the relationship between conditions (ii) and (iii).\n\nFrom condition (ii), if I define g(x) = f(1/x), then:\ng(x+y) = f(1/(x+y)) = f(1/x) + f(1/y) = g(x) + g(y)\n\nThis means g is a Cauchy function: g(x+y) = g(x) + g(y).\n\nIf we assume continuity (which is reasonable for a well-behaved function), then g(x) = cx for some constant c.\n\nTherefore: f(1/x) = cx, which gives f(x) = c(1/x) = c/x.\n\nFrom condition (i): f(1) = c/1 = c = 1.\n\nTherefore: f(x) = 1/x.\n\nLet me verify that continuity is indeed required or if there are other possibilities. \n\nActually, let me reconsider what happens with other possible values.\n\nGoing back to the original conditions, let me try to be more systematic.\n\nFrom condition (iii) with x = y:\n2xf(2x) = x²f(x)²\nTherefore: f(2x) = xf(x)²/2\n\nIf I assume f(x) = 1/x, then:\nf(2x) = 1/(2x) and xf(x)²/2 = x(1/x)²/2 = 1/(2x)\nThese match.\n\nTo show uniqueness, I can argue as follows:\n\nThe conditions (ii) and (iii) are quite restrictive. The functional equation g(x+y) = g(x) + g(y) where g(x) = f(1/x) combined with the condition f(1) = 1, together with the multiplicative behavior from condition (iii), all lead to the unique solution f(x) = 1/x.\n\nTherefore, there is exactly one function f(x) that satisfies all the given conditions.\n\n<tool_call>\n{"name": "python", "arguments": {"code": "import sympy as sp\n\n# Let's verify our solution f(x) = 1/x\nx, y = sp.symbols('x y')\n\n# Define the function\nf = lambda x: 1/x\n\n# Check condition (i)\ncondition_i = f(1) == 1\n\n# Check condition (ii)\ncondition_ii = sp.simplify(f(1/(x+y)) - (f(1/x) + f(1/y))) == 0\n\n# Check condition (iii)\ncondition_iii = sp.simplify((x+y)*f(x+y) - x*y*f(x)*f(y)) == 0\n\nprint(f'Condition (i): {condition_i}')\nprint(f'Condition (ii): {condition_ii}')\nprint(f'Condition (iii): {condition_iii}')"}}\n</tool_call><|im_end|>\n<|im_start|>user\n<tool_response>\nCondition (i): True\nCondition (ii): True\nCondition (iii): True\n\n</tool_response><|im_end|>\n<|im_start|>assistant\nBased on my analysis and verification, there is exactly one function f(x) = 1/x that satisfies all the given conditions.\n\nThe conditions (i), (ii), and (iii) are so restrictive that they uniquely determine the function. I verified that f(x) = 1/x satisfies all three conditions, and the functional relationships derived from the conditions lead to this unique solution.\n\nTherefore, the number of possible functions f(x) is $\boxed{1}$.<|im_end|>
(vLLMHttpServer pid=3935112) (Worker_TP3 pid=3936058) >>>> vllm-ascend NPUWorker [SLEEP]! 
(vLLMHttpServer pid=3935112) (Worker_TP3 pid=3936058) >>>> [1776045952.673] pid=3936058 rank=3 vllm-ascend NPUWorker [SLEEP level=2] ENTER
(vLLMHttpServer pid=3935112) (Worker_TP7 pid=3936062) >>>> vllm-ascend NPUWorker [SLEEP]! 
(vLLMHttpServer pid=3935112) (Worker_TP7 pid=3936062) >>>> [1776045952.673] pid=3936062 rank=7 vllm-ascend NPUWorker [SLEEP level=2] ENTER
(vLLMHttpServer pid=3935112) (Worker_TP6 pid=3936061) >>>> vllm-ascend NPUWorker [SLEEP]! 
(vLLMHttpServer pid=3935112) (Worker_TP6 pid=3936061) >>>> [1776045952.674] pid=3936061 rank=6 vllm-ascend NPUWorker [SLEEP level=2] ENTER
(vLLMHttpServer pid=3935112) (Worker_TP0 pid=3936055) >>>> vllm-ascend NPUWorker [SLEEP]! 
(vLLMHttpServer pid=3935112) (Worker_TP0 pid=3936055) >>>> [1776045952.675] pid=3936055 rank=0 vllm-ascend NPUWorker [SLEEP level=2] ENTER
(vLLMHttpServer pid=3935112) (Worker_TP4 pid=3936059) >>>> vllm-ascend NPUWorker [SLEEP]! 
(vLLMHttpServer pid=3935112) (Worker_TP4 pid=3936059) >>>> [1776045952.675] pid=3936059 rank=4 vllm-ascend NPUWorker [SLEEP level=2] ENTER
(vLLMHttpServer pid=3935112) (Worker_TP1 pid=3936056) >>>> vllm-ascend NPUWorker [SLEEP]! 
(vLLMHttpServer pid=3935112) (Worker_TP1 pid=3936056) >>>> [1776045952.675] pid=3936056 rank=1 vllm-ascend NPUWorker [SLEEP level=2] ENTER
(vLLMHttpServer pid=3935112) (Worker_TP5 pid=3936060) >>>> vllm-ascend NPUWorker [SLEEP]! 
(vLLMHttpServer pid=3935112) (Worker_TP5 pid=3936060) >>>> [1776045952.675] pid=3936060 rank=5 vllm-ascend NPUWorker [SLEEP level=2] ENTER
(vLLMHttpServer pid=3935112) (Worker_TP2 pid=3936057) >>>> vllm-ascend NPUWorker [SLEEP]! 
(vLLMHttpServer pid=3935112) (Worker_TP2 pid=3936057) >>>> [1776045952.675] pid=3936057 rank=2 vllm-ascend NPUWorker [SLEEP level=2] ENTER
(vLLMHttpServer pid=3935112) (Worker_TP2 pid=3936057) Sleep mode freed %.2f GiB memory, %.2f GiB memory is still in use. 39.761741638183594 18.045406341552734
(vLLMHttpServer pid=3935112) (Worker_TP2 pid=3936057) >>>> [1776045952.675] pid=3936057 rank=2 vllm-ascend NPUWorker [SLEEP] EXIT, freed=39.76GiB
(vLLMHttpServer pid=3935112) (Worker_TP5 pid=3936060) Sleep mode freed %.2f GiB memory, %.2f GiB memory is still in use. 39.761959075927734 18.02322006225586
(vLLMHttpServer pid=3935112) (Worker_TP5 pid=3936060) >>>> [1776045952.675] pid=3936060 rank=5 vllm-ascend NPUWorker [SLEEP] EXIT, freed=39.76GiB
(vLLMHttpServer pid=3935112) (Worker_TP3 pid=3936058) Sleep mode freed %.2f GiB memory, %.2f GiB memory is still in use. 39.761959075927734 18.022720336914062
(vLLMHttpServer pid=3935112) (Worker_TP3 pid=3936058) >>>> [1776045952.673] pid=3936058 rank=3 vllm-ascend NPUWorker [SLEEP] EXIT, freed=39.76GiB
(vLLMHttpServer pid=3935112) (Worker_TP7 pid=3936062) Sleep mode freed %.2f GiB memory, %.2f GiB memory is still in use. 39.761959075927734 18.07622528076172
(vLLMHttpServer pid=3935112) (Worker_TP7 pid=3936062) >>>> [1776045952.673] pid=3936062 rank=7 vllm-ascend NPUWorker [SLEEP] EXIT, freed=39.76GiB
(vLLMHttpServer pid=3935112) (Worker_TP6 pid=3936061) Sleep mode freed %.2f GiB memory, %.2f GiB memory is still in use. 39.761959075927734 18.022598266601562
(vLLMHttpServer pid=3935112) (Worker_TP6 pid=3936061) >>>> [1776045952.674] pid=3936061 rank=6 vllm-ascend NPUWorker [SLEEP] EXIT, freed=39.76GiB
(vLLMHttpServer pid=3935112) (Worker_TP1 pid=3936056) Sleep mode freed %.2f GiB memory, %.2f GiB memory is still in use. 39.761959075927734 18.055084228515625
(vLLMHttpServer pid=3935112) (Worker_TP1 pid=3936056) >>>> [1776045952.675] pid=3936056 rank=1 vllm-ascend NPUWorker [SLEEP] EXIT, freed=39.76GiB
(vLLMHttpServer pid=3935112) (Worker_TP4 pid=3936059) Sleep mode freed %.2f GiB memory, %.2f GiB memory is still in use. 39.761959075927734 18.023880004882812
(vLLMHttpServer pid=3935112) (Worker_TP4 pid=3936059) >>>> [1776045952.675] pid=3936059 rank=4 vllm-ascend NPUWorker [SLEEP] EXIT, freed=39.76GiB
(WorkerDict pid=3882660) [DEBUG MEM] actor-A0 enter | gstep=5 rollout=0 rank=5 dev_used=19.30GB dev_free=46.15GB | proc_alloc=0.06GB proc_reserved=14.59GB
(vLLMHttpServer pid=3935113) (Worker_TP3 pid=3936106) >>>> vllm-ascend NPUWorker [SLEEP]!  [repeated 8x across cluster]
(vLLMHttpServer pid=3935113) (Worker_TP3 pid=3936106) >>>> [1776045952.674] pid=3936106 rank=3 vllm-ascend NPUWorker [SLEEP level=2] ENTER [repeated 8x across cluster]
(vLLMHttpServer pid=3935113) (Worker_TP0 pid=3936100) Sleep mode freed %.2f GiB memory, %.2f GiB memory is still in use. 39.948795318603516 5.04217529296875 [repeated 9x across cluster]
(vLLMHttpServer pid=3935113) (Worker_TP0 pid=3936100) >>>> [1776045952.671] pid=3936100 rank=0 vllm-ascend NPUWorker [SLEEP] EXIT, freed=39.95GiB [repeated 9x across cluster]
(WorkerDict pid=3882669) [DEBUG MEM] actor-A0 enter | gstep=5 rollout=0 rank=14 dev_used=19.35GB dev_free=46.09GB | proc_alloc=0.06GB proc_reserved=14.59GB
(WorkerDict pid=3882664) [DEBUG MEM] actor-A0 enter | gstep=5 rollout=0 rank=8 dev_used=19.84GB dev_free=45.60GB | proc_alloc=0.06GB proc_reserved=14.59GB
(WorkerDict pid=3882666) [DEBUG MEM] actor-A0 enter | gstep=5 rollout=0 rank=10 dev_used=19.38GB dev_free=46.07GB | proc_alloc=0.06GB proc_reserved=14.59GB
(WorkerDict pid=3882662) [DEBUG MEM] actor-A0 enter | gstep=5 rollout=0 rank=7 dev_used=19.30GB dev_free=46.15GB | proc_alloc=0.06GB proc_reserved=14.59GB
(WorkerDict pid=3882668) [DEBUG MEM] actor-A0 enter | gstep=5 rollout=0 rank=12 dev_used=19.35GB dev_free=46.09GB | proc_alloc=0.06GB proc_reserved=14.59GB
(WorkerDict pid=3882659) [DEBUG MEM] actor-A0 enter | gstep=5 rollout=0 rank=4 dev_used=19.30GB dev_free=46.14GB | proc_alloc=0.06GB proc_reserved=14.59GB
(WorkerDict pid=3882658) [DEBUG MEM] actor-A0 enter | gstep=5 rollout=0 rank=3 dev_used=19.35GB dev_free=46.10GB | proc_alloc=0.06GB proc_reserved=14.59GB
(WorkerDict pid=3882663) [DEBUG MEM] actor-A0 enter | gstep=5 rollout=0 rank=11 dev_used=19.35GB dev_free=46.09GB | proc_alloc=0.06GB proc_reserved=14.59GB
(WorkerDict pid=3882665) [DEBUG MEM] actor-A0 enter | gstep=5 rollout=0 rank=9 dev_used=19.39GB dev_free=46.06GB | proc_alloc=0.06GB proc_reserved=14.59GB
(WorkerDict pid=3882656) [DEBUG MEM] actor-A0 enter | gstep=5 rollout=0 rank=1 dev_used=19.38GB dev_free=46.06GB | proc_alloc=0.06GB proc_reserved=14.59GB
(WorkerDict pid=3882661) [DEBUG MEM] actor-A0 enter | gstep=5 rollout=0 rank=6 dev_used=19.33GB dev_free=46.11GB | proc_alloc=0.06GB proc_reserved=14.59GB
(WorkerDict pid=3882655) [DEBUG MEM] actor-A0 enter | gstep=5 rollout=0 rank=0 dev_used=12.66GB dev_free=52.78GB | proc_alloc=0.06GB proc_reserved=7.36GB
(WorkerDict pid=3882670) [DEBUG MEM] actor-A0 enter | gstep=5 rollout=0 rank=15 dev_used=19.41GB dev_free=46.03GB | proc_alloc=0.06GB proc_reserved=14.59GB
(WorkerDict pid=3882657) [DEBUG MEM] actor-A0 enter | gstep=5 rollout=0 rank=2 dev_used=19.35GB dev_free=46.09GB | proc_alloc=0.06GB proc_reserved=14.59GB
(WorkerDict pid=3882667) [DEBUG MEM] actor-A0 enter | gstep=5 rollout=0 rank=13 dev_used=19.35GB dev_free=46.09GB | proc_alloc=0.06GB proc_reserved=14.59GB
(WorkerDict pid=3882660) [DEBUG MEM] actor-A  after_load_param(+grad) | gstep=5 rollout=0 rank=5 dev_used=33.80GB dev_free=31.65GB | proc_alloc=24.18GB proc_reserved=29.09GB
(WorkerDict pid=3882660) [DEBUG MEM] actor-B2 after_update_policy | gstep=5 rollout=0 rank=5 dev_used=33.80GB dev_free=31.65GB | proc_alloc=24.18GB proc_reserved=29.09GB
(WorkerDict pid=3882664) [DEBUG MEM] actor-A  after_load_param(+grad) | gstep=5 rollout=0 rank=8 dev_used=34.34GB dev_free=31.10GB | proc_alloc=24.18GB proc_reserved=29.09GB
(WorkerDict pid=3882664) [DEBUG MEM] actor-B2 after_update_policy | gstep=5 rollout=0 rank=8 dev_used=34.34GB dev_free=31.10GB | proc_alloc=24.18GB proc_reserved=29.09GB
(WorkerDict pid=3882666) [DEBUG MEM] actor-A  after_load_param(+grad) | gstep=5 rollout=0 rank=10 dev_used=33.87GB dev_free=31.57GB | proc_alloc=24.18GB proc_reserved=29.09GB
(WorkerDict pid=3882666) [DEBUG MEM] actor-B2 after_update_policy | gstep=5 rollout=0 rank=10 dev_used=33.87GB dev_free=31.57GB | proc_alloc=24.18GB proc_reserved=29.09GB
(WorkerDict pid=3882668) [DEBUG MEM] actor-A  after_load_param(+grad) | gstep=5 rollout=0 rank=12 dev_used=33.85GB dev_free=31.59GB | proc_alloc=24.18GB proc_reserved=29.09GB
(WorkerDict pid=3882668) [DEBUG MEM] actor-B2 after_update_policy | gstep=5 rollout=0 rank=12 dev_used=33.85GB dev_free=31.59GB | proc_alloc=24.18GB proc_reserved=29.09GB
(WorkerDict pid=3882659) [DEBUG MEM] actor-A  after_load_param(+grad) | gstep=5 rollout=0 rank=4 dev_used=33.80GB dev_free=31.64GB | proc_alloc=24.18GB proc_reserved=29.09GB
(WorkerDict pid=3882659) [DEBUG MEM] actor-B2 after_update_policy | gstep=5 rollout=0 rank=4 dev_used=33.80GB dev_free=31.64GB | proc_alloc=24.18GB proc_reserved=29.09GB
(WorkerDict pid=3882663) [DEBUG MEM] actor-A  after_load_param(+grad) | gstep=5 rollout=0 rank=11 dev_used=33.85GB dev_free=31.59GB | proc_alloc=24.18GB proc_reserved=29.09GB
(WorkerDict pid=3882663) [DEBUG MEM] actor-B2 after_update_policy | gstep=5 rollout=0 rank=11 dev_used=33.85GB dev_free=31.59GB | proc_alloc=24.18GB proc_reserved=29.09GB
(WorkerDict pid=3882656) [DEBUG MEM] actor-A  after_load_param(+grad) | gstep=5 rollout=0 rank=1 dev_used=33.88GB dev_free=31.56GB | proc_alloc=24.18GB proc_reserved=29.09GB
(WorkerDict pid=3882656) [DEBUG MEM] actor-B2 after_update_policy | gstep=5 rollout=0 rank=1 dev_used=33.88GB dev_free=31.56GB | proc_alloc=24.18GB proc_reserved=29.09GB
(WorkerDict pid=3882661) [DEBUG MEM] actor-A  after_load_param(+grad) | gstep=5 rollout=0 rank=6 dev_used=33.83GB dev_free=31.61GB | proc_alloc=24.18GB proc_reserved=29.09GB
(WorkerDict pid=3882661) [DEBUG MEM] actor-B2 after_update_policy | gstep=5 rollout=0 rank=6 dev_used=33.83GB dev_free=31.61GB | proc_alloc=24.18GB proc_reserved=29.09GB
(WorkerDict pid=3882667) [DEBUG MEM] actor-A  after_load_param(+grad) | gstep=5 rollout=0 rank=13 dev_used=33.85GB dev_free=31.59GB | proc_alloc=24.18GB proc_reserved=29.09GB
(WorkerDict pid=3882667) [DEBUG MEM] actor-B2 after_update_policy | gstep=5 rollout=0 rank=13 dev_used=33.85GB dev_free=31.59GB | proc_alloc=24.18GB proc_reserved=29.09GB
(WorkerDict pid=3882669) [DEBUG MEM] actor-A  after_load_param(+grad) | gstep=5 rollout=0 rank=14 dev_used=33.85GB dev_free=31.59GB | proc_alloc=24.18GB proc_reserved=29.09GB
(WorkerDict pid=3882669) [DEBUG MEM] actor-B2 after_update_policy | gstep=5 rollout=0 rank=14 dev_used=33.85GB dev_free=31.59GB | proc_alloc=24.18GB proc_reserved=29.09GB
(WorkerDict pid=3882658) [DEBUG MEM] actor-A  after_load_param(+grad) | gstep=5 rollout=0 rank=3 dev_used=33.84GB dev_free=31.60GB | proc_alloc=24.18GB proc_reserved=29.09GB
(WorkerDict pid=3882658) [DEBUG MEM] actor-B2 after_update_policy | gstep=5 rollout=0 rank=3 dev_used=33.84GB dev_free=31.60GB | proc_alloc=24.18GB proc_reserved=29.09GB
(WorkerDict pid=3882657) [DEBUG MEM] actor-A  after_load_param(+grad) | gstep=5 rollout=0 rank=2 dev_used=33.85GB dev_free=31.59GB | proc_alloc=24.18GB proc_reserved=29.09GB
(WorkerDict pid=3882657) [DEBUG MEM] actor-B2 after_update_policy | gstep=5 rollout=0 rank=2 dev_used=33.85GB dev_free=31.59GB | proc_alloc=24.18GB proc_reserved=29.09GB
(WorkerDict pid=3882662) [DEBUG MEM] actor-A  after_load_param(+grad) | gstep=5 rollout=0 rank=7 dev_used=33.80GB dev_free=31.65GB | proc_alloc=24.18GB proc_reserved=29.09GB
(WorkerDict pid=3882662) [DEBUG MEM] actor-B2 after_update_policy | gstep=5 rollout=0 rank=7 dev_used=33.80GB dev_free=31.65GB | proc_alloc=24.18GB proc_reserved=29.09GB
(WorkerDict pid=3882665) [DEBUG MEM] actor-A  after_load_param(+grad) | gstep=5 rollout=0 rank=9 dev_used=33.88GB dev_free=31.56GB | proc_alloc=24.18GB proc_reserved=29.09GB
(WorkerDict pid=3882665) [DEBUG MEM] actor-B2 after_update_policy | gstep=5 rollout=0 rank=9 dev_used=33.88GB dev_free=31.56GB | proc_alloc=24.18GB proc_reserved=29.09GB
(WorkerDict pid=3882655) [DEBUG MEM] actor-A  after_load_param(+grad) | gstep=5 rollout=0 rank=0 dev_used=34.41GB dev_free=31.03GB | proc_alloc=24.18GB proc_reserved=29.10GB
(WorkerDict pid=3882655) [DEBUG MEM] actor-B2 after_update_policy | gstep=5 rollout=0 rank=0 dev_used=34.41GB dev_free=31.03GB | proc_alloc=24.18GB proc_reserved=29.10GB
(WorkerDict pid=3882670) [DEBUG MEM] actor-A  after_load_param(+grad) | gstep=5 rollout=0 rank=15 dev_used=33.91GB dev_free=31.54GB | proc_alloc=24.18GB proc_reserved=29.09GB
(WorkerDict pid=3882670) [DEBUG MEM] actor-B2 after_update_policy | gstep=5 rollout=0 rank=15 dev_used=33.91GB dev_free=31.54GB | proc_alloc=24.18GB proc_reserved=29.09GB
(WorkerDict pid=3882661) [DEBUG MEM] actor-C  after_offload_param | gstep=5 rollout=0 rank=6 dev_used=19.33GB dev_free=46.11GB | proc_alloc=0.06GB proc_reserved=14.59GB
(WorkerDict pid=3882663) [DEBUG MEM] actor-C  after_offload_param | gstep=5 rollout=0 rank=11 dev_used=19.35GB dev_free=46.09GB | proc_alloc=0.06GB proc_reserved=14.59GB
(WorkerDict pid=3882660) [DEBUG MEM] actor-C  after_offload_param | gstep=5 rollout=0 rank=5 dev_used=19.30GB dev_free=46.15GB | proc_alloc=0.06GB proc_reserved=14.59GB
(WorkerDict pid=3882669) [DEBUG MEM] actor-C  after_offload_param | gstep=5 rollout=0 rank=14 dev_used=19.35GB dev_free=46.09GB | proc_alloc=0.06GB proc_reserved=14.59GB
(WorkerDict pid=3882664) [DEBUG MEM] actor-C  after_offload_param | gstep=5 rollout=0 rank=8 dev_used=19.84GB dev_free=45.60GB | proc_alloc=0.06GB proc_reserved=14.59GB
(WorkerDict pid=3882666) [DEBUG MEM] actor-C  after_offload_param | gstep=5 rollout=0 rank=10 dev_used=19.38GB dev_free=46.07GB | proc_alloc=0.06GB proc_reserved=14.59GB
(WorkerDict pid=3882668) [DEBUG MEM] actor-C  after_offload_param | gstep=5 rollout=0 rank=12 dev_used=19.35GB dev_free=46.09GB | proc_alloc=0.06GB proc_reserved=14.59GB
(WorkerDict pid=3882659) [DEBUG MEM] actor-C  after_offload_param | gstep=5 rollout=0 rank=4 dev_used=19.30GB dev_free=46.14GB | proc_alloc=0.06GB proc_reserved=14.59GB
(WorkerDict pid=3882658) [DEBUG MEM] actor-C  after_offload_param | gstep=5 rollout=0 rank=3 dev_used=19.35GB dev_free=46.10GB | proc_alloc=0.06GB proc_reserved=14.59GB
(WorkerDict pid=3882656) [DEBUG MEM] actor-C  after_offload_param | gstep=5 rollout=0 rank=1 dev_used=19.38GB dev_free=46.06GB | proc_alloc=0.06GB proc_reserved=14.59GB
(WorkerDict pid=3882661) [DEBUG MEM] actor-E  after_empty_cache | gstep=5 rollout=0 rank=6 dev_used=19.33GB dev_free=46.11GB | proc_alloc=0.06GB proc_reserved=14.59GB
(WorkerDict pid=3882657) [DEBUG MEM] actor-C  after_offload_param | gstep=5 rollout=0 rank=2 dev_used=19.35GB dev_free=46.09GB | proc_alloc=0.06GB proc_reserved=14.59GB
(WorkerDict pid=3882667) [DEBUG MEM] actor-C  after_offload_param | gstep=5 rollout=0 rank=13 dev_used=19.35GB dev_free=46.09GB | proc_alloc=0.06GB proc_reserved=14.59GB
(WorkerDict pid=3882665) [DEBUG MEM] actor-C  after_offload_param | gstep=5 rollout=0 rank=9 dev_used=19.39GB dev_free=46.06GB | proc_alloc=0.06GB proc_reserved=14.59GB
(WorkerDict pid=3882660) [DEBUG MEM] actor-E  after_empty_cache | gstep=5 rollout=0 rank=5 dev_used=19.30GB dev_free=46.15GB | proc_alloc=0.06GB proc_reserved=14.59GB
(WorkerDict pid=3882669) [DEBUG MEM] actor-E  after_empty_cache | gstep=5 rollout=0 rank=14 dev_used=19.35GB dev_free=46.09GB | proc_alloc=0.06GB proc_reserved=14.59GB
(WorkerDict pid=3882666) [DEBUG MEM] actor-E  after_empty_cache | gstep=5 rollout=0 rank=10 dev_used=19.38GB dev_free=46.07GB | proc_alloc=0.06GB proc_reserved=14.59GB
(WorkerDict pid=3882662) [DEBUG MEM] actor-C  after_offload_param | gstep=5 rollout=0 rank=7 dev_used=19.30GB dev_free=46.15GB | proc_alloc=0.06GB proc_reserved=14.59GB
(WorkerDict pid=3882659) [DEBUG MEM] actor-E  after_empty_cache | gstep=5 rollout=0 rank=4 dev_used=19.30GB dev_free=46.14GB | proc_alloc=0.06GB proc_reserved=14.59GB
(WorkerDict pid=3882663) [DEBUG MEM] actor-E  after_empty_cache | gstep=5 rollout=0 rank=11 dev_used=19.35GB dev_free=46.09GB | proc_alloc=0.06GB proc_reserved=14.59GB
(WorkerDict pid=3882670) [DEBUG MEM] actor-C  after_offload_param | gstep=5 rollout=0 rank=15 dev_used=19.41GB dev_free=46.03GB | proc_alloc=0.06GB proc_reserved=14.59GB
(WorkerDict pid=3882664) [DEBUG MEM] actor-E  after_empty_cache | gstep=5 rollout=0 rank=8 dev_used=19.84GB dev_free=45.60GB | proc_alloc=0.06GB proc_reserved=14.59GB
(WorkerDict pid=3882668) [DEBUG MEM] actor-E  after_empty_cache | gstep=5 rollout=0 rank=12 dev_used=19.35GB dev_free=46.09GB | proc_alloc=0.06GB proc_reserved=14.59GB
(WorkerDict pid=3882655) [DEBUG MEM] actor-C  after_offload_param | gstep=5 rollout=0 rank=0 dev_used=12.66GB dev_free=52.78GB | proc_alloc=0.06GB proc_reserved=7.36GB
(WorkerDict pid=3882667) [DEBUG MEM] actor-E  after_empty_cache | gstep=5 rollout=0 rank=13 dev_used=19.35GB dev_free=46.09GB | proc_alloc=0.06GB proc_reserved=14.59GB
(WorkerDict pid=3882657) [DEBUG MEM] actor-E  after_empty_cache | gstep=5 rollout=0 rank=2 dev_used=19.35GB dev_free=46.09GB | proc_alloc=0.06GB proc_reserved=14.59GB
(WorkerDict pid=3882658) [DEBUG MEM] actor-E  after_empty_cache | gstep=5 rollout=0 rank=3 dev_used=19.35GB dev_free=46.10GB | proc_alloc=0.06GB proc_reserved=14.59GB
(WorkerDict pid=3882656) [DEBUG MEM] actor-E  after_empty_cache | gstep=5 rollout=0 rank=1 dev_used=19.38GB dev_free=46.06GB | proc_alloc=0.06GB proc_reserved=14.59GB
(WorkerDict pid=3882662) [DEBUG MEM] actor-E  after_empty_cache | gstep=5 rollout=0 rank=7 dev_used=19.30GB dev_free=46.15GB | proc_alloc=0.06GB proc_reserved=14.59GB
(WorkerDict pid=3882665) [DEBUG MEM] actor-E  after_empty_cache | gstep=5 rollout=0 rank=9 dev_used=19.39GB dev_free=46.06GB | proc_alloc=0.06GB proc_reserved=14.59GB
(WorkerDict pid=3882670) [DEBUG MEM] actor-E  after_empty_cache | gstep=5 rollout=0 rank=15 dev_used=19.41GB dev_free=46.03GB | proc_alloc=0.06GB proc_reserved=14.59GB
(WorkerDict pid=3882655) [LEAK SCAN] found 108 NPU tensors > 0.1MB after offload:
(WorkerDict pid=3882655)   [LEAK?] shape=torch.Size([6569984]) dtype=torch.bfloat16 size=13.1MB
(WorkerDict pid=3882655)   [LEAK?] shape=torch.Size([2048, 2048]) dtype=torch.bool size=4.2MB
(WorkerDict pid=3882655)   [LEAK?] shape=torch.Size([6336, 128]) dtype=torch.float32 size=3.2MB
(WorkerDict pid=3882655)   [LEAK?] shape=torch.Size([6336, 1, 1, 128]) dtype=torch.float32 size=3.2MB
(WorkerDict pid=3882655)   [LEAK?] shape=torch.Size([4256, 128]) dtype=torch.float32 size=2.2MB
(WorkerDict pid=3882655)   [LEAK?] shape=torch.Size([4256, 1, 1, 128]) dtype=torch.float32 size=2.2MB
(WorkerDict pid=3882655)   [LEAK?] shape=torch.Size([3968, 128]) dtype=torch.float32 size=2.0MB
(WorkerDict pid=3882655)   [LEAK?] shape=torch.Size([3968, 1, 1, 128]) dtype=torch.float32 size=2.0MB
(WorkerDict pid=3882655)   [LEAK?] shape=torch.Size([2592, 128]) dtype=torch.float32 size=1.3MB
(WorkerDict pid=3882655)   [LEAK?] shape=torch.Size([2592, 1, 1, 128]) dtype=torch.float32 size=1.3MB
(WorkerDict pid=3882655)   [LEAK?] shape=torch.Size([2528, 128]) dtype=torch.float32 size=1.3MB
(WorkerDict pid=3882655)   [LEAK?] shape=torch.Size([2528, 1, 1, 128]) dtype=torch.float32 size=1.3MB
(WorkerDict pid=3882655)   [LEAK?] shape=torch.Size([4080]) dtype=torch.int64 size=0.5MB
(WorkerDict pid=3882655)   [LEAK?] shape=torch.Size([4080]) dtype=torch.int64 size=0.5MB
(WorkerDict pid=3882655)   [LEAK?] shape=torch.Size([4080]) dtype=torch.int64 size=0.5MB
(WorkerDict pid=3882655)   [LEAK?] shape=torch.Size([4080]) dtype=torch.int64 size=0.5MB
