(WorkerDict pid=3882660) [DEBUG MEM] rollout-G  after_resume(kv_cache) | gstep=2 rollout=1 rank=5 dev_used=20.21GB dev_free=45.23GB | proc_alloc=0.05GB proc_reserved=7.34GB
(WorkerDict pid=3882662) [DEBUG MEM] rollout-E  after_offload_param | gstep=2 rollout=1 rank=7 dev_used=20.21GB dev_free=45.24GB | proc_alloc=0.05GB proc_reserved=7.34GB
(WorkerDict pid=3882656) [DEBUG MEM] rollout-E  after_offload_param | gstep=2 rollout=1 rank=1 dev_used=20.29GB dev_free=45.15GB | proc_alloc=0.05GB proc_reserved=7.34GB
(WorkerDict pid=3882669) [DEBUG MEM] rollout-F  after_empty_cache2 | gstep=2 rollout=1 rank=14 dev_used=20.26GB dev_free=45.18GB | proc_alloc=0.05GB proc_reserved=7.34GB
(WorkerDict pid=3882669) [DEBUG MEM] rollout-G  after_resume(kv_cache) | gstep=2 rollout=1 rank=14 dev_used=20.26GB dev_free=45.18GB | proc_alloc=0.05GB proc_reserved=7.34GB
(WorkerDict pid=3882664) [DEBUG MEM] rollout-E  after_offload_param | gstep=2 rollout=1 rank=8 dev_used=20.76GB dev_free=44.69GB | proc_alloc=0.05GB proc_reserved=7.34GB
(WorkerDict pid=3882659) [DEBUG MEM] rollout-F  after_empty_cache2 | gstep=2 rollout=1 rank=4 dev_used=20.21GB dev_free=45.23GB | proc_alloc=0.05GB proc_reserved=7.34GB
(WorkerDict pid=3882659) [DEBUG MEM] rollout-G  after_resume(kv_cache) | gstep=2 rollout=1 rank=4 dev_used=20.21GB dev_free=45.23GB | proc_alloc=0.05GB proc_reserved=7.34GB
(WorkerDict pid=3882658) [DEBUG MEM] rollout-E  after_offload_param | gstep=2 rollout=1 rank=3 dev_used=20.26GB dev_free=45.18GB | proc_alloc=0.05GB proc_reserved=7.34GB
(WorkerDict pid=3882657) [DEBUG MEM] rollout-E  after_offload_param | gstep=2 rollout=1 rank=2 dev_used=20.26GB dev_free=45.18GB | proc_alloc=0.05GB proc_reserved=7.34GB
(WorkerDict pid=3882668) [DEBUG MEM] rollout-F  after_empty_cache2 | gstep=2 rollout=1 rank=12 dev_used=20.26GB dev_free=45.18GB | proc_alloc=0.05GB proc_reserved=7.34GB
(WorkerDict pid=3882668) [DEBUG MEM] rollout-G  after_resume(kv_cache) | gstep=2 rollout=1 rank=12 dev_used=20.26GB dev_free=45.18GB | proc_alloc=0.05GB proc_reserved=7.34GB
(WorkerDict pid=3882667) [DEBUG MEM] rollout-F  after_empty_cache2 | gstep=2 rollout=1 rank=13 dev_used=20.26GB dev_free=45.18GB | proc_alloc=0.05GB proc_reserved=7.34GB
(WorkerDict pid=3882667) [DEBUG MEM] rollout-G  after_resume(kv_cache) | gstep=2 rollout=1 rank=13 dev_used=20.26GB dev_free=45.18GB | proc_alloc=0.05GB proc_reserved=7.34GB
(WorkerDict pid=3882662) [DEBUG MEM] rollout-F  after_empty_cache2 | gstep=2 rollout=1 rank=7 dev_used=20.21GB dev_free=45.24GB | proc_alloc=0.05GB proc_reserved=7.34GB
(WorkerDict pid=3882662) [DEBUG MEM] rollout-G  after_resume(kv_cache) | gstep=2 rollout=1 rank=7 dev_used=20.21GB dev_free=45.24GB | proc_alloc=0.05GB proc_reserved=7.34GB
(WorkerDict pid=3882665) [DEBUG MEM] rollout-F  after_empty_cache2 | gstep=2 rollout=1 rank=9 dev_used=20.30GB dev_free=45.15GB | proc_alloc=0.05GB proc_reserved=7.34GB
(WorkerDict pid=3882665) [DEBUG MEM] rollout-G  after_resume(kv_cache) | gstep=2 rollout=1 rank=9 dev_used=20.30GB dev_free=45.15GB | proc_alloc=0.05GB proc_reserved=7.34GB
(WorkerDict pid=3882670) [DEBUG MEM] rollout-F  after_empty_cache2 | gstep=2 rollout=1 rank=15 dev_used=20.32GB dev_free=45.12GB | proc_alloc=0.05GB proc_reserved=7.34GB
(WorkerDict pid=3882670) [DEBUG MEM] rollout-G  after_resume(kv_cache) | gstep=2 rollout=1 rank=15 dev_used=20.32GB dev_free=45.12GB | proc_alloc=0.05GB proc_reserved=7.34GB
(WorkerDict pid=3882664) [DEBUG MEM] rollout-F  after_empty_cache2 | gstep=2 rollout=1 rank=8 dev_used=20.75GB dev_free=44.69GB | proc_alloc=0.05GB proc_reserved=7.34GB
(WorkerDict pid=3882656) [DEBUG MEM] rollout-F  after_empty_cache2 | gstep=2 rollout=1 rank=1 dev_used=20.29GB dev_free=45.15GB | proc_alloc=0.05GB proc_reserved=7.34GB
(WorkerDict pid=3882656) [DEBUG MEM] rollout-G  after_resume(kv_cache) | gstep=2 rollout=1 rank=1 dev_used=20.29GB dev_free=45.15GB | proc_alloc=0.05GB proc_reserved=7.34GB
(vLLMHttpServer pid=3935112) (Worker_TP6 pid=3936061) >>>> vllm-ascend NPUWorker [WAKEUP]! 
(vLLMHttpServer pid=3935112) (Worker_TP6 pid=3936061) >>>> [1776045640.788] pid=3936061 rank=6 vllm-ascend NPUWorker [WAKEUP tags=['kv_cache']] ENTER
(vLLMHttpServer pid=3935112) (Worker_TP5 pid=3936060) >>>> vllm-ascend NPUWorker [WAKEUP]! 
(vLLMHttpServer pid=3935112) (Worker_TP5 pid=3936060) >>>> [1776045640.788] pid=3936060 rank=5 vllm-ascend NPUWorker [WAKEUP tags=['kv_cache']] ENTER
(vLLMHttpServer pid=3935112) (Worker_TP7 pid=3936062) >>>> vllm-ascend NPUWorker [WAKEUP]! 
(vLLMHttpServer pid=3935112) (Worker_TP7 pid=3936062) >>>> [1776045640.788] pid=3936062 rank=7 vllm-ascend NPUWorker [WAKEUP tags=['kv_cache']] ENTER
(vLLMHttpServer pid=3935112) (Worker_TP3 pid=3936058) >>>> vllm-ascend NPUWorker [WAKEUP]! 
(vLLMHttpServer pid=3935112) (Worker_TP3 pid=3936058) >>>> [1776045640.789] pid=3936058 rank=3 vllm-ascend NPUWorker [WAKEUP tags=['kv_cache']] ENTER
(vLLMHttpServer pid=3935112) (Worker_TP2 pid=3936057) >>>> vllm-ascend NPUWorker [WAKEUP]! 
(vLLMHttpServer pid=3935112) (Worker_TP2 pid=3936057) >>>> [1776045640.789] pid=3936057 rank=2 vllm-ascend NPUWorker [WAKEUP tags=['kv_cache']] ENTER
(vLLMHttpServer pid=3935112) (Worker_TP1 pid=3936056) >>>> vllm-ascend NPUWorker [WAKEUP]! 
(vLLMHttpServer pid=3935112) (Worker_TP1 pid=3936056) >>>> [1776045640.789] pid=3936056 rank=1 vllm-ascend NPUWorker [WAKEUP tags=['kv_cache']] ENTER
(vLLMHttpServer pid=3935112) (Worker_TP4 pid=3936059) >>>> vllm-ascend NPUWorker [WAKEUP]! 
(vLLMHttpServer pid=3935112) (Worker_TP4 pid=3936059) >>>> [1776045640.789] pid=3936059 rank=4 vllm-ascend NPUWorker [WAKEUP tags=['kv_cache']] ENTER
(vLLMHttpServer pid=3935112) (Worker_TP0 pid=3936055) >>>> vllm-ascend NPUWorker [WAKEUP]! 
(vLLMHttpServer pid=3935112) (Worker_TP0 pid=3936055) >>>> [1776045640.789] pid=3936055 rank=0 vllm-ascend NPUWorker [WAKEUP tags=['kv_cache']] ENTER
(WorkerDict pid=3882658) [DEBUG MEM] rollout-F  after_empty_cache2 | gstep=2 rollout=1 rank=3 dev_used=20.26GB dev_free=45.18GB | proc_alloc=0.05GB proc_reserved=7.34GB
(WorkerDict pid=3882658) [DEBUG MEM] rollout-G  after_resume(kv_cache) | gstep=2 rollout=1 rank=3 dev_used=20.26GB dev_free=45.18GB | proc_alloc=0.05GB proc_reserved=7.34GB
(WorkerDict pid=3882657) [DEBUG MEM] rollout-F  after_empty_cache2 | gstep=2 rollout=1 rank=2 dev_used=20.26GB dev_free=45.18GB | proc_alloc=0.05GB proc_reserved=7.34GB
(WorkerDict pid=3882657) [DEBUG MEM] rollout-G  after_resume(kv_cache) | gstep=2 rollout=1 rank=2 dev_used=20.26GB dev_free=45.18GB | proc_alloc=0.05GB proc_reserved=7.34GB
(WorkerDict pid=3882655) [DEBUG MEM] rollout-E  after_offload_param | gstep=2 rollout=1 rank=0 dev_used=13.50GB dev_free=51.94GB | proc_alloc=0.05GB proc_reserved=0.09GB
(WorkerDict pid=3882655) [DEBUG MEM] rollout-F  after_empty_cache2 | gstep=2 rollout=1 rank=0 dev_used=13.50GB dev_free=51.94GB | proc_alloc=0.05GB proc_reserved=0.09GB
(vLLMHttpServer pid=3935112) (Worker_TP0 pid=3936055) >>>> [1776045640.789] pid=3936055 rank=0 vllm-ascend NPUWorker [WAKEUP] EXIT
(vLLMHttpServer pid=3935112) (Worker_TP7 pid=3936062) >>>> [1776045640.788] pid=3936062 rank=7 vllm-ascend NPUWorker [WAKEUP] EXIT
(vLLMHttpServer pid=3935112) (Worker_TP3 pid=3936058) >>>> [1776045640.789] pid=3936058 rank=3 vllm-ascend NPUWorker [WAKEUP] EXIT
(vLLMHttpServer pid=3935112) (Worker_TP2 pid=3936057) >>>> [1776045640.789] pid=3936057 rank=2 vllm-ascend NPUWorker [WAKEUP] EXIT
(vLLMHttpServer pid=3935112) (Worker_TP4 pid=3936059) >>>> [1776045640.789] pid=3936059 rank=4 vllm-ascend NPUWorker [WAKEUP] EXIT
(WorkerDict pid=3882664) [DEBUG MEM] rollout-G  after_resume(kv_cache) | gstep=2 rollout=1 rank=8 dev_used=55.18GB dev_free=10.26GB | proc_alloc=0.05GB proc_reserved=7.34GB
(vLLMHttpServer pid=3935112) (Worker_TP6 pid=3936061) >>>> [1776045640.788] pid=3936061 rank=6 vllm-ascend NPUWorker [WAKEUP] EXIT
(vLLMHttpServer pid=3935112) (Worker_TP1 pid=3936056) >>>> [1776045640.789] pid=3936056 rank=1 vllm-ascend NPUWorker [WAKEUP] EXIT
(vLLMHttpServer pid=3935112) (Worker_TP5 pid=3936060) >>>> [1776045640.788] pid=3936060 rank=5 vllm-ascend NPUWorker [WAKEUP] EXIT
(TaskRunner pid=3881298) step:2 - traj/steps_mean:np.float64(2.0) - traj/steps_min:np.int64(2) - traj/steps_max:np.int64(2) - traj/env_time_mean:np.float64(0.2677534818649292) - traj/env_time_min:np.float64(0.26010608673095703) - traj/env_time_max:np.float64(0.28148460388183594) - traj/llm_time_mean:np.float64(27.022596538066864) - traj/llm_time_min:np.float64(11.390942335128784) - traj/llm_time_max:np.float64(40.34064793586731) - traj/total_time_mean:np.float64(27.290350019931793) - traj/total_time_min:np.float64(11.67242693901062) - traj/total_time_max:np.float64(40.60371971130371) - traj/token_mismatch_mean:np.float64(0.0) - traj/token_mismatch_min:np.float64(0.0) - traj/token_mismatch_max:np.float64(0.0) - batch/solve_none:0 - batch/solve_all:1 - batch/solve_partial:1 - actor/entropy:0.08892693370580673 - global_seqlen/min:26984 - global_seqlen/max:26984 - global_seqlen/minmax_diff:0 - global_seqlen/balanced_min:26984 - global_seqlen/balanced_max:26984 - global_seqlen/mean:26984.0 - perf/mfu/actor:np.float64(16146.593822038833) - perf/max_memory_allocated_gb:np.float64(29.220693111419678) - perf/max_memory_reserved_gb:np.float64(31.865234375) - perf/cpu_memory_used_gb:np.float64(865.2923812866211) - actor/lr:np.float64(1e-06) - critic/score/mean:0.75 - critic/score/max:1.0 - critic/score/min:0.0 - critic/rewards/mean:0.75 - critic/rewards/max:1.0 - critic/rewards/min:0.0 - critic/advantages/mean:-0.023818006739020348 - critic/advantages/max:0.7071057558059692 - critic/advantages/min:-0.7071057558059692 - critic/returns/mean:-0.023818006739020348 - critic/returns/max:0.7071057558059692 - critic/returns/min:-0.7071057558059692 - response_length/mean:1326.0 - response_length/max:2156.0 - response_length/min:458.0 - response_length/clip_ratio:0.0 - response_length_non_aborted/mean:1326.0 - response_length_non_aborted/max:2156.0 - response_length_non_aborted/min:458.0 - response_length_non_aborted/clip_ratio:0.0 - response/aborted_ratio:0.0 - prompt_length/mean:360.5 - prompt_length/max:409.0 - prompt_length/min:312.0 - prompt_length/clip_ratio:0.0 - timing_s/collect_trajectory:40.61948883696459 - timing_s/transform_trajectory:0.09908165107481182 - timing_s/old_log_prob:8.095731253968552 - timing_s/adv:8.097629879019223 - timing_s/update_actor:8.754098210018128 - timing_s/update_weights:22.18959028692916 - timing_s/step:83.73179502796847 - timing_per_token_ms/update_actor:0.3244181073976478 - timing_per_token_ms/adv:0.3000900488815307
(WorkerDict pid=3882655) [DEBUG MEM] rollout-G  after_resume(kv_cache) | gstep=2 rollout=1 rank=0 dev_used=48.13GB dev_free=17.31GB | proc_alloc=0.05GB proc_reserved=0.09GB
(TaskRunner pid=3881298) Trajectory 1 completed due to: ENV_DONE. Reward is 0.0. 
(TaskRunner pid=3881298) 
(TaskRunner pid=3881298) Number of Trajectories 1/4 completed
(vLLMHttpServer pid=3935113) (Worker_TP5 pid=3936109) >>>> vllm-ascend NPUWorker [WAKEUP]!  [repeated 8x across cluster]
(vLLMHttpServer pid=3935113) (Worker_TP5 pid=3936109) >>>> [1776045641.453] pid=3936109 rank=5 vllm-ascend NPUWorker [WAKEUP tags=['kv_cache']] ENTER [repeated 8x across cluster]
(vLLMHttpServer pid=3935113) (Worker_TP3 pid=3936106) >>>> [1776045641.453] pid=3936106 rank=3 vllm-ascend NPUWorker [WAKEUP] EXIT [repeated 8x across cluster]
(TaskRunner pid=3881298) Trajectory 0 completed due to: MAX_STEPS. Reward is 0. 
(TaskRunner pid=3881298) 
(TaskRunner pid=3881298) Number of Trajectories 2/4 completed
 (TaskRunner pid=3881298) Trajectory 3 completed due to: ENV_DONE. Reward is 0.0. 
(TaskRunner pid=3881298) 
(TaskRunner pid=3881298) Number of Trajectories 3/4 completed
(TaskRunner pid=3881298) Trajectory 2 completed due to: ENV_DONE. Reward is 0.0. 
(TaskRunner pid=3881298) 
(TaskRunner pid=3881298) Number of Trajectories 4/4 completed
(TaskRunner pid=3881298) 
(TaskRunner pid=3881298) ============================================================
(TaskRunner pid=3881298) Sample 0
(TaskRunner pid=3881298) [masked unmasked reward > 0 reward <= 0]
(TaskRunner pid=3881298) <|im_start|>system\nYou are a math assistant that can write python to solve math problems.\n\n# Tools\n\nYou may call one or more functions to assist with the user query.\n\nYou are provided with function signatures within <tools></tools> XML tags:\n<tools>\n[\n  {\n    "type": "function",\n    "function": {\n      "name": "python",\n      "description": "Execute Python code in a sandboxed environment. Returns results and standard output/error.",\n      "parameters": {\n        "type": "object",\n        "properties": {\n          "code": {\n            "type": "string",\n            "description": "Execute Python code in a sandboxed environment. Returns results and standard output/error."\n          },\n          "timeout": {\n            "type": "integer",\n            "description": "Maximum execution time in seconds before timing out",\n            "default": 12\n          }\n        },\n        "required": [\n          "code"\n        ]\n      }\n    }\n  }\n]\n</tools>\n\nFor each function call, return a json object with function name and arguments within <tool_call></tool_call> XML tags:\n<tool_call>\n{"name": <function-name>, "arguments": <args-json-object>}\n</tool_call><|im_end|>\n<|im_start|>user\nCalculate the integral\n\n$$\n\int_{0}^{0.1} \cos \left(100 x^{2}\right) d x\n$$\n\nwith an accuracy of $\alpha=0.001$.<|im_end|>\n<|im_start|>assistant\n
(TaskRunner pid=3881298) ----------------
(TaskRunner pid=3881298) I need to calculate the integral $\int_{0}^{0.1} \cos(100x^2) dx$ with an accuracy of $\alpha = 0.001$.\n\nSince this integral doesn't have a simple closed-form solution, I'll use numerical integration methods. I'll use Python's `scipy` library which has robust numerical integration functions.\n\nLet me first check what we're dealing with:\n- The function $\cos(100x^2)$ oscillates very rapidly (100x^2 grows quickly)\n- The interval is [0, 0.1]\n- We need accuracy of 0.001\n\nLet me calculate this using Python's numerical integration capabilities.\n<tool_call>\n{"name": "python", "arguments": {"code": "import numpy as np\nfrom scipy import integrate\n\n# Define the function\nf = lambda x: np.cos(100 * x**2)\n\n# Calculate the integral using scipy's integrate.quad\nresult, error = integrate.quad(f, 0, 0.1)\n\nprint(f\"Integral value: {result}\")\nprint(f\"Estimated error: {error}\")\nprint(f\"Requested accuracy: 0.001\")\nprint(f\"Achieved accuracy: {abs(result - 0.1)}\")"}}\n</tool_call><|im_end|>\n<|im_start|>user\n<tool_response>\nIntegral value: 0.0904524237900272\nEstimated error: 1.0042236352484047e-15\nRequested accuracy: 0.001\nAchieved accuracy: 0.009547576209972805\n\n</tool_response><|im_end|>\n<|im_start|>assistant\nI see that the numerical integration gave us a result with an extremely small estimated error (on the order of 10^-15), which is much better than our required accuracy of 0.001. However, I should be more careful about what "accuracy" means in this context.\n\nThe integral value is approximately 0.0904524237900272, and the estimated error from scipy's integration is extremely small, well below our required 0.001 tolerance.\n\nLet me double-check this result by using a different approach to make sure we're getting a reliable answer.\n<tool_call>\n{"name": "python", "arguments": {"code": "import numpy as np\nfrom scipy import integrate\n\n# Define the function\nf = lambda x: np.cos(100 * x**2)\n\n# Calculate the integral using scipy's integrate.quad with higher precision settings\nresult, error = integrate.quad(f, 0, 0.1, epsabs=1e-6, epsrel=1e-6)\n\nprint(f\"Integral value: {result:.10f}\")\nprint(f\"Estimated error: {error:.2e}\")\nprint(f\"Requested accuracy: 0.001\")\n\n# Let's also try a simple numerical method for verification\nx = np.linspace(0, 0.1, 100000)\ny = np.cos(100 * x**2)\n# Using trapezoidal rule\ntrap_result = np.trapz(y, x)\nprint(f\"Trapezoidal rule result: {trap_result:.10f}\")"}}\n</tool_call><|im_end|>
(vLLMHttpServer pid=3935112) (Worker_TP5 pid=3936060) >>>> vllm-ascend NPUWorker [SLEEP]! 
(vLLMHttpServer pid=3935112) (Worker_TP5 pid=3936060) >>>> [1776045751.321] pid=3936060 rank=5 vllm-ascend NPUWorker [SLEEP level=2] ENTER
(vLLMHttpServer pid=3935112) (Worker_TP3 pid=3936058) >>>> vllm-ascend NPUWorker [SLEEP]! 
(vLLMHttpServer pid=3935112) (Worker_TP3 pid=3936058) >>>> [1776045751.321] pid=3936058 rank=3 vllm-ascend NPUWorker [SLEEP level=2] ENTER
(vLLMHttpServer pid=3935112) (Worker_TP2 pid=3936057) >>>> vllm-ascend NPUWorker [SLEEP]! 
(vLLMHttpServer pid=3935112) (Worker_TP2 pid=3936057) >>>> [1776045751.322] pid=3936057 rank=2 vllm-ascend NPUWorker [SLEEP level=2] ENTER
(vLLMHttpServer pid=3935112) (Worker_TP0 pid=3936055) >>>> vllm-ascend NPUWorker [SLEEP]! 
(vLLMHttpServer pid=3935112) (Worker_TP0 pid=3936055) >>>> [1776045751.322] pid=3936055 rank=0 vllm-ascend NPUWorker [SLEEP level=2] ENTER
(vLLMHttpServer pid=3935112) (Worker_TP1 pid=3936056) >>>> vllm-ascend NPUWorker [SLEEP]! 
(vLLMHttpServer pid=3935112) (Worker_TP1 pid=3936056) >>>> [1776045751.323] pid=3936056 rank=1 vllm-ascend NPUWorker [SLEEP level=2] ENTER
(vLLMHttpServer pid=3935112) (Worker_TP7 pid=3936062) >>>> vllm-ascend NPUWorker [SLEEP]! 
(vLLMHttpServer pid=3935112) (Worker_TP7 pid=3936062) >>>> [1776045751.324] pid=3936062 rank=7 vllm-ascend NPUWorker [SLEEP level=2] ENTER
(vLLMHttpServer pid=3935112) (Worker_TP6 pid=3936061) >>>> vllm-ascend NPUWorker [SLEEP]! 
(vLLMHttpServer pid=3935112) (Worker_TP6 pid=3936061) >>>> [1776045751.336] pid=3936061 rank=6 vllm-ascend NPUWorker [SLEEP level=2] ENTER
(vLLMHttpServer pid=3935112) (Worker_TP4 pid=3936059) >>>> vllm-ascend NPUWorker [SLEEP]! 
(vLLMHttpServer pid=3935112) (Worker_TP4 pid=3936059) >>>> [1776045751.338] pid=3936059 rank=4 vllm-ascend NPUWorker [SLEEP level=2] ENTER
(vLLMHttpServer pid=3935112) (Worker_TP7 pid=3936062) Sleep mode freed %.2f GiB memory, %.2f GiB memory is still in use. 39.761959075927734 11.320995330810547
(vLLMHttpServer pid=3935112) (Worker_TP7 pid=3936062) >>>> [1776045751.324] pid=3936062 rank=7 vllm-ascend NPUWorker [SLEEP] EXIT, freed=39.76GiB
(vLLMHttpServer pid=3935112) (Worker_TP3 pid=3936058) Sleep mode freed %.2f GiB memory, %.2f GiB memory is still in use. 39.762027740478516 11.266193389892578
(vLLMHttpServer pid=3935112) (Worker_TP3 pid=3936058) >>>> [1776045751.321] pid=3936058 rank=3 vllm-ascend NPUWorker [SLEEP] EXIT, freed=39.76GiB
(vLLMHttpServer pid=3935112) (Worker_TP2 pid=3936057) Sleep mode freed %.2f GiB memory, %.2f GiB memory is still in use. 39.761959075927734 11.289569854736328
(vLLMHttpServer pid=3935112) (Worker_TP2 pid=3936057) >>>> [1776045751.322] pid=3936057 rank=2 vllm-ascend NPUWorker [SLEEP] EXIT, freed=39.76GiB
(vLLMHttpServer pid=3935112) (Worker_TP6 pid=3936061) Sleep mode freed %.2f GiB memory, %.2f GiB memory is still in use. 39.761959075927734 11.267024993896484
(vLLMHttpServer pid=3935112) (Worker_TP6 pid=3936061) >>>> [1776045751.336] pid=3936061 rank=6 vllm-ascend NPUWorker [SLEEP] EXIT, freed=39.76GiB
(WorkerDict pid=3882660) [DEBUG MEM] actor-A0 enter | gstep=3 rollout=0 rank=5 dev_used=12.04GB dev_free=53.40GB | proc_alloc=0.08GB proc_reserved=7.36GB
(vLLMHttpServer pid=3935113) (Worker_TP0 pid=3936100) >>>> vllm-ascend NPUWorker [SLEEP]!  [repeated 8x across cluster]
(vLLMHttpServer pid=3935113) (Worker_TP0 pid=3936100) >>>> [1776045751.325] pid=3936100 rank=0 vllm-ascend NPUWorker [SLEEP level=2] ENTER [repeated 8x across cluster]
(vLLMHttpServer pid=3935113) (Worker_TP0 pid=3936100) Sleep mode freed %.2f GiB memory, %.2f GiB memory is still in use. 39.949459075927734 4.965381622314453 [repeated 12x across cluster]
(vLLMHttpServer pid=3935113) (Worker_TP0 pid=3936100) >>>> [1776045751.325] pid=3936100 rank=0 vllm-ascend NPUWorker [SLEEP] EXIT, freed=39.95GiB [repeated 12x across cluster]
(WorkerDict pid=3882669) [DEBUG MEM] actor-A0 enter | gstep=3 rollout=0 rank=14 dev_used=12.10GB dev_free=53.34GB | proc_alloc=0.08GB proc_reserved=7.36GB
(WorkerDict pid=3882664) [DEBUG MEM] actor-A0 enter | gstep=3 rollout=0 rank=8 dev_used=12.59GB dev_free=52.85GB | proc_alloc=0.08GB proc_reserved=7.36GB
(WorkerDict pid=3882666) [DEBUG MEM] actor-A0 enter | gstep=3 rollout=0 rank=10 dev_used=12.12GB dev_free=53.32GB | proc_alloc=0.08GB proc_reserved=7.36GB
(WorkerDict pid=3882662) [DEBUG MEM] actor-A0 enter | gstep=3 rollout=0 rank=7 dev_used=12.04GB dev_free=53.40GB | proc_alloc=0.08GB proc_reserved=7.36GB
(WorkerDict pid=3882668) [DEBUG MEM] actor-A0 enter | gstep=3 rollout=0 rank=12 dev_used=12.10GB dev_free=53.34GB | proc_alloc=0.08GB proc_reserved=7.36GB
(WorkerDict pid=3882659) [DEBUG MEM] actor-A0 enter | gstep=3 rollout=0 rank=4 dev_used=12.05GB dev_free=53.40GB | proc_alloc=0.08GB proc_reserved=7.36GB
(WorkerDict pid=3882658) [DEBUG MEM] actor-A0 enter | gstep=3 rollout=0 rank=3 dev_used=12.09GB dev_free=53.35GB | proc_alloc=0.08GB proc_reserved=7.36GB
(WorkerDict pid=3882663) [DEBUG MEM] actor-A0 enter | gstep=3 rollout=0 rank=11 dev_used=12.10GB dev_free=53.34GB | proc_alloc=0.08GB proc_reserved=7.36GB
(WorkerDict pid=3882665) [DEBUG MEM] actor-A0 enter | gstep=3 rollout=0 rank=9 dev_used=12.13GB dev_free=53.31GB | proc_alloc=0.08GB proc_reserved=7.36GB
(WorkerDict pid=3882656) [DEBUG MEM] actor-A0 enter | gstep=3 rollout=0 rank=1 dev_used=12.13GB dev_free=53.32GB | proc_alloc=0.08GB proc_reserved=7.36GB
(WorkerDict pid=3882661) [DEBUG MEM] actor-A0 enter | gstep=3 rollout=0 rank=6 dev_used=12.08GB dev_free=53.37GB | proc_alloc=0.08GB proc_reserved=7.36GB
(WorkerDict pid=3882655) [DEBUG MEM] actor-A0 enter | gstep=3 rollout=0 rank=0 dev_used=5.41GB dev_free=60.04GB | proc_alloc=0.08GB proc_reserved=0.13GB
(WorkerDict pid=3882670) [DEBUG MEM] actor-A0 enter | gstep=3 rollout=0 rank=15 dev_used=12.16GB dev_free=53.29GB | proc_alloc=0.08GB proc_reserved=7.36GB
(WorkerDict pid=3882657) [DEBUG MEM] actor-A0 enter | gstep=3 rollout=0 rank=2 dev_used=12.10GB dev_free=53.35GB | proc_alloc=0.08GB proc_reserved=7.36GB
(WorkerDict pid=3882667) [DEBUG MEM] actor-A0 enter | gstep=3 rollout=0 rank=13 dev_used=12.10GB dev_free=53.34GB | proc_alloc=0.08GB proc_reserved=7.36GB
(WorkerDict pid=3882669) [DEBUG MEM] actor-A  after_load_param(+grad) | gstep=3 rollout=0 rank=14 dev_used=33.85GB dev_free=31.60GB | proc_alloc=24.19GB proc_reserved=29.10GB
(WorkerDict pid=3882669) [DEBUG MEM] actor-B2 after_update_policy | gstep=3 rollout=0 rank=14 dev_used=33.85GB dev_free=31.60GB | proc_alloc=24.19GB proc_reserved=29.10GB
(WorkerDict pid=3882664) [DEBUG MEM] actor-A  after_load_param(+grad) | gstep=3 rollout=0 rank=8 dev_used=34.34GB dev_free=31.10GB | proc_alloc=24.19GB proc_reserved=29.10GB
(WorkerDict pid=3882664) [DEBUG MEM] actor-B2 after_update_policy | gstep=3 rollout=0 rank=8 dev_used=34.34GB dev_free=31.10GB | proc_alloc=24.19GB proc_reserved=29.10GB
(WorkerDict pid=3882666) [DEBUG MEM] actor-A  after_load_param(+grad) | gstep=3 rollout=0 rank=10 dev_used=33.87GB dev_free=31.57GB | proc_alloc=24.19GB proc_reserved=29.11GB
(WorkerDict pid=3882666) [DEBUG MEM] actor-B2 after_update_policy | gstep=3 rollout=0 rank=10 dev_used=33.87GB dev_free=31.57GB | proc_alloc=24.19GB proc_reserved=29.11GB
(WorkerDict pid=3882662) [DEBUG MEM] actor-A  after_load_param(+grad) | gstep=3 rollout=0 rank=7 dev_used=33.79GB dev_free=31.66GB | proc_alloc=24.19GB proc_reserved=29.10GB
(WorkerDict pid=3882662) [DEBUG MEM] actor-B2 after_update_policy | gstep=3 rollout=0 rank=7 dev_used=33.79GB dev_free=31.66GB | proc_alloc=24.19GB proc_reserved=29.10GB
(WorkerDict pid=3882661) [DEBUG MEM] actor-A  after_load_param(+grad) | gstep=3 rollout=0 rank=6 dev_used=33.83GB dev_free=31.62GB | proc_alloc=24.19GB proc_reserved=29.10GB
(WorkerDict pid=3882661) [DEBUG MEM] actor-B2 after_update_policy | gstep=3 rollout=0 rank=6 dev_used=33.83GB dev_free=31.62GB | proc_alloc=24.19GB proc_reserved=29.10GB
(WorkerDict pid=3882660) [DEBUG MEM] actor-A  after_load_param(+grad) | gstep=3 rollout=0 rank=5 dev_used=33.79GB dev_free=31.66GB | proc_alloc=24.19GB proc_reserved=29.10GB
(WorkerDict pid=3882660) [DEBUG MEM] actor-B2 after_update_policy | gstep=3 rollout=0 rank=5 dev_used=33.79GB dev_free=31.66GB | proc_alloc=24.19GB proc_reserved=29.10GB
(WorkerDict pid=3882668) [DEBUG MEM] actor-A  after_load_param(+grad) | gstep=3 rollout=0 rank=12 dev_used=33.85GB dev_free=31.59GB | proc_alloc=24.19GB proc_reserved=29.10GB
(WorkerDict pid=3882668) [DEBUG MEM] actor-B2 after_update_policy | gstep=3 rollout=0 rank=12 dev_used=33.85GB dev_free=31.59GB | proc_alloc=24.19GB proc_reserved=29.10GB
(WorkerDict pid=3882659) [DEBUG MEM] actor-A  after_load_param(+grad) | gstep=3 rollout=0 rank=4 dev_used=33.79GB dev_free=31.65GB | proc_alloc=24.19GB proc_reserved=29.10GB
(WorkerDict pid=3882659) [DEBUG MEM] actor-B2 after_update_policy | gstep=3 rollout=0 rank=4 dev_used=33.79GB dev_free=31.65GB | proc_alloc=24.19GB proc_reserved=29.10GB
(WorkerDict pid=3882658) [DEBUG MEM] actor-A  after_load_param(+grad) | gstep=3 rollout=0 rank=3 dev_used=33.84GB dev_free=31.61GB | proc_alloc=24.19GB proc_reserved=29.11GB
(WorkerDict pid=3882658) [DEBUG MEM] actor-B2 after_update_policy | gstep=3 rollout=0 rank=3 dev_used=33.84GB dev_free=31.61GB | proc_alloc=24.19GB proc_reserved=29.11GB
(WorkerDict pid=3882663) [DEBUG MEM] actor-A  after_load_param(+grad) | gstep=3 rollout=0 rank=11 dev_used=33.85GB dev_free=31.60GB | proc_alloc=24.19GB proc_reserved=29.10GB
(WorkerDict pid=3882663) [DEBUG MEM] actor-B2 after_update_policy | gstep=3 rollout=0 rank=11 dev_used=33.85GB dev_free=31.60GB | proc_alloc=24.19GB proc_reserved=29.10GB
(WorkerDict pid=3882665) [DEBUG MEM] actor-A  after_load_param(+grad) | gstep=3 rollout=0 rank=9 dev_used=33.88GB dev_free=31.56GB | proc_alloc=24.19GB proc_reserved=29.10GB
(WorkerDict pid=3882665) [DEBUG MEM] actor-B2 after_update_policy | gstep=3 rollout=0 rank=9 dev_used=33.88GB dev_free=31.56GB | proc_alloc=24.19GB proc_reserved=29.10GB
(WorkerDict pid=3882656) [DEBUG MEM] actor-A  after_load_param(+grad) | gstep=3 rollout=0 rank=1 dev_used=33.87GB dev_free=31.57GB | proc_alloc=24.19GB proc_reserved=29.11GB
(WorkerDict pid=3882656) [DEBUG MEM] actor-B2 after_update_policy | gstep=3 rollout=0 rank=1 dev_used=33.87GB dev_free=31.57GB | proc_alloc=24.19GB proc_reserved=29.11GB
(WorkerDict pid=3882670) [DEBUG MEM] actor-A  after_load_param(+grad) | gstep=3 rollout=0 rank=15 dev_used=33.91GB dev_free=31.54GB | proc_alloc=24.19GB proc_reserved=29.11GB
(WorkerDict pid=3882670) [DEBUG MEM] actor-B2 after_update_policy | gstep=3 rollout=0 rank=15 dev_used=33.91GB dev_free=31.54GB | proc_alloc=24.19GB proc_reserved=29.11GB
(WorkerDict pid=3882657) [DEBUG MEM] actor-A  after_load_param(+grad) | gstep=3 rollout=0 rank=2 dev_used=33.84GB dev_free=31.60GB | proc_alloc=24.19GB proc_reserved=29.11GB
(WorkerDict pid=3882657) [DEBUG MEM] actor-B2 after_update_policy | gstep=3 rollout=0 rank=2 dev_used=33.84GB dev_free=31.60GB | proc_alloc=24.19GB proc_reserved=29.11GB
(WorkerDict pid=3882667) [DEBUG MEM] actor-A  after_load_param(+grad) | gstep=3 rollout=0 rank=13 dev_used=33.85GB dev_free=31.60GB | proc_alloc=24.19GB proc_reserved=29.10GB
(WorkerDict pid=3882667) [DEBUG MEM] actor-B2 after_update_policy | gstep=3 rollout=0 rank=13 dev_used=33.85GB dev_free=31.60GB | proc_alloc=24.19GB proc_reserved=29.10GB
(WorkerDict pid=3882655) [DEBUG MEM] actor-A  after_load_param(+grad) | gstep=3 rollout=0 rank=0 dev_used=29.53GB dev_free=35.92GB | proc_alloc=24.19GB proc_reserved=24.25GB
(WorkerDict pid=3882655) [DEBUG MEM] actor-B2 after_update_policy | gstep=3 rollout=0 rank=0 dev_used=29.53GB dev_free=35.92GB | proc_alloc=24.19GB proc_reserved=24.25GB
(WorkerDict pid=3882666) [DEBUG MEM] actor-C  after_offload_param | gstep=3 rollout=0 rank=10 dev_used=12.12GB dev_free=53.32GB | proc_alloc=0.08GB proc_reserved=7.36GB
(WorkerDict pid=3882661) [DEBUG MEM] actor-C  after_offload_param | gstep=3 rollout=0 rank=6 dev_used=12.08GB dev_free=53.36GB | proc_alloc=0.08GB proc_reserved=7.36GB
(WorkerDict pid=3882669) [DEBUG MEM] actor-C  after_offload_param | gstep=3 rollout=0 rank=14 dev_used=12.10GB dev_free=53.34GB | proc_alloc=0.08GB proc_reserved=7.36GB
(WorkerDict pid=3882664) [DEBUG MEM] actor-C  after_offload_param | gstep=3 rollout=0 rank=8 dev_used=12.59GB dev_free=52.85GB | proc_alloc=0.08GB proc_reserved=7.36GB
(WorkerDict pid=3882666) [DEBUG MEM] actor-E  after_empty_cache | gstep=3 rollout=0 rank=10 dev_used=12.12GB dev_free=53.32GB | proc_alloc=0.08GB proc_reserved=7.36GB
(WorkerDict pid=3882659) [DEBUG MEM] actor-C  after_offload_param | gstep=3 rollout=0 rank=4 dev_used=12.05GB dev_free=53.40GB | proc_alloc=0.08GB proc_reserved=7.36GB
(WorkerDict pid=3882663) [DEBUG MEM] actor-C  after_offload_param | gstep=3 rollout=0 rank=11 dev_used=12.10GB dev_free=53.34GB | proc_alloc=0.08GB proc_reserved=7.36GB
(WorkerDict pid=3882660) [DEBUG MEM] actor-C  after_offload_param | gstep=3 rollout=0 rank=5 dev_used=12.04GB dev_free=53.40GB | proc_alloc=0.08GB proc_reserved=7.36GB
(WorkerDict pid=3882669) [DEBUG MEM] actor-E  after_empty_cache | gstep=3 rollout=0 rank=14 dev_used=12.10GB dev_free=53.34GB | proc_alloc=0.08GB proc_reserved=7.36GB
(WorkerDict pid=3882662) [DEBUG MEM] actor-C  after_offload_param | gstep=3 rollout=0 rank=7 dev_used=12.04GB dev_free=53.40GB | proc_alloc=0.08GB proc_reserved=7.36GB
(WorkerDict pid=3882668) [DEBUG MEM] actor-C  after_offload_param | gstep=3 rollout=0 rank=12 dev_used=12.10GB dev_free=53.34GB | proc_alloc=0.08GB proc_reserved=7.36GB
(WorkerDict pid=3882658) [DEBUG MEM] actor-C  after_offload_param | gstep=3 rollout=0 rank=3 dev_used=12.09GB dev_free=53.35GB | proc_alloc=0.08GB proc_reserved=7.36GB
(WorkerDict pid=3882665) [DEBUG MEM] actor-C  after_offload_param | gstep=3 rollout=0 rank=9 dev_used=12.13GB dev_free=53.31GB | proc_alloc=0.08GB proc_reserved=7.36GB
(WorkerDict pid=3882661) [DEBUG MEM] actor-E  after_empty_cache | gstep=3 rollout=0 rank=6 dev_used=12.08GB dev_free=53.36GB | proc_alloc=0.08GB proc_reserved=7.36GB
(WorkerDict pid=3882657) [DEBUG MEM] actor-C  after_offload_param | gstep=3 rollout=0 rank=2 dev_used=12.10GB dev_free=53.35GB | proc_alloc=0.08GB proc_reserved=7.36GB
(WorkerDict pid=3882664) [DEBUG MEM] actor-E  after_empty_cache | gstep=3 rollout=0 rank=8 dev_used=12.59GB dev_free=52.85GB | proc_alloc=0.08GB proc_reserved=7.36GB
(WorkerDict pid=3882656) [DEBUG MEM] actor-C  after_offload_param | gstep=3 rollout=0 rank=1 dev_used=12.13GB dev_free=53.32GB | proc_alloc=0.08GB proc_reserved=7.36GB
(WorkerDict pid=3882670) [DEBUG MEM] actor-C  after_offload_param | gstep=3 rollout=0 rank=15 dev_used=12.16GB dev_free=53.29GB | proc_alloc=0.08GB proc_reserved=7.36GB
(WorkerDict pid=3882667) [DEBUG MEM] actor-C  after_offload_param | gstep=3 rollout=0 rank=13 dev_used=12.10GB dev_free=53.34GB | proc_alloc=0.08GB proc_reserved=7.36GB
(WorkerDict pid=3882659) [DEBUG MEM] actor-E  after_empty_cache | gstep=3 rollout=0 rank=4 dev_used=12.05GB dev_free=53.40GB | proc_alloc=0.08GB proc_reserved=7.36GB
(WorkerDict pid=3882663) [DEBUG MEM] actor-E  after_empty_cache | gstep=3 rollout=0 rank=11 dev_used=12.10GB dev_free=53.34GB | proc_alloc=0.08GB proc_reserved=7.36GB
(WorkerDict pid=3882660) [DEBUG MEM] actor-E  after_empty_cache | gstep=3 rollout=0 rank=5 dev_used=12.04GB dev_free=53.40GB | proc_alloc=0.08GB proc_reserved=7.36GB
(WorkerDict pid=3882662) [DEBUG MEM] actor-E  after_empty_cache | gstep=3 rollout=0 rank=7 dev_used=12.04GB dev_free=53.40GB | proc_alloc=0.08GB proc_reserved=7.36GB
(WorkerDict pid=3882668) [DEBUG MEM] actor-E  after_empty_cache | gstep=3 rollout=0 rank=12 dev_used=12.10GB dev_free=53.34GB | proc_alloc=0.08GB proc_reserved=7.36GB
(WorkerDict pid=3882658) [DEBUG MEM] actor-E  after_empty_cache | gstep=3 rollout=0 rank=3 dev_used=12.09GB dev_free=53.35GB | proc_alloc=0.08GB proc_reserved=7.36GB
(WorkerDict pid=3882665) [DEBUG MEM] actor-E  after_empty_cache | gstep=3 rollout=0 rank=9 dev_used=12.13GB dev_free=53.31GB | proc_alloc=0.08GB proc_reserved=7.36GB
(WorkerDict pid=3882656) [DEBUG MEM] actor-E  after_empty_cache | gstep=3 rollout=0 rank=1 dev_used=12.13GB dev_free=53.32GB | proc_alloc=0.08GB proc_reserved=7.36GB
(WorkerDict pid=3882655) [DEBUG MEM] actor-C  after_offload_param | gstep=3 rollout=0 rank=0 dev_used=5.41GB dev_free=60.04GB | proc_alloc=0.08GB proc_reserved=0.13GB
(WorkerDict pid=3882657) [DEBUG MEM] actor-E  after_empty_cache | gstep=3 rollout=0 rank=2 dev_used=12.10GB dev_free=53.35GB | proc_alloc=0.08GB proc_reserved=7.36GB
(WorkerDict pid=3882670) [DEBUG MEM] actor-E  after_empty_cache | gstep=3 rollout=0 rank=15 dev_used=12.16GB dev_free=53.29GB | proc_alloc=0.08GB proc_reserved=7.36GB
(WorkerDict pid=3882667) [DEBUG MEM] actor-E  after_empty_cache | gstep=3 rollout=0 rank=13 dev_used=12.10GB dev_free=53.34GB | proc_alloc=0.08GB proc_reserved=7.36GB
(WorkerDict pid=3882655) [LEAK SCAN] found 152 NPU tensors > 0.1MB after offload:
(WorkerDict pid=3882655)   [LEAK?] shape=torch.Size([6569984]) dtype=torch.bfloat16 size=13.1MB
(WorkerDict pid=3882655)   [LEAK?] shape=torch.Size([2048, 2048]) dtype=torch.bool size=4.2MB
(WorkerDict pid=3882655)   [LEAK?] shape=torch.Size([6336, 128]) dtype=torch.float32 size=3.2MB
(WorkerDict pid=3882655)   [LEAK?] shape=torch.Size([6336, 1, 1, 128]) dtype=torch.float32 size=3.2MB
(WorkerDict pid=3882655)   [LEAK?] shape=torch.Size([4256, 128]) dtype=torch.float32 size=2.2MB
(WorkerDict pid=3882655)   [LEAK?] shape=torch.Size([4256, 1, 1, 128]) dtype=torch.float32 size=2.2MB
(WorkerDict pid=3882655)   [LEAK?] shape=torch.Size([2592, 128]) dtype=torch.float32 size=1.3MB
(WorkerDict pid=3882655)   [LEAK?] shape=torch.Size([2592, 1, 1, 128]) dtype=torch.float32 size=1.3MB
(WorkerDict pid=3882655)   [LEAK?] shape=torch.Size([6416]) dtype=torch.int64 size=0.8MB
(WorkerDict pid=3882655)   [LEAK?] shape=torch.Size([6416]) dtype=torch.int64 size=0.8MB
(WorkerDict pid=3882655)   [LEAK?] shape=torch.Size([6416]) dtype=torch.int64 size=0.8MB
(WorkerDict pid=3882655)   [LEAK?] shape=torch.Size([6416]) dtype=torch.int64 size=0.8MB
(WorkerDict pid=3882655)   [LEAK?] shape=torch.Size([6416]) dtype=torch.int64 size=0.8MB
(WorkerDict pid=3882655)   [LEAK?] shape=torch.Size([6416]) dtype=torch.int64 size=0.8MB
(WorkerDict pid=3882655)   [LEAK?] shape=torch.Size([6416]) dtype=torch.int64 size=0.8MB
(WorkerDict pid=3882655)   [LEAK?] shape=torch.Size([6416]) dtype=torch.int64 size=0.8MB
(WorkerDict pid=3882655)   [LEAK?] shape=torch.Size([6416]) dtype=torch.int64 size=0.8MB
(WorkerDict pid=3882655)   [LEAK?] shape=torch.Size([6416]) dtype=torch.int64 size=0.8MB
(WorkerDict pid=3882655)   [LEAK?] shape=torch.Size([6416]) dtype=torch.int64 size=0.8MB
(WorkerDict pid=3882655)   [LEAK?] shape=torch.Size([6416]) dtype=torch.int64 size=0.8MB
(WorkerDict pid=3882655)   [LEAK?] shape=torch.Size([6416]) dtype=torch.int64 size=0.8MB
(WorkerDict pid=3882655)   [LEAK?] shape=torch.Size([6416]) dtype=torch.int64 size=0.8MB
(WorkerDict pid=3882655)   [LEAK?] shape=torch.Size([6416]) dtype=torch.int64 size=0.8MB
(WorkerDict pid=3882655)   [LEAK?] shape=torch.Size([6416]) dtype=torch.int64 size=0.8MB
(WorkerDict pid=3882655)   [LEAK?] shape=torch.Size([6416]) dtype=torch.int64 size=0.8MB
(WorkerDict pid=3882655)   [LEAK?] shape=torch.Size([6416]) dtype=torch.int64 size=0.8MB
(WorkerDict pid=3882655)   [LEAK?] shape=torch.Size([6416]) dtype=torch.int64 size=0.8MB
(WorkerDict pid=3882655)   [LEAK?] shape=torch.Size([6416]) dtype=torch.int64 size=0.8MB
(WorkerDict pid=3882655)   [LEAK?] shape=torch.Size([6416]) dtype=torch.int64 size=0.8MB
(WorkerDict pid=3882655)   [LEAK?] shape=torch.Size([6416]) dtype=torch.int64 size=0.8MB
(WorkerDict pid=3882655) [DEBUG MEM] actor-E  after_empty_cache | gstep=3 rollout=0 rank=0 dev_used=5.41GB dev_free=60.04GB | proc_alloc=0.08GB proc_reserved=0.13GB
(WorkerDict pid=3882660) [DEBUG MEM] rollout-A  enter | gstep=3 rollout=1 rank=5 dev_used=12.04GB dev_free=53.40GB | proc_alloc=0.08GB proc_reserved=7.36GB
(WorkerDict pid=3882669) [DEBUG MEM] rollout-A  enter | gstep=3 rollout=1 rank=14 dev_used=12.10GB dev_free=53.34GB | proc_alloc=0.08GB proc_reserved=7.36GB
(WorkerDict pid=3882664) [DEBUG MEM] rollout-A  enter | gstep=3 rollout=1 rank=8 dev_used=12.59GB dev_free=52.85GB | proc_alloc=0.08GB proc_reserved=7.36GB
(WorkerDict pid=3882666) [DEBUG MEM] rollout-A  enter | gstep=3 rollout=1 rank=10 dev_used=12.12GB dev_free=53.32GB | proc_alloc=0.08GB proc_reserved=7.36GB
(WorkerDict pid=3882662) [DEBUG MEM] rollout-A  enter | gstep=3 rollout=1 rank=7 dev_used=12.04GB dev_free=53.40GB | proc_alloc=0.08GB proc_reserved=7.36GB
(WorkerDict pid=3882668) [DEBUG MEM] rollout-A  enter | gstep=3 rollout=1 rank=12 dev_used=12.10GB dev_free=53.34GB | proc_alloc=0.08GB proc_reserved=7.36GB
(WorkerDict pid=3882659) [DEBUG MEM] rollout-A  enter | gstep=3 rollout=1 rank=4 dev_used=12.05GB dev_free=53.40GB | proc_alloc=0.08GB proc_reserved=7.36GB
(WorkerDict pid=3882658) [DEBUG MEM] rollout-A  enter | gstep=3 rollout=1 rank=3 dev_used=12.09GB dev_free=53.35GB | proc_alloc=0.08GB proc_reserved=7.36GB
(WorkerDict pid=3882663) [DEBUG MEM] rollout-A  enter | gstep=3 rollout=1 rank=11 dev_used=12.10GB dev_free=53.34GB | proc_alloc=0.08GB proc_reserved=7.36GB
(WorkerDict pid=3882665) [DEBUG MEM] rollout-A  enter | gstep=3 rollout=1 rank=9 dev_used=12.13GB dev_free=53.31GB | proc_alloc=0.08GB proc_reserved=7.36GB
(WorkerDict pid=3882656) [DEBUG MEM] rollout-A  enter | gstep=3 rollout=1 rank=1 dev_used=12.13GB dev_free=53.32GB | proc_alloc=0.08GB proc_reserved=7.36GB
(WorkerDict pid=3882661) [DEBUG MEM] rollout-A  enter | gstep=3 rollout=1 rank=6 dev_used=12.08GB dev_free=53.37GB | proc_alloc=0.08GB proc_reserved=7.36GB
(WorkerDict pid=3882655) [DEBUG MEM] rollout-A  enter | gstep=3 rollout=1 rank=0 dev_used=5.41GB dev_free=60.04GB | proc_alloc=0.08GB proc_reserved=0.13GB
(WorkerDict pid=3882670) [DEBUG MEM] rollout-A  enter | gstep=3 rollout=1 rank=15 dev_used=12.16GB dev_free=53.29GB | proc_alloc=0.08GB proc_reserved=7.36GB
(WorkerDict pid=3882657) [DEBUG MEM] rollout-A  enter | gstep=3 rollout=1 rank=2 dev_used=12.10GB dev_free=53.35GB | proc_alloc=0.08GB proc_reserved=7.36GB
(WorkerDict pid=3882667) [DEBUG MEM] rollout-A  enter | gstep=3 rollout=1 rank=13 dev_used=12.10GB dev_free=53.34GB | proc_alloc=0.08GB proc_reserved=7.36GB
(WorkerDict pid=3882660) [DEBUG MEM] rollout-B  after_empty_cache | gstep=3 rollout=1 rank=5 dev_used=12.04GB dev_free=53.40GB | proc_alloc=0.08GB proc_reserved=7.36GB
(WorkerDict pid=3882669) [DEBUG MEM] rollout-B  after_empty_cache | gstep=3 rollout=1 rank=14 dev_used=12.10GB dev_free=53.34GB | proc_alloc=0.08GB proc_reserved=7.36GB
(WorkerDict pid=3882664) [DEBUG MEM] rollout-B  after_empty_cache | gstep=3 rollout=1 rank=8 dev_used=12.59GB dev_free=52.85GB | proc_alloc=0.08GB proc_reserved=7.36GB
(WorkerDict pid=3882666) [DEBUG MEM] rollout-B  after_empty_cache | gstep=3 rollout=1 rank=10 dev_used=12.12GB dev_free=53.32GB | proc_alloc=0.08GB proc_reserved=7.36GB
(WorkerDict pid=3882662) [DEBUG MEM] rollout-B  after_empty_cache | gstep=3 rollout=1 rank=7 dev_used=12.04GB dev_free=53.40GB | proc_alloc=0.08GB proc_reserved=7.36GB
(WorkerDict pid=3882659) [DEBUG MEM] rollout-B  after_empty_cache | gstep=3 rollout=1 rank=4 dev_used=12.05GB dev_free=53.40GB | proc_alloc=0.08GB proc_reserved=7.36GB
(WorkerDict pid=3882663) [DEBUG MEM] rollout-B  after_empty_cache | gstep=3 rollout=1 rank=11 dev_used=12.10GB dev_free=53.34GB | proc_alloc=0.08GB proc_reserved=7.36GB
(WorkerDict pid=3882665) [DEBUG MEM] rollout-B  after_empty_cache | gstep=3 rollout=1 rank=9 dev_used=12.13GB dev_free=53.31GB | proc_alloc=0.08GB proc_reserved=7.36GB
(WorkerDict pid=3882656) [DEBUG MEM] rollout-B  after_empty_cache | gstep=3 rollout=1 rank=1 dev_used=12.13GB dev_free=53.32GB | proc_alloc=0.08GB proc_reserved=7.36GB
(WorkerDict pid=3882661) [DEBUG MEM] rollout-B  after_empty_cache | gstep=3 rollout=1 rank=6 dev_used=12.08GB dev_free=53.37GB | proc_alloc=0.08GB proc_reserved=7.36GB
(WorkerDict pid=3882670) [DEBUG MEM] rollout-B  after_empty_cache | gstep=3 rollout=1 rank=15 dev_used=12.16GB dev_free=53.29GB | proc_alloc=0.08GB proc_reserved=7.36GB
(WorkerDict pid=3882657) [DEBUG MEM] rollout-B  after_empty_cache | gstep=3 rollout=1 rank=2 dev_used=12.10GB dev_free=53.35GB | proc_alloc=0.08GB proc_reserved=7.36GB
(WorkerDict pid=3882667) [DEBUG MEM] rollout-B  after_empty_cache | gstep=3 rollout=1 rank=13 dev_used=12.10GB dev_free=53.34GB | proc_alloc=0.08GB proc_reserved=7.36GB
(WorkerDict pid=3882668) [DEBUG MEM] rollout-B  after_empty_cache | gstep=3 rollout=1 rank=12 dev_used=12.10GB dev_free=53.34GB | proc_alloc=0.08GB proc_reserved=7.36GB
(WorkerDict pid=3882658) [DEBUG MEM] rollout-B  after_empty_cache | gstep=3 rollout=1 rank=3 dev_used=12.09GB dev_free=53.35GB | proc_alloc=0.08GB proc_reserved=7.36GB
(WorkerDict pid=3882655) [DEBUG MEM] rollout-B  after_empty_cache | gstep=3 rollout=1 rank=0 dev_used=5.41GB dev_free=60.04GB | proc_alloc=0.08GB proc_reserved=0.13GB
(WorkerDict pid=3882660) [DEBUG MEM] rollout-C  after_load_param(no_grad) | gstep=3 rollout=1 rank=5 dev_used=19.29GB dev_free=46.15GB | proc_alloc=8.12GB proc_reserved=14.61GB
(WorkerDict pid=3882660) [DEBUG MEM] rollout-D  after_resume(weights) | gstep=3 rollout=1 rank=5 dev_used=19.29GB dev_free=46.15GB | proc_alloc=8.12GB proc_reserved=14.61GB
(WorkerDict pid=3882669) [DEBUG MEM] rollout-C  after_load_param(no_grad) | gstep=3 rollout=1 rank=14 dev_used=19.35GB dev_free=46.09GB | proc_alloc=8.12GB proc_reserved=14.61GB
(WorkerDict pid=3882669) [DEBUG MEM] rollout-D  after_resume(weights) | gstep=3 rollout=1 rank=14 dev_used=19.35GB dev_free=46.09GB | proc_alloc=8.12GB proc_reserved=14.61GB
(WorkerDict pid=3882666) [DEBUG MEM] rollout-C  after_load_param(no_grad) | gstep=3 rollout=1 rank=10 dev_used=19.37GB dev_free=46.07GB | proc_alloc=8.12GB proc_reserved=14.61GB
(WorkerDict pid=3882666) [DEBUG MEM] rollout-D  after_resume(weights) | gstep=3 rollout=1 rank=10 dev_used=19.37GB dev_free=46.07GB | proc_alloc=8.12GB proc_reserved=14.61GB
(WorkerDict pid=3882662) [DEBUG MEM] rollout-C  after_load_param(no_grad) | gstep=3 rollout=1 rank=7 dev_used=19.29GB dev_free=46.15GB | proc_alloc=8.12GB proc_reserved=14.61GB
(WorkerDict pid=3882662) [DEBUG MEM] rollout-D  after_resume(weights) | gstep=3 rollout=1 rank=7 dev_used=19.29GB dev_free=46.15GB | proc_alloc=8.12GB proc_reserved=14.61GB
(WorkerDict pid=3882659) [DEBUG MEM] rollout-C  after_load_param(no_grad) | gstep=3 rollout=1 rank=4 dev_used=19.30GB dev_free=46.15GB | proc_alloc=8.12GB proc_reserved=14.61GB
(WorkerDict pid=3882659) [DEBUG MEM] rollout-D  after_resume(weights) | gstep=3 rollout=1 rank=4 dev_used=19.30GB dev_free=46.15GB | proc_alloc=8.12GB proc_reserved=14.61GB
(WorkerDict pid=3882663) [DEBUG MEM] rollout-C  after_load_param(no_grad) | gstep=3 rollout=1 rank=11 dev_used=19.35GB dev_free=46.09GB | proc_alloc=8.12GB proc_reserved=14.61GB
(WorkerDict pid=3882663) [DEBUG MEM] rollout-D  after_resume(weights) | gstep=3 rollout=1 rank=11 dev_used=19.35GB dev_free=46.09GB | proc_alloc=8.12GB proc_reserved=14.61GB
(WorkerDict pid=3882656) [DEBUG MEM] rollout-C  after_load_param(no_grad) | gstep=3 rollout=1 rank=1 dev_used=19.38GB dev_free=46.07GB | proc_alloc=8.12GB proc_reserved=14.61GB
(WorkerDict pid=3882656) [DEBUG MEM] rollout-D  after_resume(weights) | gstep=3 rollout=1 rank=1 dev_used=19.38GB dev_free=46.07GB | proc_alloc=8.12GB proc_reserved=14.61GB
(WorkerDict pid=3882670) [DEBUG MEM] rollout-C  after_load_param(no_grad) | gstep=3 rollout=1 rank=15 dev_used=19.41GB dev_free=46.04GB | proc_alloc=8.12GB proc_reserved=14.61GB
(WorkerDict pid=3882670) [DEBUG MEM] rollout-D  after_resume(weights) | gstep=3 rollout=1 rank=15 dev_used=19.41GB dev_free=46.04GB | proc_alloc=8.12GB proc_reserved=14.61GB
(WorkerDict pid=3882664) [DEBUG MEM] rollout-C  after_load_param(no_grad) | gstep=3 rollout=1 rank=8 dev_used=19.84GB dev_free=45.60GB | proc_alloc=8.12GB proc_reserved=14.61GB
(WorkerDict pid=3882668) [DEBUG MEM] rollout-C  after_load_param(no_grad) | gstep=3 rollout=1 rank=12 dev_used=19.35GB dev_free=46.09GB | proc_alloc=8.12GB proc_reserved=14.61GB
(WorkerDict pid=3882668) [DEBUG MEM] rollout-D  after_resume(weights) | gstep=3 rollout=1 rank=12 dev_used=19.35GB dev_free=46.09GB | proc_alloc=8.12GB proc_reserved=14.61GB
(WorkerDict pid=3882665) [DEBUG MEM] rollout-C  after_load_param(no_grad) | gstep=3 rollout=1 rank=9 dev_used=19.38GB dev_free=46.06GB | proc_alloc=8.12GB proc_reserved=14.61GB
(WorkerDict pid=3882665) [DEBUG MEM] rollout-D  after_resume(weights) | gstep=3 rollout=1 rank=9 dev_used=19.38GB dev_free=46.06GB | proc_alloc=8.12GB proc_reserved=14.61GB
(WorkerDict pid=3882661) [DEBUG MEM] rollout-C  after_load_param(no_grad) | gstep=3 rollout=1 rank=6 dev_used=19.33GB dev_free=46.12GB | proc_alloc=8.12GB proc_reserved=14.61GB
(WorkerDict pid=3882661) [DEBUG MEM] rollout-D  after_resume(weights) | gstep=3 rollout=1 rank=6 dev_used=19.33GB dev_free=46.12GB | proc_alloc=8.12GB proc_reserved=14.61GB
(WorkerDict pid=3882657) [DEBUG MEM] rollout-C  after_load_param(no_grad) | gstep=3 rollout=1 rank=2 dev_used=19.35GB dev_free=46.10GB | proc_alloc=8.12GB proc_reserved=14.61GB
(WorkerDict pid=3882657) [DEBUG MEM] rollout-D  after_resume(weights) | gstep=3 rollout=1 rank=2 dev_used=19.35GB dev_free=46.10GB | proc_alloc=8.12GB proc_reserved=14.61GB
(WorkerDict pid=3882667) [DEBUG MEM] rollout-C  after_load_param(no_grad) | gstep=3 rollout=1 rank=13 dev_used=19.35GB dev_free=46.09GB | proc_alloc=8.12GB proc_reserved=14.61GB
(WorkerDict pid=3882667) [DEBUG MEM] rollout-D  after_resume(weights) | gstep=3 rollout=1 rank=13 dev_used=19.35GB dev_free=46.09GB | proc_alloc=8.12GB proc_reserved=14.61GB
(vLLMHttpServer pid=3935112) (Worker_TP4 pid=3936059) >>>> vllm-ascend NPUWorker [WAKEUP]! 
(vLLMHttpServer pid=3935112) (Worker_TP4 pid=3936059) >>>> [1776045772.958] pid=3936059 rank=4 vllm-ascend NPUWorker [WAKEUP tags=['weights']] ENTER
(vLLMHttpServer pid=3935112) (Worker_TP1 pid=3936056) >>>> vllm-ascend NPUWorker [WAKEUP]! 
(vLLMHttpServer pid=3935112) (Worker_TP1 pid=3936056) >>>> [1776045772.958] pid=3936056 rank=1 vllm-ascend NPUWorker [WAKEUP tags=['weights']] ENTER
(vLLMHttpServer pid=3935112) (Worker_TP3 pid=3936058) >>>> vllm-ascend NPUWorker [WAKEUP]! 
(vLLMHttpServer pid=3935112) (Worker_TP3 pid=3936058) >>>> [1776045772.958] pid=3936058 rank=3 vllm-ascend NPUWorker [WAKEUP tags=['weights']] ENTER
(vLLMHttpServer pid=3935112) (Worker_TP0 pid=3936055) >>>> vllm-ascend NPUWorker [WAKEUP]! 
(vLLMHttpServer pid=3935112) (Worker_TP0 pid=3936055) >>>> [1776045772.958] pid=3936055 rank=0 vllm-ascend NPUWorker [WAKEUP tags=['weights']] ENTER
(vLLMHttpServer pid=3935112) (Worker_TP2 pid=3936057) >>>> vllm-ascend NPUWorker [WAKEUP]! 
(vLLMHttpServer pid=3935112) (Worker_TP2 pid=3936057) >>>> [1776045772.958] pid=3936057 rank=2 vllm-ascend NPUWorker [WAKEUP tags=['weights']] ENTER
(vLLMHttpServer pid=3935112) (Worker_TP7 pid=3936062) >>>> vllm-ascend NPUWorker [WAKEUP]! 
(vLLMHttpServer pid=3935112) (Worker_TP7 pid=3936062) >>>> [1776045772.958] pid=3936062 rank=7 vllm-ascend NPUWorker [WAKEUP tags=['weights']] ENTER
(vLLMHttpServer pid=3935112) (Worker_TP5 pid=3936060) >>>> vllm-ascend NPUWorker [WAKEUP]! 
(vLLMHttpServer pid=3935112) (Worker_TP5 pid=3936060) >>>> [1776045772.958] pid=3936060 rank=5 vllm-ascend NPUWorker [WAKEUP tags=['weights']] ENTER
(vLLMHttpServer pid=3935112) (Worker_TP6 pid=3936061) >>>> vllm-ascend NPUWorker [WAKEUP]! 
(vLLMHttpServer pid=3935112) (Worker_TP6 pid=3936061) >>>> [1776045772.958] pid=3936061 rank=6 vllm-ascend NPUWorker [WAKEUP tags=['weights']] ENTER
(WorkerDict pid=3882658) [DEBUG MEM] rollout-C  after_load_param(no_grad) | gstep=3 rollout=1 rank=3 dev_used=19.34GB dev_free=46.11GB | proc_alloc=8.12GB proc_reserved=14.61GB
(WorkerDict pid=3882658) [DEBUG MEM] rollout-D  after_resume(weights) | gstep=3 rollout=1 rank=3 dev_used=19.34GB dev_free=46.11GB | proc_alloc=8.12GB proc_reserved=14.61GB
(WorkerDict pid=3882655) [DEBUG MEM] rollout-C  after_load_param(no_grad) | gstep=3 rollout=1 rank=0 dev_used=13.45GB dev_free=52.00GB | proc_alloc=8.12GB proc_reserved=8.17GB
(WorkerDict pid=3882664) [DEBUG MEM] rollout-D  after_resume(weights) | gstep=3 rollout=1 rank=8 dev_used=28.11GB dev_free=37.34GB | proc_alloc=8.12GB proc_reserved=14.61GB
(vLLMHttpServer pid=3935112) (Worker_TP1 pid=3936056) >>>> [1776045772.958] pid=3936056 rank=1 vllm-ascend NPUWorker [WAKEUP] EXIT
(vLLMHttpServer pid=3935112) (Worker_TP5 pid=3936060) >>>> [1776045772.958] pid=3936060 rank=5 vllm-ascend NPUWorker [WAKEUP] EXIT
(vLLMHttpServer pid=3935112) (Worker_TP4 pid=3936059) >>>> [1776045772.958] pid=3936059 rank=4 vllm-ascend NPUWorker [WAKEUP] EXIT
(vLLMHttpServer pid=3935112) (Worker_TP2 pid=3936057) >>>> [1776045772.958] pid=3936057 rank=2 vllm-ascend NPUWorker [WAKEUP] EXIT
(vLLMHttpServer pid=3935112) (Worker_TP7 pid=3936062) >>>> [1776045772.958] pid=3936062 rank=7 vllm-ascend NPUWorker [WAKEUP] EXIT
(vLLMHttpServer pid=3935112) (Worker_TP6 pid=3936061) >>>> [1776045772.958] pid=3936061 rank=6 vllm-ascend NPUWorker [WAKEUP] EXIT
(vLLMHttpServer pid=3935112) (Worker_TP3 pid=3936058) >>>> [1776045772.958] pid=3936058 rank=3 vllm-ascend NPUWorker [WAKEUP] EXIT
(vLLMHttpServer pid=3935112) (Worker_TP0 pid=3936055) >>>> [1776045772.958] pid=3936055 rank=0 vllm-ascend NPUWorker [WAKEUP] EXIT
(WorkerDict pid=3882655) [DEBUG MEM] rollout-D  after_resume(weights) | gstep=3 rollout=1 rank=0 dev_used=21.71GB dev_free=43.73GB | proc_alloc=8.12GB proc_reserved=8.17GB
 (WorkerDict pid=3882669) [DEBUG MEM] rollout-E0 after_update_weights | gstep=3 rollout=1 rank=14 dev_used=31.82GB dev_free=33.62GB | proc_alloc=8.12GB proc_reserved=14.61GB
