(WorkerDict pid=3882655)   [LEAK?] shape=torch.Size([4080]) dtype=torch.int64 size=0.5MB
(WorkerDict pid=3882655)   [LEAK?] shape=torch.Size([4080]) dtype=torch.int64 size=0.5MB
(WorkerDict pid=3882655)   [LEAK?] shape=torch.Size([4080]) dtype=torch.int64 size=0.5MB
(WorkerDict pid=3882655)   [LEAK?] shape=torch.Size([4080]) dtype=torch.int64 size=0.5MB
(WorkerDict pid=3882655)   [LEAK?] shape=torch.Size([4080]) dtype=torch.int64 size=0.5MB
(WorkerDict pid=3882655)   [LEAK?] shape=torch.Size([4080]) dtype=torch.int64 size=0.5MB
(WorkerDict pid=3882655)   [LEAK?] shape=torch.Size([4080]) dtype=torch.int64 size=0.5MB
(WorkerDict pid=3882655)   [LEAK?] shape=torch.Size([4080]) dtype=torch.int64 size=0.5MB
(WorkerDict pid=3882655)   [LEAK?] shape=torch.Size([4080]) dtype=torch.int64 size=0.5MB
(WorkerDict pid=3882655)   [LEAK?] shape=torch.Size([4080]) dtype=torch.int64 size=0.5MB
(WorkerDict pid=3882655)   [LEAK?] shape=torch.Size([4080]) dtype=torch.int64 size=0.5MB
(WorkerDict pid=3882655)   [LEAK?] shape=torch.Size([4080]) dtype=torch.int64 size=0.5MB
(WorkerDict pid=3882655)   [LEAK?] shape=torch.Size([4080]) dtype=torch.int64 size=0.5MB
(WorkerDict pid=3882655)   [LEAK?] shape=torch.Size([4080]) dtype=torch.int64 size=0.5MB
(WorkerDict pid=3882660) [DEBUG MEM] rollout-A  enter | gstep=5 rollout=1 rank=5 dev_used=19.30GB dev_free=46.15GB | proc_alloc=0.06GB proc_reserved=14.59GB
(WorkerDict pid=3882669) [DEBUG MEM] rollout-A  enter | gstep=5 rollout=1 rank=14 dev_used=19.35GB dev_free=46.09GB | proc_alloc=0.06GB proc_reserved=14.59GB
(WorkerDict pid=3882664) [DEBUG MEM] rollout-A  enter | gstep=5 rollout=1 rank=8 dev_used=19.84GB dev_free=45.60GB | proc_alloc=0.06GB proc_reserved=14.59GB
(WorkerDict pid=3882666) [DEBUG MEM] rollout-A  enter | gstep=5 rollout=1 rank=10 dev_used=19.38GB dev_free=46.07GB | proc_alloc=0.06GB proc_reserved=14.59GB
(WorkerDict pid=3882662) [DEBUG MEM] rollout-A  enter | gstep=5 rollout=1 rank=7 dev_used=19.30GB dev_free=46.15GB | proc_alloc=0.06GB proc_reserved=14.59GB
(WorkerDict pid=3882668) [DEBUG MEM] rollout-A  enter | gstep=5 rollout=1 rank=12 dev_used=19.35GB dev_free=46.09GB | proc_alloc=0.06GB proc_reserved=14.59GB
(WorkerDict pid=3882659) [DEBUG MEM] rollout-A  enter | gstep=5 rollout=1 rank=4 dev_used=19.30GB dev_free=46.14GB | proc_alloc=0.06GB proc_reserved=14.59GB
(WorkerDict pid=3882658) [DEBUG MEM] rollout-A  enter | gstep=5 rollout=1 rank=3 dev_used=19.35GB dev_free=46.10GB | proc_alloc=0.06GB proc_reserved=14.59GB
(WorkerDict pid=3882663) [DEBUG MEM] rollout-A  enter | gstep=5 rollout=1 rank=11 dev_used=19.35GB dev_free=46.09GB | proc_alloc=0.06GB proc_reserved=14.59GB
(WorkerDict pid=3882665) [DEBUG MEM] rollout-A  enter | gstep=5 rollout=1 rank=9 dev_used=19.39GB dev_free=46.06GB | proc_alloc=0.06GB proc_reserved=14.59GB
(WorkerDict pid=3882656) [DEBUG MEM] rollout-A  enter | gstep=5 rollout=1 rank=1 dev_used=19.38GB dev_free=46.06GB | proc_alloc=0.06GB proc_reserved=14.59GB
(WorkerDict pid=3882661) [DEBUG MEM] rollout-A  enter | gstep=5 rollout=1 rank=6 dev_used=19.33GB dev_free=46.11GB | proc_alloc=0.06GB proc_reserved=14.59GB
(WorkerDict pid=3882655) [DEBUG MEM] actor-E  after_empty_cache | gstep=5 rollout=0 rank=0 dev_used=12.66GB dev_free=52.78GB | proc_alloc=0.06GB proc_reserved=7.36GB
(WorkerDict pid=3882655) [DEBUG MEM] rollout-A  enter | gstep=5 rollout=1 rank=0 dev_used=12.66GB dev_free=52.78GB | proc_alloc=0.06GB proc_reserved=7.36GB
(WorkerDict pid=3882670) [DEBUG MEM] rollout-A  enter | gstep=5 rollout=1 rank=15 dev_used=19.41GB dev_free=46.03GB | proc_alloc=0.06GB proc_reserved=14.59GB
(WorkerDict pid=3882657) [DEBUG MEM] rollout-A  enter | gstep=5 rollout=1 rank=2 dev_used=19.35GB dev_free=46.09GB | proc_alloc=0.06GB proc_reserved=14.59GB
(WorkerDict pid=3882667) [DEBUG MEM] rollout-A  enter | gstep=5 rollout=1 rank=13 dev_used=19.35GB dev_free=46.09GB | proc_alloc=0.06GB proc_reserved=14.59GB
(WorkerDict pid=3882660) [DEBUG MEM] rollout-B  after_empty_cache | gstep=5 rollout=1 rank=5 dev_used=19.30GB dev_free=46.15GB | proc_alloc=0.06GB proc_reserved=14.59GB
(WorkerDict pid=3882669) [DEBUG MEM] rollout-B  after_empty_cache | gstep=5 rollout=1 rank=14 dev_used=19.35GB dev_free=46.09GB | proc_alloc=0.06GB proc_reserved=14.59GB
(WorkerDict pid=3882664) [DEBUG MEM] rollout-B  after_empty_cache | gstep=5 rollout=1 rank=8 dev_used=19.84GB dev_free=45.60GB | proc_alloc=0.06GB proc_reserved=14.59GB
(WorkerDict pid=3882666) [DEBUG MEM] rollout-B  after_empty_cache | gstep=5 rollout=1 rank=10 dev_used=19.38GB dev_free=46.07GB | proc_alloc=0.06GB proc_reserved=14.59GB
(WorkerDict pid=3882662) [DEBUG MEM] rollout-B  after_empty_cache | gstep=5 rollout=1 rank=7 dev_used=19.30GB dev_free=46.15GB | proc_alloc=0.06GB proc_reserved=14.59GB
(WorkerDict pid=3882668) [DEBUG MEM] rollout-B  after_empty_cache | gstep=5 rollout=1 rank=12 dev_used=19.35GB dev_free=46.09GB | proc_alloc=0.06GB proc_reserved=14.59GB
(WorkerDict pid=3882658) [DEBUG MEM] rollout-B  after_empty_cache | gstep=5 rollout=1 rank=3 dev_used=19.35GB dev_free=46.10GB | proc_alloc=0.06GB proc_reserved=14.59GB
(WorkerDict pid=3882663) [DEBUG MEM] rollout-B  after_empty_cache | gstep=5 rollout=1 rank=11 dev_used=19.35GB dev_free=46.09GB | proc_alloc=0.06GB proc_reserved=14.59GB
(WorkerDict pid=3882656) [DEBUG MEM] rollout-B  after_empty_cache | gstep=5 rollout=1 rank=1 dev_used=19.38GB dev_free=46.06GB | proc_alloc=0.06GB proc_reserved=14.59GB
(WorkerDict pid=3882661) [DEBUG MEM] rollout-B  after_empty_cache | gstep=5 rollout=1 rank=6 dev_used=19.33GB dev_free=46.11GB | proc_alloc=0.06GB proc_reserved=14.59GB
(WorkerDict pid=3882655) [DEBUG MEM] rollout-B  after_empty_cache | gstep=5 rollout=1 rank=0 dev_used=12.66GB dev_free=52.78GB | proc_alloc=0.06GB proc_reserved=7.36GB
(WorkerDict pid=3882670) [DEBUG MEM] rollout-B  after_empty_cache | gstep=5 rollout=1 rank=15 dev_used=19.41GB dev_free=46.03GB | proc_alloc=0.06GB proc_reserved=14.59GB
(WorkerDict pid=3882657) [DEBUG MEM] rollout-B  after_empty_cache | gstep=5 rollout=1 rank=2 dev_used=19.35GB dev_free=46.09GB | proc_alloc=0.06GB proc_reserved=14.59GB
(WorkerDict pid=3882667) [DEBUG MEM] rollout-B  after_empty_cache | gstep=5 rollout=1 rank=13 dev_used=19.35GB dev_free=46.09GB | proc_alloc=0.06GB proc_reserved=14.59GB
(WorkerDict pid=3882659) [DEBUG MEM] rollout-B  after_empty_cache | gstep=5 rollout=1 rank=4 dev_used=19.30GB dev_free=46.14GB | proc_alloc=0.06GB proc_reserved=14.59GB
(WorkerDict pid=3882665) [DEBUG MEM] rollout-B  after_empty_cache | gstep=5 rollout=1 rank=9 dev_used=19.39GB dev_free=46.06GB | proc_alloc=0.06GB proc_reserved=14.59GB
(WorkerDict pid=3882660) [DEBUG MEM] rollout-C  after_load_param(no_grad) | gstep=5 rollout=1 rank=5 dev_used=19.30GB dev_free=46.15GB | proc_alloc=8.10GB proc_reserved=14.59GB
(WorkerDict pid=3882660) [DEBUG MEM] rollout-D  after_resume(weights) | gstep=5 rollout=1 rank=5 dev_used=19.30GB dev_free=46.15GB | proc_alloc=8.10GB proc_reserved=14.59GB
(WorkerDict pid=3882669) [DEBUG MEM] rollout-C  after_load_param(no_grad) | gstep=5 rollout=1 rank=14 dev_used=19.35GB dev_free=46.09GB | proc_alloc=8.10GB proc_reserved=14.59GB
(WorkerDict pid=3882669) [DEBUG MEM] rollout-D  after_resume(weights) | gstep=5 rollout=1 rank=14 dev_used=19.35GB dev_free=46.09GB | proc_alloc=8.10GB proc_reserved=14.59GB
(WorkerDict pid=3882666) [DEBUG MEM] rollout-C  after_load_param(no_grad) | gstep=5 rollout=1 rank=10 dev_used=19.38GB dev_free=46.07GB | proc_alloc=8.10GB proc_reserved=14.59GB
(WorkerDict pid=3882666) [DEBUG MEM] rollout-D  after_resume(weights) | gstep=5 rollout=1 rank=10 dev_used=19.38GB dev_free=46.07GB | proc_alloc=8.10GB proc_reserved=14.59GB
(WorkerDict pid=3882668) [DEBUG MEM] rollout-C  after_load_param(no_grad) | gstep=5 rollout=1 rank=12 dev_used=19.35GB dev_free=46.09GB | proc_alloc=8.10GB proc_reserved=14.59GB
(WorkerDict pid=3882668) [DEBUG MEM] rollout-D  after_resume(weights) | gstep=5 rollout=1 rank=12 dev_used=19.35GB dev_free=46.09GB | proc_alloc=8.10GB proc_reserved=14.59GB
(WorkerDict pid=3882659) [DEBUG MEM] rollout-C  after_load_param(no_grad) | gstep=5 rollout=1 rank=4 dev_used=19.30GB dev_free=46.14GB | proc_alloc=8.10GB proc_reserved=14.59GB
(WorkerDict pid=3882659) [DEBUG MEM] rollout-D  after_resume(weights) | gstep=5 rollout=1 rank=4 dev_used=19.30GB dev_free=46.14GB | proc_alloc=8.10GB proc_reserved=14.59GB
(WorkerDict pid=3882663) [DEBUG MEM] rollout-C  after_load_param(no_grad) | gstep=5 rollout=1 rank=11 dev_used=19.35GB dev_free=46.09GB | proc_alloc=8.10GB proc_reserved=14.59GB
(WorkerDict pid=3882663) [DEBUG MEM] rollout-D  after_resume(weights) | gstep=5 rollout=1 rank=11 dev_used=19.35GB dev_free=46.09GB | proc_alloc=8.10GB proc_reserved=14.59GB
(WorkerDict pid=3882661) [DEBUG MEM] rollout-C  after_load_param(no_grad) | gstep=5 rollout=1 rank=6 dev_used=19.33GB dev_free=46.11GB | proc_alloc=8.10GB proc_reserved=14.59GB
(WorkerDict pid=3882661) [DEBUG MEM] rollout-D  after_resume(weights) | gstep=5 rollout=1 rank=6 dev_used=19.33GB dev_free=46.11GB | proc_alloc=8.10GB proc_reserved=14.59GB
(WorkerDict pid=3882670) [DEBUG MEM] rollout-C  after_load_param(no_grad) | gstep=5 rollout=1 rank=15 dev_used=19.41GB dev_free=46.03GB | proc_alloc=8.10GB proc_reserved=14.59GB
(WorkerDict pid=3882670) [DEBUG MEM] rollout-D  after_resume(weights) | gstep=5 rollout=1 rank=15 dev_used=19.41GB dev_free=46.03GB | proc_alloc=8.10GB proc_reserved=14.59GB
(WorkerDict pid=3882657) [DEBUG MEM] rollout-C  after_load_param(no_grad) | gstep=5 rollout=1 rank=2 dev_used=19.35GB dev_free=46.09GB | proc_alloc=8.10GB proc_reserved=14.59GB
(WorkerDict pid=3882657) [DEBUG MEM] rollout-D  after_resume(weights) | gstep=5 rollout=1 rank=2 dev_used=19.35GB dev_free=46.09GB | proc_alloc=8.10GB proc_reserved=14.59GB
(WorkerDict pid=3882658) [DEBUG MEM] rollout-C  after_load_param(no_grad) | gstep=5 rollout=1 rank=3 dev_used=19.35GB dev_free=46.10GB | proc_alloc=8.10GB proc_reserved=14.59GB
(WorkerDict pid=3882658) [DEBUG MEM] rollout-D  after_resume(weights) | gstep=5 rollout=1 rank=3 dev_used=19.35GB dev_free=46.10GB | proc_alloc=8.10GB proc_reserved=14.59GB
(WorkerDict pid=3882664) [DEBUG MEM] rollout-C  after_load_param(no_grad) | gstep=5 rollout=1 rank=8 dev_used=19.84GB dev_free=45.60GB | proc_alloc=8.10GB proc_reserved=14.59GB
(WorkerDict pid=3882662) [DEBUG MEM] rollout-C  after_load_param(no_grad) | gstep=5 rollout=1 rank=7 dev_used=19.30GB dev_free=46.15GB | proc_alloc=8.10GB proc_reserved=14.59GB
(WorkerDict pid=3882662) [DEBUG MEM] rollout-D  after_resume(weights) | gstep=5 rollout=1 rank=7 dev_used=19.30GB dev_free=46.15GB | proc_alloc=8.10GB proc_reserved=14.59GB
(WorkerDict pid=3882665) [DEBUG MEM] rollout-C  after_load_param(no_grad) | gstep=5 rollout=1 rank=9 dev_used=20.35GB dev_free=45.10GB | proc_alloc=8.10GB proc_reserved=14.59GB
(WorkerDict pid=3882665) [DEBUG MEM] rollout-D  after_resume(weights) | gstep=5 rollout=1 rank=9 dev_used=20.55GB dev_free=44.89GB | proc_alloc=8.10GB proc_reserved=14.59GB
(WorkerDict pid=3882656) [DEBUG MEM] rollout-C  after_load_param(no_grad) | gstep=5 rollout=1 rank=1 dev_used=19.38GB dev_free=46.06GB | proc_alloc=8.10GB proc_reserved=14.59GB
(WorkerDict pid=3882656) [DEBUG MEM] rollout-D  after_resume(weights) | gstep=5 rollout=1 rank=1 dev_used=19.38GB dev_free=46.06GB | proc_alloc=8.10GB proc_reserved=14.59GB
(WorkerDict pid=3882667) [DEBUG MEM] rollout-C  after_load_param(no_grad) | gstep=5 rollout=1 rank=13 dev_used=21.34GB dev_free=44.10GB | proc_alloc=8.10GB proc_reserved=14.59GB
(WorkerDict pid=3882667) [DEBUG MEM] rollout-D  after_resume(weights) | gstep=5 rollout=1 rank=13 dev_used=21.76GB dev_free=43.69GB | proc_alloc=8.10GB proc_reserved=14.59GB
(vLLMHttpServer pid=3935112) (Worker_TP1 pid=3936056) >>>> vllm-ascend NPUWorker [WAKEUP]! 
(vLLMHttpServer pid=3935112) (Worker_TP1 pid=3936056) >>>> [1776045973.235] pid=3936056 rank=1 vllm-ascend NPUWorker [WAKEUP tags=['weights']] ENTER
(vLLMHttpServer pid=3935112) (Worker_TP2 pid=3936057) >>>> vllm-ascend NPUWorker [WAKEUP]! 
(vLLMHttpServer pid=3935112) (Worker_TP2 pid=3936057) >>>> [1776045973.235] pid=3936057 rank=2 vllm-ascend NPUWorker [WAKEUP tags=['weights']] ENTER
(vLLMHttpServer pid=3935112) (Worker_TP7 pid=3936062) >>>> vllm-ascend NPUWorker [WAKEUP]! 
(vLLMHttpServer pid=3935112) (Worker_TP7 pid=3936062) >>>> [1776045973.235] pid=3936062 rank=7 vllm-ascend NPUWorker [WAKEUP tags=['weights']] ENTER
(vLLMHttpServer pid=3935112) (Worker_TP4 pid=3936059) >>>> vllm-ascend NPUWorker [WAKEUP]! 
(vLLMHttpServer pid=3935112) (Worker_TP4 pid=3936059) >>>> [1776045973.235] pid=3936059 rank=4 vllm-ascend NPUWorker [WAKEUP tags=['weights']] ENTER
(vLLMHttpServer pid=3935112) (Worker_TP0 pid=3936055) >>>> vllm-ascend NPUWorker [WAKEUP]! 
(vLLMHttpServer pid=3935112) (Worker_TP0 pid=3936055) >>>> [1776045973.235] pid=3936055 rank=0 vllm-ascend NPUWorker [WAKEUP tags=['weights']] ENTER
(vLLMHttpServer pid=3935112) (Worker_TP5 pid=3936060) >>>> vllm-ascend NPUWorker [WAKEUP]! 
(vLLMHttpServer pid=3935112) (Worker_TP5 pid=3936060) >>>> [1776045973.235] pid=3936060 rank=5 vllm-ascend NPUWorker [WAKEUP tags=['weights']] ENTER
(vLLMHttpServer pid=3935112) (Worker_TP3 pid=3936058) >>>> vllm-ascend NPUWorker [WAKEUP]! 
(vLLMHttpServer pid=3935112) (Worker_TP3 pid=3936058) >>>> [1776045973.235] pid=3936058 rank=3 vllm-ascend NPUWorker [WAKEUP tags=['weights']] ENTER
(vLLMHttpServer pid=3935112) (Worker_TP6 pid=3936061) >>>> vllm-ascend NPUWorker [WAKEUP]! 
(vLLMHttpServer pid=3935112) (Worker_TP6 pid=3936061) >>>> [1776045973.235] pid=3936061 rank=6 vllm-ascend NPUWorker [WAKEUP tags=['weights']] ENTER
(WorkerDict pid=3882655) [DEBUG MEM] rollout-C  after_load_param(no_grad) | gstep=5 rollout=1 rank=0 dev_used=19.91GB dev_free=45.53GB | proc_alloc=8.10GB proc_reserved=14.61GB
(WorkerDict pid=3882664) [DEBUG MEM] rollout-D  after_resume(weights) | gstep=5 rollout=1 rank=8 dev_used=28.11GB dev_free=37.33GB | proc_alloc=8.10GB proc_reserved=14.59GB
(vLLMHttpServer pid=3935112) (Worker_TP0 pid=3936055) >>>> [1776045973.235] pid=3936055 rank=0 vllm-ascend NPUWorker [WAKEUP] EXIT
(vLLMHttpServer pid=3935112) (Worker_TP4 pid=3936059) >>>> [1776045973.235] pid=3936059 rank=4 vllm-ascend NPUWorker [WAKEUP] EXIT
(vLLMHttpServer pid=3935112) (Worker_TP2 pid=3936057) >>>> [1776045973.235] pid=3936057 rank=2 vllm-ascend NPUWorker [WAKEUP] EXIT
(vLLMHttpServer pid=3935112) (Worker_TP1 pid=3936056) >>>> [1776045973.235] pid=3936056 rank=1 vllm-ascend NPUWorker [WAKEUP] EXIT
(vLLMHttpServer pid=3935112) (Worker_TP3 pid=3936058) >>>> [1776045973.235] pid=3936058 rank=3 vllm-ascend NPUWorker [WAKEUP] EXIT
(vLLMHttpServer pid=3935112) (Worker_TP6 pid=3936061) >>>> [1776045973.235] pid=3936061 rank=6 vllm-ascend NPUWorker [WAKEUP] EXIT
(vLLMHttpServer pid=3935112) (Worker_TP7 pid=3936062) >>>> [1776045973.235] pid=3936062 rank=7 vllm-ascend NPUWorker [WAKEUP] EXIT
(vLLMHttpServer pid=3935112) (Worker_TP5 pid=3936060) >>>> [1776045973.235] pid=3936060 rank=5 vllm-ascend NPUWorker [WAKEUP] EXIT
(WorkerDict pid=3882655) [DEBUG MEM] rollout-D  after_resume(weights) | gstep=5 rollout=1 rank=0 dev_used=28.18GB dev_free=37.26GB | proc_alloc=8.10GB proc_reserved=14.61GB
(WorkerDict pid=3882669) [DEBUG MEM] rollout-E0 after_update_weights | gstep=5 rollout=1 rank=14 dev_used=31.83GB dev_free=33.62GB | proc_alloc=8.10GB proc_reserved=14.59GB
(vLLMHttpServer pid=3935113) (Worker_TP5 pid=3936109) >>>> vllm-ascend NPUWorker [WAKEUP]!  [repeated 8x across cluster]
(vLLMHttpServer pid=3935113) (Worker_TP5 pid=3936109) >>>> [1776045973.377] pid=3936109 rank=5 vllm-ascend NPUWorker [WAKEUP tags=['weights']] ENTER [repeated 8x across cluster]
(vLLMHttpServer pid=3935113) (Worker_TP2 pid=3936105) >>>> [1776045973.377] pid=3936105 rank=2 vllm-ascend NPUWorker [WAKEUP] EXIT [repeated 8x across cluster]
(WorkerDict pid=3882668) [DEBUG MEM] rollout-E0 after_update_weights | gstep=5 rollout=1 rank=12 dev_used=31.83GB dev_free=33.62GB | proc_alloc=8.10GB proc_reserved=14.59GB
(WorkerDict pid=3882665) [DEBUG MEM] rollout-E0 after_update_weights | gstep=5 rollout=1 rank=9 dev_used=31.86GB dev_free=33.58GB | proc_alloc=8.10GB proc_reserved=14.59GB
(WorkerDict pid=3882670) [DEBUG MEM] rollout-E0 after_update_weights | gstep=5 rollout=1 rank=15 dev_used=31.88GB dev_free=33.56GB | proc_alloc=8.10GB proc_reserved=14.59GB
(WorkerDict pid=3882667) [DEBUG MEM] rollout-E0 after_update_weights | gstep=5 rollout=1 rank=13 dev_used=31.83GB dev_free=33.62GB | proc_alloc=8.10GB proc_reserved=14.59GB
(WorkerDict pid=3882666) [DEBUG MEM] rollout-E0 after_update_weights | gstep=5 rollout=1 rank=10 dev_used=31.85GB dev_free=33.59GB | proc_alloc=8.10GB proc_reserved=14.59GB
(WorkerDict pid=3882663) [DEBUG MEM] rollout-E0 after_update_weights | gstep=5 rollout=1 rank=11 dev_used=31.83GB dev_free=33.62GB | proc_alloc=8.10GB proc_reserved=14.59GB
(WorkerDict pid=3882664) [DEBUG MEM] rollout-E0 after_update_weights | gstep=5 rollout=1 rank=8 dev_used=28.02GB dev_free=37.43GB | proc_alloc=8.10GB proc_reserved=14.59GB
(WorkerDict pid=3882660) [DEBUG MEM] rollout-E0 after_update_weights | gstep=5 rollout=1 rank=5 dev_used=31.77GB dev_free=33.67GB | proc_alloc=8.10GB proc_reserved=14.59GB
(WorkerDict pid=3882656) [DEBUG MEM] rollout-E0 after_update_weights | gstep=5 rollout=1 rank=1 dev_used=31.86GB dev_free=33.59GB | proc_alloc=8.10GB proc_reserved=14.59GB
(WorkerDict pid=3882661) [DEBUG MEM] rollout-E0 after_update_weights | gstep=5 rollout=1 rank=6 dev_used=31.81GB dev_free=33.64GB | proc_alloc=8.10GB proc_reserved=14.59GB
(WorkerDict pid=3882662) [DEBUG MEM] rollout-E0 after_update_weights | gstep=5 rollout=1 rank=7 dev_used=31.77GB dev_free=33.67GB | proc_alloc=8.10GB proc_reserved=14.59GB
(WorkerDict pid=3882659) [DEBUG MEM] rollout-E0 after_update_weights | gstep=5 rollout=1 rank=4 dev_used=31.78GB dev_free=33.67GB | proc_alloc=8.10GB proc_reserved=14.59GB
(WorkerDict pid=3882658) [DEBUG MEM] rollout-E0 after_update_weights | gstep=5 rollout=1 rank=3 dev_used=31.82GB dev_free=33.62GB | proc_alloc=8.10GB proc_reserved=14.59GB
(WorkerDict pid=3882657) [DEBUG MEM] rollout-E0 after_update_weights | gstep=5 rollout=1 rank=2 dev_used=31.83GB dev_free=33.62GB | proc_alloc=8.10GB proc_reserved=14.59GB
(WorkerDict pid=3882655) [DEBUG MEM] rollout-E0 after_update_weights | gstep=5 rollout=1 rank=0 dev_used=28.09GB dev_free=37.36GB | proc_alloc=8.10GB proc_reserved=14.61GB
(WorkerDict pid=3882669) [DEBUG MEM] rollout-E  after_offload_param | gstep=5 rollout=1 rank=14 dev_used=27.52GB dev_free=37.92GB | proc_alloc=0.06GB proc_reserved=14.59GB
(WorkerDict pid=3882668) [DEBUG MEM] rollout-E  after_offload_param | gstep=5 rollout=1 rank=12 dev_used=27.53GB dev_free=37.92GB | proc_alloc=0.06GB proc_reserved=14.59GB
(WorkerDict pid=3882666) [DEBUG MEM] rollout-E  after_offload_param | gstep=5 rollout=1 rank=10 dev_used=27.55GB dev_free=37.89GB | proc_alloc=0.06GB proc_reserved=14.59GB
(WorkerDict pid=3882663) [DEBUG MEM] rollout-E  after_offload_param | gstep=5 rollout=1 rank=11 dev_used=27.52GB dev_free=37.92GB | proc_alloc=0.06GB proc_reserved=14.59GB
(WorkerDict pid=3882665) [DEBUG MEM] rollout-E  after_offload_param | gstep=5 rollout=1 rank=9 dev_used=27.56GB dev_free=37.89GB | proc_alloc=0.06GB proc_reserved=14.59GB
(WorkerDict pid=3882669) [DEBUG MEM] rollout-F  after_empty_cache2 | gstep=5 rollout=1 rank=14 dev_used=27.52GB dev_free=37.92GB | proc_alloc=0.06GB proc_reserved=14.59GB
(WorkerDict pid=3882669) [DEBUG MEM] rollout-G  after_resume(kv_cache) | gstep=5 rollout=1 rank=14 dev_used=27.52GB dev_free=37.92GB | proc_alloc=0.06GB proc_reserved=14.59GB
(WorkerDict pid=3882670) [DEBUG MEM] rollout-E  after_offload_param | gstep=5 rollout=1 rank=15 dev_used=27.58GB dev_free=37.86GB | proc_alloc=0.06GB proc_reserved=14.59GB
(WorkerDict pid=3882667) [DEBUG MEM] rollout-E  after_offload_param | gstep=5 rollout=1 rank=13 dev_used=27.53GB dev_free=37.92GB | proc_alloc=0.06GB proc_reserved=14.59GB
(WorkerDict pid=3882664) [DEBUG MEM] rollout-E  after_offload_param | gstep=5 rollout=1 rank=8 dev_used=28.02GB dev_free=37.43GB | proc_alloc=0.06GB proc_reserved=14.59GB
(WorkerDict pid=3882668) [DEBUG MEM] rollout-F  after_empty_cache2 | gstep=5 rollout=1 rank=12 dev_used=27.53GB dev_free=37.92GB | proc_alloc=0.06GB proc_reserved=14.59GB
(WorkerDict pid=3882668) [DEBUG MEM] rollout-G  after_resume(kv_cache) | gstep=5 rollout=1 rank=12 dev_used=27.53GB dev_free=37.92GB | proc_alloc=0.06GB proc_reserved=14.59GB
(WorkerDict pid=3882661) [DEBUG MEM] rollout-E  after_offload_param | gstep=5 rollout=1 rank=6 dev_used=27.51GB dev_free=37.94GB | proc_alloc=0.06GB proc_reserved=14.59GB
(WorkerDict pid=3882666) [DEBUG MEM] rollout-F  after_empty_cache2 | gstep=5 rollout=1 rank=10 dev_used=27.55GB dev_free=37.89GB | proc_alloc=0.06GB proc_reserved=14.59GB
(WorkerDict pid=3882666) [DEBUG MEM] rollout-G  after_resume(kv_cache) | gstep=5 rollout=1 rank=10 dev_used=27.55GB dev_free=37.89GB | proc_alloc=0.06GB proc_reserved=14.59GB
(WorkerDict pid=3882663) [DEBUG MEM] rollout-F  after_empty_cache2 | gstep=5 rollout=1 rank=11 dev_used=27.52GB dev_free=37.92GB | proc_alloc=0.06GB proc_reserved=14.59GB
(WorkerDict pid=3882663) [DEBUG MEM] rollout-G  after_resume(kv_cache) | gstep=5 rollout=1 rank=11 dev_used=27.52GB dev_free=37.92GB | proc_alloc=0.06GB proc_reserved=14.59GB
(WorkerDict pid=3882665) [DEBUG MEM] rollout-F  after_empty_cache2 | gstep=5 rollout=1 rank=9 dev_used=27.56GB dev_free=37.89GB | proc_alloc=0.06GB proc_reserved=14.59GB
(WorkerDict pid=3882665) [DEBUG MEM] rollout-G  after_resume(kv_cache) | gstep=5 rollout=1 rank=9 dev_used=27.56GB dev_free=37.89GB | proc_alloc=0.06GB proc_reserved=14.59GB
(WorkerDict pid=3882660) [DEBUG MEM] rollout-E  after_offload_param | gstep=5 rollout=1 rank=5 dev_used=27.47GB dev_free=37.97GB | proc_alloc=0.06GB proc_reserved=14.59GB
(WorkerDict pid=3882670) [DEBUG MEM] rollout-F  after_empty_cache2 | gstep=5 rollout=1 rank=15 dev_used=27.58GB dev_free=37.86GB | proc_alloc=0.06GB proc_reserved=14.59GB
(WorkerDict pid=3882664) [DEBUG MEM] rollout-F  after_empty_cache2 | gstep=5 rollout=1 rank=8 dev_used=28.02GB dev_free=37.43GB | proc_alloc=0.06GB proc_reserved=14.59GB
(WorkerDict pid=3882670) [DEBUG MEM] rollout-G  after_resume(kv_cache) | gstep=5 rollout=1 rank=15 dev_used=27.58GB dev_free=37.86GB | proc_alloc=0.06GB proc_reserved=14.59GB
(WorkerDict pid=3882667) [DEBUG MEM] rollout-F  after_empty_cache2 | gstep=5 rollout=1 rank=13 dev_used=27.53GB dev_free=37.92GB | proc_alloc=0.06GB proc_reserved=14.59GB
(WorkerDict pid=3882667) [DEBUG MEM] rollout-G  after_resume(kv_cache) | gstep=5 rollout=1 rank=13 dev_used=27.53GB dev_free=37.92GB | proc_alloc=0.06GB proc_reserved=14.59GB
(vLLMHttpServer pid=3935112) (Worker_TP0 pid=3936055) >>>> vllm-ascend NPUWorker [WAKEUP]! 
(vLLMHttpServer pid=3935112) (Worker_TP0 pid=3936055) >>>> [1776045991.577] pid=3936055 rank=0 vllm-ascend NPUWorker [WAKEUP tags=['kv_cache']] ENTER
(vLLMHttpServer pid=3935112) (Worker_TP4 pid=3936059) >>>> vllm-ascend NPUWorker [WAKEUP]! 
(vLLMHttpServer pid=3935112) (Worker_TP4 pid=3936059) >>>> [1776045991.577] pid=3936059 rank=4 vllm-ascend NPUWorker [WAKEUP tags=['kv_cache']] ENTER
(vLLMHttpServer pid=3935112) (Worker_TP3 pid=3936058) >>>> vllm-ascend NPUWorker [WAKEUP]! 
(vLLMHttpServer pid=3935112) (Worker_TP3 pid=3936058) >>>> [1776045991.577] pid=3936058 rank=3 vllm-ascend NPUWorker [WAKEUP tags=['kv_cache']] ENTER
(vLLMHttpServer pid=3935112) (Worker_TP7 pid=3936062) >>>> vllm-ascend NPUWorker [WAKEUP]! 
(vLLMHttpServer pid=3935112) (Worker_TP7 pid=3936062) >>>> [1776045991.577] pid=3936062 rank=7 vllm-ascend NPUWorker [WAKEUP tags=['kv_cache']] ENTER
(vLLMHttpServer pid=3935112) (Worker_TP1 pid=3936056) >>>> vllm-ascend NPUWorker [WAKEUP]! 
(vLLMHttpServer pid=3935112) (Worker_TP1 pid=3936056) >>>> [1776045991.577] pid=3936056 rank=1 vllm-ascend NPUWorker [WAKEUP tags=['kv_cache']] ENTER
(vLLMHttpServer pid=3935112) (Worker_TP2 pid=3936057) >>>> vllm-ascend NPUWorker [WAKEUP]! 
(vLLMHttpServer pid=3935112) (Worker_TP2 pid=3936057) >>>> [1776045991.577] pid=3936057 rank=2 vllm-ascend NPUWorker [WAKEUP tags=['kv_cache']] ENTER
(vLLMHttpServer pid=3935112) (Worker_TP5 pid=3936060) >>>> vllm-ascend NPUWorker [WAKEUP]! 
(vLLMHttpServer pid=3935112) (Worker_TP5 pid=3936060) >>>> [1776045991.577] pid=3936060 rank=5 vllm-ascend NPUWorker [WAKEUP tags=['kv_cache']] ENTER
(vLLMHttpServer pid=3935112) (Worker_TP6 pid=3936061) >>>> vllm-ascend NPUWorker [WAKEUP]! 
(vLLMHttpServer pid=3935112) (Worker_TP6 pid=3936061) >>>> [1776045991.578] pid=3936061 rank=6 vllm-ascend NPUWorker [WAKEUP tags=['kv_cache']] ENTER
(WorkerDict pid=3882659) [DEBUG MEM] rollout-E  after_offload_param | gstep=5 rollout=1 rank=4 dev_used=27.47GB dev_free=37.97GB | proc_alloc=0.06GB proc_reserved=14.59GB
(WorkerDict pid=3882656) [DEBUG MEM] rollout-E  after_offload_param | gstep=5 rollout=1 rank=1 dev_used=27.55GB dev_free=37.89GB | proc_alloc=0.06GB proc_reserved=14.59GB
(WorkerDict pid=3882661) [DEBUG MEM] rollout-F  after_empty_cache2 | gstep=5 rollout=1 rank=6 dev_used=27.51GB dev_free=37.94GB | proc_alloc=0.06GB proc_reserved=14.59GB
(WorkerDict pid=3882661) [DEBUG MEM] rollout-G  after_resume(kv_cache) | gstep=5 rollout=1 rank=6 dev_used=27.51GB dev_free=37.94GB | proc_alloc=0.06GB proc_reserved=14.59GB
(WorkerDict pid=3882658) [DEBUG MEM] rollout-E  after_offload_param | gstep=5 rollout=1 rank=3 dev_used=27.52GB dev_free=37.92GB | proc_alloc=0.06GB proc_reserved=14.59GB
(WorkerDict pid=3882660) [DEBUG MEM] rollout-F  after_empty_cache2 | gstep=5 rollout=1 rank=5 dev_used=27.47GB dev_free=37.97GB | proc_alloc=0.06GB proc_reserved=14.59GB
(WorkerDict pid=3882660) [DEBUG MEM] rollout-G  after_resume(kv_cache) | gstep=5 rollout=1 rank=5 dev_used=27.47GB dev_free=37.97GB | proc_alloc=0.06GB proc_reserved=14.59GB
(WorkerDict pid=3882662) [DEBUG MEM] rollout-E  after_offload_param | gstep=5 rollout=1 rank=7 dev_used=27.47GB dev_free=37.97GB | proc_alloc=0.06GB proc_reserved=14.59GB
(WorkerDict pid=3882657) [DEBUG MEM] rollout-E  after_offload_param | gstep=5 rollout=1 rank=2 dev_used=27.52GB dev_free=37.92GB | proc_alloc=0.06GB proc_reserved=14.59GB
(WorkerDict pid=3882659) [DEBUG MEM] rollout-F  after_empty_cache2 | gstep=5 rollout=1 rank=4 dev_used=27.47GB dev_free=37.97GB | proc_alloc=0.06GB proc_reserved=14.59GB
(WorkerDict pid=3882659) [DEBUG MEM] rollout-G  after_resume(kv_cache) | gstep=5 rollout=1 rank=4 dev_used=27.47GB dev_free=37.97GB | proc_alloc=0.06GB proc_reserved=14.59GB
(WorkerDict pid=3882656) [DEBUG MEM] rollout-F  after_empty_cache2 | gstep=5 rollout=1 rank=1 dev_used=27.55GB dev_free=37.89GB | proc_alloc=0.06GB proc_reserved=14.59GB
(WorkerDict pid=3882656) [DEBUG MEM] rollout-G  after_resume(kv_cache) | gstep=5 rollout=1 rank=1 dev_used=27.55GB dev_free=37.89GB | proc_alloc=0.06GB proc_reserved=14.59GB
(WorkerDict pid=3882658) [DEBUG MEM] rollout-F  after_empty_cache2 | gstep=5 rollout=1 rank=3 dev_used=27.52GB dev_free=37.92GB | proc_alloc=0.06GB proc_reserved=14.59GB
(WorkerDict pid=3882658) [DEBUG MEM] rollout-G  after_resume(kv_cache) | gstep=5 rollout=1 rank=3 dev_used=27.52GB dev_free=37.92GB | proc_alloc=0.06GB proc_reserved=14.59GB
(WorkerDict pid=3882662) [DEBUG MEM] rollout-F  after_empty_cache2 | gstep=5 rollout=1 rank=7 dev_used=27.47GB dev_free=37.97GB | proc_alloc=0.06GB proc_reserved=14.59GB
(WorkerDict pid=3882662) [DEBUG MEM] rollout-G  after_resume(kv_cache) | gstep=5 rollout=1 rank=7 dev_used=27.47GB dev_free=37.97GB | proc_alloc=0.06GB proc_reserved=14.59GB
(WorkerDict pid=3882657) [DEBUG MEM] rollout-F  after_empty_cache2 | gstep=5 rollout=1 rank=2 dev_used=27.52GB dev_free=37.92GB | proc_alloc=0.06GB proc_reserved=14.59GB
(WorkerDict pid=3882657) [DEBUG MEM] rollout-G  after_resume(kv_cache) | gstep=5 rollout=1 rank=2 dev_used=27.52GB dev_free=37.92GB | proc_alloc=0.06GB proc_reserved=14.59GB
(WorkerDict pid=3882664) [DEBUG MEM] rollout-G  after_resume(kv_cache) | gstep=5 rollout=1 rank=8 dev_used=62.45GB dev_free=2.99GB | proc_alloc=0.06GB proc_reserved=14.59GB
(WorkerDict pid=3882655) [DEBUG MEM] rollout-E  after_offload_param | gstep=5 rollout=1 rank=0 dev_used=20.84GB dev_free=44.61GB | proc_alloc=0.06GB proc_reserved=7.36GB
(vLLMHttpServer pid=3935112) (Worker_TP0 pid=3936055) >>>> [1776045991.577] pid=3936055 rank=0 vllm-ascend NPUWorker [WAKEUP] EXIT
(vLLMHttpServer pid=3935112) (Worker_TP1 pid=3936056) >>>> [1776045991.577] pid=3936056 rank=1 vllm-ascend NPUWorker [WAKEUP] EXIT
(vLLMHttpServer pid=3935112) (Worker_TP6 pid=3936061) >>>> [1776045991.578] pid=3936061 rank=6 vllm-ascend NPUWorker [WAKEUP] EXIT
(vLLMHttpServer pid=3935112) (Worker_TP5 pid=3936060) >>>> [1776045991.577] pid=3936060 rank=5 vllm-ascend NPUWorker [WAKEUP] EXIT
(vLLMHttpServer pid=3935112) (Worker_TP7 pid=3936062) >>>> [1776045991.577] pid=3936062 rank=7 vllm-ascend NPUWorker [WAKEUP] EXIT
(vLLMHttpServer pid=3935112) (Worker_TP2 pid=3936057) >>>> [1776045991.577] pid=3936057 rank=2 vllm-ascend NPUWorker [WAKEUP] EXIT
(vLLMHttpServer pid=3935112) (Worker_TP4 pid=3936059) >>>> [1776045991.577] pid=3936059 rank=4 vllm-ascend NPUWorker [WAKEUP] EXIT
(vLLMHttpServer pid=3935112) (Worker_TP3 pid=3936058) >>>> [1776045991.577] pid=3936058 rank=3 vllm-ascend NPUWorker [WAKEUP] EXIT
(WorkerDict pid=3882655) [DEBUG MEM] rollout-F  after_empty_cache2 | gstep=5 rollout=1 rank=0 dev_used=20.84GB dev_free=44.61GB | proc_alloc=0.06GB proc_reserved=7.36GB
(TaskRunner pid=3881298) step:5 - traj/steps_mean:np.float64(2.0) - traj/steps_min:np.int64(2) - traj/steps_max:np.int64(2) - traj/env_time_mean:np.float64(0.2783779501914978) - traj/env_time_min:np.float64(0.26887035369873047) - traj/env_time_max:np.float64(0.2879486083984375) - traj/llm_time_mean:np.float64(37.639369547367096) - traj/llm_time_min:np.float64(17.66621232032776) - traj/llm_time_max:np.float64(71.85225105285645) - traj/total_time_mean:np.float64(37.917747497558594) - traj/total_time_min:np.float64(17.954160928726196) - traj/total_time_max:np.float64(72.12112140655518) - traj/token_mismatch_mean:np.float64(0.0) - traj/token_mismatch_min:np.float64(0.0) - traj/token_mismatch_max:np.float64(0.0) - batch/solve_none:1 - batch/solve_all:1 - batch/solve_partial:0 - actor/entropy:0.1358792930841446 - global_seqlen/min:32476 - global_seqlen/max:32476 - global_seqlen/minmax_diff:0 - global_seqlen/balanced_min:32476 - global_seqlen/balanced_max:32476 - global_seqlen/mean:32476.0 - perf/mfu/actor:np.float64(58426.16484263824) - perf/max_memory_allocated_gb:np.float64(29.220693111419678) - perf/max_memory_reserved_gb:np.float64(31.865234375) - perf/cpu_memory_used_gb:np.float64(871.6569786071777) - actor/lr:np.float64(1e-06) - critic/score/mean:0.5 - critic/score/max:1.0 - critic/score/min:0.0 - critic/rewards/mean:0.5 - critic/rewards/max:1.0 - critic/rewards/min:0.0 - critic/advantages/mean:0.0 - critic/advantages/max:0.0 - critic/advantages/min:0.0 - critic/returns/mean:0.0 - critic/returns/max:0.0 - critic/returns/min:0.0 - response_length/mean:1654.75 - response_length/max:3539.0 - response_length/min:687.0 - response_length/clip_ratio:0.0 - response_length_non_aborted/mean:1654.75 - response_length_non_aborted/max:3539.0 - response_length_non_aborted/min:687.0 - response_length_non_aborted/clip_ratio:0.0 - response/aborted_ratio:0.0 - prompt_length/mean:375.0 - prompt_length/max:424.0 - prompt_length/min:326.0 - prompt_length/clip_ratio:0.0 - timing_s/collect_trajectory:72.13287431094795 - timing_s/transform_trajectory:0.05116157000884414 - timing_s/old_log_prob:7.6509401589864865 - timing_s/adv:7.652898587984964 - timing_s/update_actor:7.989729038905352 - timing_s/update_weights:21.773637689999305 - timing_s/step:113.56837520503905 - timing_per_token_ms/update_actor:0.24601949251463703 - timing_per_token_ms/adv:0.235647819558596
(WorkerDict pid=3882655) [DEBUG MEM] rollout-G  after_resume(kv_cache) | gstep=5 rollout=1 rank=0 dev_used=55.46GB dev_free=9.98GB | proc_alloc=0.06GB proc_reserved=7.36GB
(TaskRunner pid=3881298) Trajectory 0 completed due to: ENV_DONE. Reward is 0.0. 
(TaskRunner pid=3881298) 
(TaskRunner pid=3881298) Number of Trajectories 1/4 completed
(vLLMHttpServer pid=3935113) (Worker_TP3 pid=3936106) >>>> vllm-ascend NPUWorker [WAKEUP]!  [repeated 8x across cluster]
(vLLMHttpServer pid=3935113) (Worker_TP3 pid=3936106) >>>> [1776045992.956] pid=3936106 rank=3 vllm-ascend NPUWorker [WAKEUP tags=['kv_cache']] ENTER [repeated 8x across cluster]
(vLLMHttpServer pid=3935113) (Worker_TP1 pid=3936104) >>>> [1776045992.956] pid=3936104 rank=1 vllm-ascend NPUWorker [WAKEUP] EXIT [repeated 8x across cluster]
(TaskRunner pid=3881298) Trajectory 1 completed due to: ENV_DONE. Reward is 0.0. 
(TaskRunner pid=3881298) 
(TaskRunner pid=3881298) Number of Trajectories 2/4 completed